Component: Arm Compiler for Embedded 6.19 Tool: armlink [5e73cb00]

==============================================================================

Section Cross References

    main.o(.text.main) refers to stm32f4xx_hal.o(.text.HAL_Init) for HAL_Init
    main.o(.text.main) refers to stm32f4xx_hal_rcc.o(.text.HAL_RCC_OscConfig) for HAL_RCC_OscConfig
    main.o(.text.main) refers to stm32f429i_discovery.o(.text.BSP_LED_On) for BSP_LED_On
    main.o(.text.main) refers to stm32f4xx_hal_pwr_ex.o(.text.HAL_PWREx_EnableOverDrive) for HAL_PWREx_EnableOverDrive
    main.o(.text.main) refers to stm32f4xx_hal_rcc.o(.text.HAL_RCC_ClockConfig) for HAL_RCC_ClockConfig
    main.o(.text.main) refers to stm32f4xx_hal.o(.text.HAL_InitTick) for HAL_InitTick
    main.o(.text.main) refers to stm32f429i_discovery.o(.text.BSP_LED_Init) for BSP_LED_Init
    main.o(.text.main) refers to stm32f429i_discovery.o(.text.BSP_PB_Init) for BSP_PB_Init
    main.o(.text.main) refers to main.o(.text.TIM3_PWM_Config) for TIM3_PWM_Config
    main.o(.text.main) refers to main.o(.text.ExtBtn1_Config) for ExtBtn1_Config
    main.o(.text.main) refers to main.o(.text.ExtBtn2_Config) for ExtBtn2_Config
    main.o(.text.main) refers to main.o(.text.ADC_Config) for ADC_Config
    main.o(.text.main) refers to stm32f429i_discovery_lcd.o(.text.BSP_LCD_Init) for BSP_LCD_Init
    main.o(.text.main) refers to stm32f429i_discovery_lcd.o(.text.BSP_LCD_LayerDefaultInit) for BSP_LCD_LayerDefaultInit
    main.o(.text.main) refers to stm32f429i_discovery_lcd.o(.text.BSP_LCD_SelectLayer) for BSP_LCD_SelectLayer
    main.o(.text.main) refers to stm32f429i_discovery_lcd.o(.text.BSP_LCD_SetLayerVisible) for BSP_LCD_SetLayerVisible
    main.o(.text.main) refers to stm32f429i_discovery_lcd.o(.text.BSP_LCD_Clear) for BSP_LCD_Clear
    main.o(.text.main) refers to stm32f429i_discovery_lcd.o(.text.BSP_LCD_DisplayOn) for BSP_LCD_DisplayOn
    main.o(.text.main) refers to stm32f429i_discovery_lcd.o(.data.Font20) for Font20
    main.o(.text.main) refers to stm32f429i_discovery_lcd.o(.text.BSP_LCD_SetFont) for BSP_LCD_SetFont
    main.o(.text.main) refers to main.o(.text.LCD_DisplayString) for LCD_DisplayString
    main.o(.text.main) refers to main.o(.data.setPoint) for setPoint
    main.o(.text.main) refers to d2f.o(.text) for __aeabi_d2f
    main.o(.text.main) refers to main.o(.text.LCD_DisplayFloat) for LCD_DisplayFloat
    main.o(.text.main) refers to main.o(.bss.AdcHandle) for AdcHandle
    main.o(.text.main) refers to main.o(.bss.initTemp) for initTemp
    main.o(.text.main) refers to main.o(.bss.measuredTemp) for measuredTemp
    main.o(.text.main) refers to main.o(.bss.temp_diff) for temp_diff
    main.o(.text.main) refers to main.o(.bss.Tim3_Handle) for Tim3_Handle
    main.o(.text.main) refers to stm32f4xx_hal_adc.o(.text.HAL_ADC_PollForConversion) for HAL_ADC_PollForConversion
    main.o(.text.main) refers to stm32f4xx_hal_adc.o(.text.HAL_ADC_GetValue) for HAL_ADC_GetValue
    main.o(.text.main) refers to dfltui.o(.text) for __aeabi_ui2d
    main.o(.text.main) refers to main.o(.data.ADC3ConvertedValue) for ADC3ConvertedValue
    main.o(.text.main) refers to dmul.o(.text) for __aeabi_dmul
    main.o(.text.main) refers to dadd.o(.text) for __aeabi_dsub
    main.o(.text.main) refers to dcmple.o(.text) for __aeabi_dcmple
    main.o(.text.main) refers to stm32f4xx_hal_tim.o(.text.HAL_TIM_PWM_Start) for HAL_TIM_PWM_Start
    main.o(.text.main) refers to main.o(.data.TIM3_CCR2_Val) for TIM3_CCR2_Val
    main.o(.text.main) refers to stm32f4xx_hal_tim.o(.text.HAL_TIM_PWM_Stop) for HAL_TIM_PWM_Stop
    main.o(.text.main) refers to stm32f4xx_hal.o(.text.HAL_Delay) for HAL_Delay
    main.o(.ARM.exidx.text.main) refers to main.o(.text.main) for [Anonymous Symbol]
    main.o(.text.LEDs_Config) refers to stm32f429i_discovery.o(.text.BSP_LED_Init) for BSP_LED_Init
    main.o(.ARM.exidx.text.LEDs_Config) refers to main.o(.text.LEDs_Config) for [Anonymous Symbol]
    main.o(.text.TIM3_PWM_Config) refers to main.o(.data.TIM3Period) for TIM3Period
    main.o(.text.TIM3_PWM_Config) refers to main.o(.bss.Tim3_Handle) for Tim3_Handle
    main.o(.text.TIM3_PWM_Config) refers to main.o(.data.TIM3Prescaler) for TIM3Prescaler
    main.o(.text.TIM3_PWM_Config) refers to stm32f4xx_hal_tim.o(.text.HAL_TIM_PWM_Init) for HAL_TIM_PWM_Init
    main.o(.text.TIM3_PWM_Config) refers to stm32f429i_discovery.o(.text.BSP_LED_On) for BSP_LED_On
    main.o(.text.TIM3_PWM_Config) refers to main.o(.bss.Tim3_OCInitStructure) for Tim3_OCInitStructure
    main.o(.text.TIM3_PWM_Config) refers to main.o(.data.TIM3_CCR2_Val) for TIM3_CCR2_Val
    main.o(.text.TIM3_PWM_Config) refers to stm32f4xx_hal_tim.o(.text.HAL_TIM_PWM_ConfigChannel) for HAL_TIM_PWM_ConfigChannel
    main.o(.text.TIM3_PWM_Config) refers to stm32f4xx_hal_tim.o(.text.HAL_TIM_PWM_Start) for HAL_TIM_PWM_Start
    main.o(.ARM.exidx.text.TIM3_PWM_Config) refers to main.o(.text.TIM3_PWM_Config) for [Anonymous Symbol]
[...]
    RTE/Device/STM32F429ZITx/startup_stm32f429xx.s 0x00000000   Number         0  startup_stm32f429xx.o ABSOLUTE
    cdrcmple.s                               0x00000000   Number         0  cdrcmple.o ABSOLUTE
    dc.s                                     0x00000000   Number         0  dc.o ABSOLUTE
    handlers.s                               0x00000000   Number         0  handlers.o ABSOLUTE
    ili9341.c                                0x00000000   Number         0  ili9341.o ABSOLUTE
    init.s                                   0x00000000   Number         0  init.o ABSOLUTE
    main.c                                   0x00000000   Number         0  main.o ABSOLUTE
    stm32f429i_discovery.c                   0x00000000   Number         0  stm32f429i_discovery.o ABSOLUTE
    stm32f429i_discovery_io.c                0x00000000   Number         0  stm32f429i_discovery_io.o ABSOLUTE
    stm32f429i_discovery_lcd.c               0x00000000   Number         0  stm32f429i_discovery_lcd.o ABSOLUTE
    stm32f429i_discovery_sdram.c             0x00000000   Number         0  stm32f429i_discovery_sdram.o ABSOLUTE
    stm32f4xx_hal.c                          0x00000000   Number         0  stm32f4xx_hal.o ABSOLUTE
    stm32f4xx_hal_adc.c                      0x00000000   Number         0  stm32f4xx_hal_adc.o ABSOLUTE
    stm32f4xx_hal_adc_ex.c                   0x00000000   Number         0  stm32f4xx_hal_adc_ex.o ABSOLUTE
    stm32f4xx_hal_cortex.c                   0x00000000   Number         0  stm32f4xx_hal_cortex.o ABSOLUTE
    stm32f4xx_hal_dma.c                      0x00000000   Number         0  stm32f4xx_hal_dma.o ABSOLUTE
    stm32f4xx_hal_dma2d.c                    0x00000000   Number         0  stm32f4xx_hal_dma2d.o ABSOLUTE
    stm32f4xx_hal_dma_ex.c                   0x00000000   Number         0  stm32f4xx_hal_dma_ex.o ABSOLUTE
    stm32f4xx_hal_exti.c                     0x00000000   Number         0  stm32f4xx_hal_exti.o ABSOLUTE
    stm32f4xx_hal_gpio.c                     0x00000000   Number         0  stm32f4xx_hal_gpio.o ABSOLUTE
    stm32f4xx_hal_i2c.c                      0x00000000   Number         0  stm32f4xx_hal_i2c.o ABSOLUTE
    stm32f4xx_hal_i2c_ex.c                   0x00000000   Number         0  stm32f4xx_hal_i2c_ex.o ABSOLUTE
    stm32f4xx_hal_ltdc.c                     0x00000000   Number         0  stm32f4xx_hal_ltdc.o ABSOLUTE
    stm32f4xx_hal_msp.c                      0x00000000   Number         0  stm32f4xx_hal_msp.o ABSOLUTE
    stm32f4xx_hal_pwr.c                      0x00000000   Number         0  stm32f4xx_hal_pwr.o ABSOLUTE
    stm32f4xx_hal_pwr_ex.c                   0x00000000   Number         0  stm32f4xx_hal_pwr_ex.o ABSOLUTE
    stm32f4xx_hal_rcc.c                      0x00000000   Number         0  stm32f4xx_hal_rcc.o ABSOLUTE
    stm32f4xx_hal_rcc_ex.c                   0x00000000   Number         0  stm32f4xx_hal_rcc_ex.o ABSOLUTE
    stm32f4xx_hal_sdram.c                    0x00000000   Number         0  stm32f4xx_hal_sdram.o ABSOLUTE
    stm32f4xx_hal_spi.c                      0x00000000   Number         0  stm32f4xx_hal_spi.o ABSOLUTE
    stm32f4xx_hal_tim.c                      0x00000000   Number         0  stm32f4xx_hal_tim.o ABSOLUTE
    stm32f4xx_hal_tim_ex.c                   0x00000000   Number         0  stm32f4xx_hal_tim_ex.o ABSOLUTE
    stm32f4xx_hal_uart.c                     0x00000000   Number         0  stm32f4xx_hal_uart.o ABSOLUTE
    stm32f4xx_it.c                           0x00000000   Number         0  stm32f4xx_it.o ABSOLUTE
    stm32f4xx_ll_fmc.c                       0x00000000   Number         0  stm32f4xx_ll_fmc.o ABSOLUTE
    stmpe811.c                               0x00000000   Number         0  stmpe811.o ABSOLUTE
    system_stm32f4xx.c                       0x00000000   Number         0  system_stm32f4xx.o ABSOLUTE
    RESET                                    0x08000000   Section      428  startup_stm32f429xx.o(RESET)
    .ARM.Collect$$$$00000000                 0x080001ac   Section        0  entry.o(.ARM.Collect$$$$00000000)
    .ARM.Collect$$$$00000001                 0x080001ac   Section        4  entry2.o(.ARM.Collect$$$$00000001)
    .ARM.Collect$$$$00000004                 0x080001b0   Section        4  entry5.o(.ARM.Collect$$$$00000004)
    .ARM.Collect$$$$00000008                 0x080001b4   Section        0  entry7b.o(.ARM.Collect$$$$00000008)
    .ARM.Collect$$$$0000000A                 0x080001b4   Section        0  entry8b.o(.ARM.Collect$$$$0000000A)
    .ARM.Collect$$$$0000000B                 0x080001b4   Section        8  entry9a.o(.ARM.Collect$$$$0000000B)
    __lit__00000000                          0x080001bc   Data           4  entry2.o(.ARM.Collect$$$$00002712)
    .ARM.Collect$$$$0000000D                 0x080001bc   Section        0  entry10a.o(.ARM.Collect$$$$0000000D)
    .ARM.Collect$$$$0000000F                 0x080001bc   Section        0  entry11a.o(.ARM.Collect$$$$0000000F)
    .ARM.Collect$$$$00002712                 0x080001bc   Section        4  entry2.o(.ARM.Collect$$$$00002712)
    $v0                                      0x080001c0   Number         0  startup_stm32f429xx.o(.text)
    .text                                    0x080001c0   Section       36  startup_stm32f429xx.o(.text)
    .text                                    0x080001e4   Section        0  uldiv.o(.text)
    .text                                    0x08000246   Section        0  memseta.o(.text)
    .text                                    0x0800026a   Section        0  dadd.o(.text)
    .text                                    0x080003b8   Section        0  dmul.o(.text)
    .text                                    0x0800049c   Section        0  dcmple.o(.text)
    .text                                    0x080004d2   Section        0  dfltui.o(.text)
    .text                                    0x080004ec   Section        0  f2d.o(.text)
    .text                                    0x08000512   Section        0  d2f.o(.text)
    .text                                    0x0800054a   Section        0  uidiv.o(.text)
    .text                                    0x08000576   Section        0  llshl.o(.text)
    .text                                    0x08000594   Section        0  llushr.o(.text)
    .text                                    0x080005b4   Section        0  llsshr.o(.text)
    .text                                    0x080005d8   Section        0  iusefp.o(.text)
    .text                                    0x080005d8   Section        0  fepilogue.o(.text)
    .text                                    0x08000646   Section        0  depilogue.o(.text)
    .text                                    0x08000700   Section        0  ddiv.o(.text)
    .text                                    0x080007de   Section        0  dfixul.o(.text)
    .text                                    0x08000810   Section       48  cdrcmple.o(.text)
    .text                                    0x08000840   Section       36  init.o(.text)
    [Anonymous Symbol]                       0x08000864   Section        0  main.o(.text.ADC_Config)
    [Anonymous Symbol]                       0x080008bc   Section        0  stm32f4xx_it.o(.text.ADC_IRQHandler)
    [Anonymous Symbol]                       0x080008be   Section        0  stm32f429i_discovery_lcd.o(.text.BSP_LCD_Clear)
    [Anonymous Symbol]                       0x0800090c   Section        0  stm32f429i_discovery_lcd.o(.text.BSP_LCD_DisplayChar)
    [Anonymous Symbol]                       0x08000a2e   Section        0  stm32f429i_discovery_lcd.o(.text.BSP_LCD_DisplayOn)
    [Anonymous Symbol]                       0x08000a40   Section        0  stm32f429i_discovery_lcd.o(.text.BSP_LCD_GetFont)
    [Anonymous Symbol]                       0x08000a5e   Section        0  stm32f429i_discovery_lcd.o(.text.BSP_LCD_GetXSize)
    [Anonymous Symbol]                       0x08000a70   Section        0  stm32f429i_discovery_lcd.o(.text.BSP_LCD_Init)
    [Anonymous Symbol]                       0x08000b2a   Section        0  stm32f429i_discovery_lcd.o(.text.BSP_LCD_LayerDefaultInit)
    [Anonymous Symbol]                       0x08000bc0   Section        0  stm32f429i_discovery_lcd.o(.text.BSP_LCD_MspInit)
    [Anonymous Symbol]                       0x08000d04   Section        0  stm32f429i_discovery_lcd.o(.text.BSP_LCD_SelectLayer)
    [Anonymous Symbol]                       0x08000d10   Section        0  stm32f429i_discovery_lcd.o(.text.BSP_LCD_SetFont)
    [Anonymous Symbol]                       0x08000d2e   Section        0  stm32f429i_discovery_lcd.o(.text.BSP_LCD_SetLayerVisible)
    [Anonymous Symbol]                       0x08000d58   Section        0  stm32f429i_discovery.o(.text.BSP_LED_Init)
    [Anonymous Symbol]                       0x08000dbc   Section        0  stm32f429i_discovery.o(.text.BSP_LED_On)
    [Anonymous Symbol]                       0x08000ddc   Section        0  stm32f429i_discovery.o(.text.BSP_PB_Init)
    [Anonymous Symbol]                       0x08000e5c   Section        0  stm32f429i_discovery_sdram.o(.text.BSP_SDRAM_Init)
    [Anonymous Symbol]                       0x08000ee4   Section        0  stm32f429i_discovery_sdram.o(.text.BSP_SDRAM_Initialization_sequence)
    [Anonymous Symbol]                       0x08000f7a   Section        0  stm32f429i_discovery_sdram.o(.text.BSP_SDRAM_MspInit)
    [Anonymous Symbol]                       0x08001108   Section        0  stm32f4xx_it.o(.text.BusFault_Handler)
    DMA2D_SetConfig                          0x0800110d   Thumb Code   162  stm32f4xx_hal_dma2d.o(.text.DMA2D_SetConfig)
    [Anonymous Symbol]                       0x0800110c   Section        0  stm32f4xx_hal_dma2d.o(.text.DMA2D_SetConfig)
    [Anonymous Symbol]                       0x080011ae   Section        0  stm32f4xx_it.o(.text.DMA2_Stream0_IRQHandler)
    [Anonymous Symbol]                       0x080011b0   Section        0  stm32f4xx_it.o(.text.DebugMon_Handler)
    [Anonymous Symbol]                       0x080011b2   Section        0  stm32f4xx_it.o(.text.EXTI0_IRQHandler)
    [Anonymous Symbol]                       0x080011b8   Section        0  stm32f4xx_it.o(.text.EXTI1_IRQHandler)
    [Anonymous Symbol]                       0x080011e8   Section        0  stm32f4xx_it.o(.text.EXTI2_IRQHandler)
    [Anonymous Symbol]                       0x08001218   Section        0  main.o(.text.ExtBtn1_Config)
    [Anonymous Symbol]                       0x0800126a   Section        0  main.o(.text.ExtBtn2_Config)
    [Anonymous Symbol]                       0x080012c6   Section        0  stm32f4xx_ll_fmc.o(.text.FMC_SDRAM_Init)
    [Anonymous Symbol]                       0x08001340   Section        0  stm32f4xx_ll_fmc.o(.text.FMC_SDRAM_ProgramRefreshRate)
    [Anonymous Symbol]                       0x08001354   Section        0  stm32f4xx_ll_fmc.o(.text.FMC_SDRAM_SendCommand)
    [Anonymous Symbol]                       0x080013ae   Section        0  stm32f4xx_ll_fmc.o(.text.FMC_SDRAM_Timing_Init)
    FillBuffer                               0x08001483   Thumb Code   120  stm32f429i_discovery_lcd.o(.text.FillBuffer)
    [Anonymous Symbol]                       0x08001482   Section        0  stm32f429i_discovery_lcd.o(.text.FillBuffer)
    [Anonymous Symbol]                       0x080014fc   Section        0  stm32f4xx_hal_adc.o(.text.HAL_ADC_ConfigChannel)
    [Anonymous Symbol]                       0x08001638   Section        0  stm32f4xx_hal_adc.o(.text.HAL_ADC_GetValue)
    [Anonymous Symbol]                       0x0800163e   Section        0  stm32f4xx_hal_adc.o(.text.HAL_ADC_Init)
    [Anonymous Symbol]                       0x0800178a   Section        0  stm32f4xx_hal_msp.o(.text.HAL_ADC_MspInit)
    [Anonymous Symbol]                       0x080017dc   Section        0  stm32f4xx_hal_adc.o(.text.HAL_ADC_PollForConversion)
    [Anonymous Symbol]                       0x0800188c   Section        0  stm32f4xx_hal_adc.o(.text.HAL_ADC_Start)
    [Anonymous Symbol]                       0x0800199e   Section        0  stm32f4xx_hal_dma2d.o(.text.HAL_DMA2D_ConfigLayer)
    [Anonymous Symbol]                       0x08001a34   Section        0  stm32f4xx_hal_dma2d.o(.text.HAL_DMA2D_Init)
    [Anonymous Symbol]                       0x08001a88   Section        0  stm32f4xx_hal_dma2d.o(.text.HAL_DMA2D_MspInit)
    [Anonymous Symbol]                       0x08001a8c   Section        0  stm32f4xx_hal_dma2d.o(.text.HAL_DMA2D_PollForTransfer)
    [Anonymous Symbol]                       0x08001b86   Section        0  stm32f4xx_hal_dma2d.o(.text.HAL_DMA2D_Start)
    [Anonymous Symbol]                       0x08001bc0   Section        0  stm32f4xx_hal_dma.o(.text.HAL_DMA_DeInit)
    [Anonymous Symbol]                       0x08001c48   Section        0  stm32f4xx_hal_dma.o(.text.HAL_DMA_Init)
    [Anonymous Symbol]                       0x08001d90   Section        0  stm32f4xx_hal.o(.text.HAL_Delay)
    [Anonymous Symbol]                       0x08001db8   Section        0  main.o(.text.HAL_GPIO_EXTI_Callback)
    [Anonymous Symbol]                       0x08001e5c   Section        0  stm32f4xx_hal_gpio.o(.text.HAL_GPIO_EXTI_IRQHandler)
    [Anonymous Symbol]                       0x08001e74   Section        0  stm32f4xx_hal_gpio.o(.text.HAL_GPIO_Init)
    [Anonymous Symbol]                       0x08002018   Section        0  stm32f4xx_hal_gpio.o(.text.HAL_GPIO_ReadPin)
    [Anonymous Symbol]                       0x08002022   Section        0  stm32f4xx_hal_gpio.o(.text.HAL_GPIO_WritePin)
    [Anonymous Symbol]                       0x0800202c   Section        0  stm32f4xx_hal.o(.text.HAL_GetTick)
    [Anonymous Symbol]                       0x08002038   Section        0  stm32f4xx_hal.o(.text.HAL_IncTick)
    [Anonymous Symbol]                       0x08002052   Section        0  stm32f4xx_hal.o(.text.HAL_Init)
    [Anonymous Symbol]                       0x08002080   Section        0  stm32f4xx_hal.o(.text.HAL_InitTick)
    [Anonymous Symbol]                       0x080020d0   Section        0  stm32f4xx_hal_ltdc.o(.text.HAL_LTDC_ConfigLayer)
    [Anonymous Symbol]                       0x08002146   Section        0  stm32f4xx_hal_ltdc.o(.text.HAL_LTDC_EnableDither)
    [Anonymous Symbol]                       0x08002176   Section        0  stm32f4xx_hal_ltdc.o(.text.HAL_LTDC_Init)
    [Anonymous Symbol]                       0x0800225a   Section        0  stm32f4xx_hal_ltdc.o(.text.HAL_LTDC_MspInit)
    [Anonymous Symbol]                       0x0800225c   Section        0  stm32f4xx_hal.o(.text.HAL_MspInit)
    [Anonymous Symbol]                       0x0800225e   Section        0  stm32f4xx_hal_cortex.o(.text.HAL_NVIC_EnableIRQ)
    [Anonymous Symbol]                       0x08002282   Section        0  stm32f4xx_hal_cortex.o(.text.HAL_NVIC_SetPriority)
    [Anonymous Symbol]                       0x080022d8   Section        0  stm32f4xx_hal_cortex.o(.text.HAL_NVIC_SetPriorityGrouping)
    [Anonymous Symbol]                       0x080022f8   Section        0  stm32f4xx_hal_pwr_ex.o(.text.HAL_PWREx_EnableOverDrive)
    [Anonymous Symbol]                       0x08002370   Section        0  stm32f4xx_hal_rcc_ex.o(.text.HAL_RCCEx_PeriphCLKConfig)
    [Anonymous Symbol]                       0x080025ac   Section        0  stm32f4xx_hal_rcc.o(.text.HAL_RCC_ClockConfig)
    [Anonymous Symbol]                       0x080026fa   Section        0  stm32f4xx_hal_rcc.o(.text.HAL_RCC_GetSysClockFreq)
    [Anonymous Symbol]                       0x08002764   Section        0  stm32f4xx_hal_rcc.o(.text.HAL_RCC_OscConfig)
    [Anonymous Symbol]                       0x08002abc   Section        0  stm32f4xx_hal_sdram.o(.text.HAL_SDRAM_Init)
    [Anonymous Symbol]                       0x08002afc   Section        0  stm32f4xx_hal_sdram.o(.text.HAL_SDRAM_MspInit)
    [Anonymous Symbol]                       0x08002afe   Section        0  stm32f4xx_hal_sdram.o(.text.HAL_SDRAM_ProgramRefreshRate)
    [Anonymous Symbol]                       0x08002b2e   Section        0  stm32f4xx_hal_sdram.o(.text.HAL_SDRAM_SendCommand)
    [Anonymous Symbol]                       0x08002b6a   Section        0  stm32f4xx_hal_spi.o(.text.HAL_SPI_DeInit)
    [Anonymous Symbol]                       0x08002b98   Section        0  stm32f4xx_hal_spi.o(.text.HAL_SPI_GetState)
    [Anonymous Symbol]                       0x08002b9e   Section        0  stm32f4xx_hal_spi.o(.text.HAL_SPI_Init)
    [Anonymous Symbol]                       0x08002c60   Section        0  stm32f4xx_hal_spi.o(.text.HAL_SPI_MspDeInit)
    [Anonymous Symbol]                       0x08002c62   Section        0  stm32f4xx_hal_spi.o(.text.HAL_SPI_MspInit)
    [Anonymous Symbol]                       0x08002c64   Section        0  stm32f4xx_hal_spi.o(.text.HAL_SPI_Receive)
    [Anonymous Symbol]                       0x08002e44   Section        0  stm32f4xx_hal_spi.o(.text.HAL_SPI_Transmit)
    [Anonymous Symbol]                       0x08002fe4   Section        0  stm32f4xx_hal_spi.o(.text.HAL_SPI_TransmitReceive)
    [Anonymous Symbol]                       0x0800325e   Section        0  stm32f4xx_hal_cortex.o(.text.HAL_SYSTICK_Config)
    [Anonymous Symbol]                       0x0800328c   Section        0  stm32f4xx_hal_tim.o(.text.HAL_TIM_PWM_ConfigChannel)
    [Anonymous Symbol]                       0x08003324   Section        0  stm32f4xx_hal_tim.o(.text.HAL_TIM_PWM_Init)
    [Anonymous Symbol]                       0x0800337c   Section        0  stm32f4xx_hal_msp.o(.text.HAL_TIM_PWM_MspInit)
    [Anonymous Symbol]                       0x08003418   Section        0  stm32f4xx_hal_tim.o(.text.HAL_TIM_PWM_Start)
    [Anonymous Symbol]                       0x0800351c   Section        0  stm32f4xx_hal_tim.o(.text.HAL_TIM_PWM_Stop)
    [Anonymous Symbol]                       0x080035b0   Section        0  stm32f4xx_it.o(.text.HardFault_Handler)
    [Anonymous Symbol]                       0x080035b2   Section        0  stm32f429i_discovery.o(.text.LCD_Delay)
    [Anonymous Symbol]                       0x080035b8   Section        0  main.o(.text.LCD_DisplayFloat)
    [Anonymous Symbol]                       0x080035f8   Section        0  main.o(.text.LCD_DisplayString)
    [Anonymous Symbol]                       0x08003660   Section        0  stm32f429i_discovery.o(.text.LCD_IO_Init)
    [Anonymous Symbol]                       0x08003730   Section        0  stm32f429i_discovery.o(.text.LCD_IO_ReadData)
    [Anonymous Symbol]                       0x080037aa   Section        0  stm32f429i_discovery.o(.text.LCD_IO_WriteData)
    [Anonymous Symbol]                       0x080037e2   Section        0  stm32f429i_discovery.o(.text.LCD_IO_WriteReg)
    LTDC_SetConfig                           0x0800381b   Thumb Code   288  stm32f4xx_hal_ltdc.o(.text.LTDC_SetConfig)
    [Anonymous Symbol]                       0x0800381a   Section        0  stm32f4xx_hal_ltdc.o(.text.LTDC_SetConfig)
    [Anonymous Symbol]                       0x0800393c   Section        0  stm32f4xx_it.o(.text.MemManage_Handler)
    [Anonymous Symbol]                       0x0800393e   Section        0  stm32f4xx_it.o(.text.NMI_Handler)
    [Anonymous Symbol]                       0x08003940   Section        0  stm32f4xx_it.o(.text.PendSV_Handler)
    SPI_EndRxTransaction                     0x08003943   Thumb Code    86  stm32f4xx_hal_spi.o(.text.SPI_EndRxTransaction)
    [Anonymous Symbol]                       0x08003942   Section        0  stm32f4xx_hal_spi.o(.text.SPI_EndRxTransaction)
    SPI_EndRxTxTransaction                   0x08003999   Thumb Code   102  stm32f4xx_hal_spi.o(.text.SPI_EndRxTxTransaction)
    [Anonymous Symbol]                       0x08003998   Section        0  stm32f4xx_hal_spi.o(.text.SPI_EndRxTxTransaction)
    SPI_WaitFlagStateUntilTimeout            0x08003a01   Thumb Code   218  stm32f4xx_hal_spi.o(.text.SPI_WaitFlagStateUntilTimeout)
    [Anonymous Symbol]                       0x08003a00   Section        0  stm32f4xx_hal_spi.o(.text.SPI_WaitFlagStateUntilTimeout)
    SPIx_Init                                0x08003adb   Thumb Code   156  stm32f429i_discovery.o(.text.SPIx_Init)
    [Anonymous Symbol]                       0x08003ada   Section        0  stm32f429i_discovery.o(.text.SPIx_Init)
    SPIx_Write                               0x08003b77   Thumb Code    58  stm32f429i_discovery.o(.text.SPIx_Write)
    [Anonymous Symbol]                       0x08003b76   Section        0  stm32f429i_discovery.o(.text.SPIx_Write)
    [Anonymous Symbol]                       0x08003bb0   Section        0  stm32f4xx_it.o(.text.SVC_Handler)
    [Anonymous Symbol]                       0x08003bb2   Section        0  stm32f4xx_it.o(.text.SysTick_Handler)
    [Anonymous Symbol]                       0x08003bb6   Section        0  system_stm32f4xx.o(.text.SystemInit)
    [Anonymous Symbol]                       0x08003bc8   Section        0  stm32f4xx_it.o(.text.TIM3_IRQHandler)
    [Anonymous Symbol]                       0x08003bcc   Section        0  main.o(.text.TIM3_PWM_Config)
    [Anonymous Symbol]                       0x08003c60   Section        0  stm32f4xx_it.o(.text.TIM4_IRQHandler)
    [Anonymous Symbol]                       0x08003c62   Section        0  stm32f4xx_hal_tim.o(.text.TIM_Base_SetConfig)
    TIM_OC1_SetConfig                        0x08003d7f   Thumb Code   100  stm32f4xx_hal_tim.o(.text.TIM_OC1_SetConfig)
    [Anonymous Symbol]                       0x08003d7e   Section        0  stm32f4xx_hal_tim.o(.text.TIM_OC1_SetConfig)
    [Anonymous Symbol]                       0x08003de2   Section        0  stm32f4xx_hal_tim.o(.text.TIM_OC2_SetConfig)
    TIM_OC3_SetConfig                        0x08003e4b   Thumb Code   102  stm32f4xx_hal_tim.o(.text.TIM_OC3_SetConfig)
    [Anonymous Symbol]                       0x08003e4a   Section        0  stm32f4xx_hal_tim.o(.text.TIM_OC3_SetConfig)
    TIM_OC4_SetConfig                        0x08003eb1   Thumb Code    78  stm32f4xx_hal_tim.o(.text.TIM_OC4_SetConfig)
    [Anonymous Symbol]                       0x08003eb0   Section        0  stm32f4xx_hal_tim.o(.text.TIM_OC4_SetConfig)
    [Anonymous Symbol]                       0x08003f00   Section        0  stm32f4xx_it.o(.text.UsageFault_Handler)
    [Anonymous Symbol]                       0x08003f02   Section        0  ili9341.o(.text.ili9341_DisplayOff)
    [Anonymous Symbol]                       0x08003f08   Section        0  ili9341.o(.text.ili9341_DisplayOn)
    [Anonymous Symbol]                       0x08003f0e   Section        0  ili9341.o(.text.ili9341_GetLcdPixelHeight)
    [Anonymous Symbol]                       0x08003f14   Section        0  ili9341.o(.text.ili9341_GetLcdPixelWidth)
    [Anonymous Symbol]                       0x08003f18   Section        0  ili9341.o(.text.ili9341_Init)
    [Anonymous Symbol]                       0x080041aa   Section        0  ili9341.o(.text.ili9341_ReadID)
    [Anonymous Symbol]                       0x080041c0   Section        0  main.o(.text.main)
    [Anonymous Symbol]                       0x08004574   Section        0  main.o(.text.temp_change)
    i.__0sprintf                             0x080045d4   Section        0  printfa.o(i.__0sprintf)
    i.__scatterload_copy                     0x080045fc   Section       14  handlers.o(i.__scatterload_copy)
    i.__scatterload_null                     0x0800460a   Section        2  handlers.o(i.__scatterload_null)
    i.__scatterload_zeroinit                 0x0800460c   Section       14  handlers.o(i.__scatterload_zeroinit)
    _fp_digits                               0x0800461d   Thumb Code   366  printfa.o(i._fp_digits)
    i._fp_digits                             0x0800461c   Section        0  printfa.o(i._fp_digits)
    _printf_core                             0x080047a1   Thumb Code  1744  printfa.o(i._printf_core)
    i._printf_core                           0x080047a0   Section        0  printfa.o(i._printf_core)
    _printf_post_padding                     0x08004e7d   Thumb Code    36  printfa.o(i._printf_post_padding)
    i._printf_post_padding                   0x08004e7c   Section        0  printfa.o(i._printf_post_padding)
    _printf_pre_padding                      0x08004ea1   Thumb Code    46  printfa.o(i._printf_pre_padding)
    i._printf_pre_padding                    0x08004ea0   Section        0  printfa.o(i._printf_pre_padding)
    _sputc                                   0x08004ecf   Thumb Code    10  printfa.o(i._sputc)
    i._sputc                                 0x08004ece   Section        0  printfa.o(i._sputc)
    .Lswitch.table.HAL_LTDC_SetPitch_NoReload 0x0800787c   Data          32  stm32f4xx_hal_ltdc.o(.rodata.cst32)
    DMA_CalcBaseAndBitshift.flagBitshiftOffset 0x0800789c   Data           8  stm32f4xx_hal_dma.o(.rodata.cst8)
    [Anonymous Symbol]                       0x0800789c   Section        0  stm32f4xx_hal_dma.o(.rodata.cst8)
    ActiveLayer                              0x20000078   Data           4  stm32f429i_discovery_lcd.o(.bss.ActiveLayer)
    [Anonymous Symbol]                       0x20000078   Section        0  stm32f429i_discovery_lcd.o(.bss.ActiveLayer)
    BSP_SDRAM_Init.sdramstatus               0x200000c4   Data           1  stm32f429i_discovery_sdram.o(.bss.BSP_SDRAM_Init.sdramstatus)
    [Anonymous Symbol]                       0x200000c4   Section        0  stm32f429i_discovery_sdram.o(.bss.BSP_SDRAM_Init.sdramstatus)
    BSP_SDRAM_MspInit.dmaHandle              0x200000c8   Data          96  stm32f429i_discovery_sdram.o(.bss.BSP_SDRAM_MspInit.dmaHandle)
    [Anonymous Symbol]                       0x200000c8   Section        0  stm32f429i_discovery_sdram.o(.bss.BSP_SDRAM_MspInit.dmaHandle)
    Command                                  0x20000128   Data          16  stm32f429i_discovery_sdram.o(.bss.Command)
    [Anonymous Symbol]                       0x20000128   Section        0  stm32f429i_discovery_sdram.o(.bss.Command)
    Dma2dHandler                             0x20000138   Data          64  stm32f429i_discovery_lcd.o(.bss.Dma2dHandler)
    [Anonymous Symbol]                       0x20000138   Section        0  stm32f429i_discovery_lcd.o(.bss.Dma2dHandler)
    DrawProp                                 0x20000178   Data          24  stm32f429i_discovery_lcd.o(.bss.DrawProp)
    [Anonymous Symbol]                       0x20000178   Section        0  stm32f429i_discovery_lcd.o(.bss.DrawProp)
    Is_LCD_IO_Initialized                    0x20000190   Data           1  stm32f429i_discovery.o(.bss.Is_LCD_IO_Initialized)
    [Anonymous Symbol]                       0x20000190   Section        0  stm32f429i_discovery.o(.bss.Is_LCD_IO_Initialized)
    PeriphClkInitStruct                      0x20000240   Data          48  stm32f429i_discovery_lcd.o(.bss.PeriphClkInitStruct)
    [Anonymous Symbol]                       0x20000240   Section        0  stm32f429i_discovery_lcd.o(.bss.PeriphClkInitStruct)
    SdramHandle                              0x20000270   Data          52  stm32f429i_discovery_sdram.o(.bss.SdramHandle)
    [Anonymous Symbol]                       0x20000270   Section        0  stm32f429i_discovery_sdram.o(.bss.SdramHandle)
    SpiHandle                                0x200002a4   Data          88  stm32f429i_discovery.o(.bss.SpiHandle)
    [Anonymous Symbol]                       0x200002a4   Section        0  stm32f429i_discovery.o(.bss.SpiHandle)
    Timing                                   0x20000360   Data          28  stm32f429i_discovery_sdram.o(.bss.Timing)
    [Anonymous Symbol]                       0x20000360   Section        0  stm32f429i_discovery_sdram.o(.bss.Timing)
    STACK                                    0x200003a0   Section     1024  startup_stm32f429xx.o(STACK)

    Global Symbols

    Symbol Name                              Value     Ov Type        Size  Object(Section)

    BuildAttributes$$THM_ISAv4$E$P$D$K$B$S$7EM$VFPi3$EXTD16$VFPS$VFMA$PE$A:L22UL41UL21$X:L11$S22US41US21$IEEE1$IW$~IW$USESV6$~STKCKD$USESV7$~SHL$OTIME$ROPI$EBA8$MICROLIB$REQ8$PRES8$EABIv2 0x00000000   Number         0  anon$$obj.o ABSOLUTE
    _printf_a                                0x00000000   Number         0  printfstubs.o ABSOLUTE
    _printf_c                                0x00000000   Number         0  printfstubs.o ABSOLUTE
    _printf_charcount                        0x00000000   Number         0  printfstubs.o ABSOLUTE
    _printf_d                                0x00000000   Number         0  printfstubs.o ABSOLUTE
    _printf_e                                0x00000000   Number         0  printfstubs.o ABSOLUTE
    _printf_f                                0x00000000   Number         0  printfstubs.o ABSOLUTE
    _printf_flags                            0x00000000   Number         0  printfstubs.o ABSOLUTE
    _printf_fp_dec                           0x00000000   Number         0  printfstubs.o ABSOLUTE
    _printf_fp_hex                           0x00000000   Number         0  printfstubs.o ABSOLUTE
    _printf_g                                0x00000000   Number         0  printfstubs.o ABSOLUTE
    _printf_i                                0x00000000   Number         0  printfstubs.o ABSOLUTE
    _printf_int_dec                          0x00000000   Number         0  printfstubs.o ABSOLUTE
    _printf_l                                0x00000000   Number         0  printfstubs.o ABSOLUTE
    _printf_lc                               0x00000000   Number         0  printfstubs.o ABSOLUTE
    _printf_ll                               0x00000000   Number         0  printfstubs.o ABSOLUTE
    _printf_lld                              0x00000000   Number         0  printfstubs.o ABSOLUTE
    _printf_lli                              0x00000000   Number         0  printfstubs.o ABSOLUTE
    _printf_llo                              0x00000000   Number         0  printfstubs.o ABSOLUTE
    _printf_llu                              0x00000000   Number         0  printfstubs.o ABSOLUTE
    _printf_llx                              0x00000000   Number         0  printfstubs.o ABSOLUTE
    _printf_longlong_dec                     0x00000000   Number         0  printfstubs.o ABSOLUTE
    _printf_longlong_hex                     0x00000000   Number         0  printfstubs.o ABSOLUTE
    _printf_longlong_oct                     0x00000000   Number         0  printfstubs.o ABSOLUTE
    _printf_ls                               0x00000000   Number         0  printfstubs.o ABSOLUTE
    _printf_mbtowc                           0x00000000   Number         0  printfstubs.o ABSOLUTE
    _printf_n                                0x00000000   Number         0  printfstubs.o ABSOLUTE
    _printf_o                                0x00000000   Number         0  printfstubs.o ABSOLUTE
    _printf_p                                0x00000000   Number         0  printfstubs.o ABSOLUTE
    _printf_percent                          0x00000000   Number         0  printfstubs.o ABSOLUTE
    _printf_pre_padding                      0x00000000   Number         0  printfstubs.o ABSOLUTE
    _printf_return_value                     0x00000000   Number         0  printfstubs.o ABSOLUTE
    _printf_s                                0x00000000   Number         0  printfstubs.o ABSOLUTE
    _printf_sizespec                         0x00000000   Number         0  printfstubs.o ABSOLUTE
    _printf_str                              0x00000000   Number         0  printfstubs.o ABSOLUTE
    _printf_truncate_signed                  0x00000000   Number         0  printfstubs.o ABSOLUTE
    _printf_truncate_unsigned                0x00000000   Number         0  printfstubs.o ABSOLUTE
    _printf_u                                0x00000000   Number         0  printfstubs.o ABSOLUTE
    _printf_wc                               0x00000000   Number         0  printfstubs.o ABSOLUTE
    _printf_wctomb                           0x00000000   Number         0  printfstubs.o ABSOLUTE
    _printf_widthprec                        0x00000000   Number         0  printfstubs.o ABSOLUTE
    _printf_x                                0x00000000   Number         0  printfstubs.o ABSOLUTE
    __cpp_initialize__aeabi_                  - Undefined Weak Reference
    __cxa_finalize                            - Undefined Weak Reference
    __decompress                              - Undefined Weak Reference
    _clock_init                               - Undefined Weak Reference
    _microlib_exit                            - Undefined Weak Reference
    __Vectors_Size                           0x000001ac   Number         0  startup_stm32f429xx.o ABSOLUTE
    __Vectors                                0x08000000   Data           4  startup_stm32f429xx.o(RESET)
    __Vectors_End                            0x080001ac   Data           0  startup_stm32f429xx.o(RESET)
    __main                                   0x080001ad   Thumb Code     0  entry.o(.ARM.Collect$$$$00000000)
    _main_stk                                0x080001ad   Thumb Code     0  entry2.o(.ARM.Collect$$$$00000001)
    _main_scatterload                        0x080001b1   Thumb Code     0  entry5.o(.ARM.Collect$$$$00000004)
    __main_after_scatterload                 0x080001b5   Thumb Code     0  entry5.o(.ARM.Collect$$$$00000004)
    _main_clock                              0x080001b5   Thumb Code     0  entry7b.o(.ARM.Collect$$$$00000008)
    _main_cpp_init                           0x080001b5   Thumb Code     0  entry8b.o(.ARM.Collect$$$$0000000A)
    _main_init                               0x080001b5   Thumb Code     0  entry9a.o(.ARM.Collect$$$$0000000B)
    __rt_final_cpp                           0x080001bd   Thumb Code     0  entry10a.o(.ARM.Collect$$$$0000000D)
    __rt_final_exit                          0x080001bd   Thumb Code     0  entry11a.o(.ARM.Collect$$$$0000000F)
    Reset_Handler                            0x080001c1   Thumb Code     8  startup_stm32f429xx.o(.text)
    CAN1_RX0_IRQHandler                      0x080001db   Thumb Code     0  startup_stm32f429xx.o(.text)
    CAN1_RX1_IRQHandler                      0x080001db   Thumb Code     0  startup_stm32f429xx.o(.text)
    CAN1_SCE_IRQHandler                      0x080001db   Thumb Code     0  startup_stm32f429xx.o(.text)
    CAN1_TX_IRQHandler                       0x080001db   Thumb Code     0  startup_stm32f429xx.o(.text)
    CAN2_RX0_IRQHandler                      0x080001db   Thumb Code     0  startup_stm32f429xx.o(.text)
    CAN2_RX1_IRQHandler                      0x080001db   Thumb Code     0  startup_stm32f429xx.o(.text)
    CAN2_SCE_IRQHandler                      0x080001db   Thumb Code     0  startup_stm32f429xx.o(.text)
    CAN2_TX_IRQHandler                       0x080001db   Thumb Code     0  startup_stm32f429xx.o(.text)
    DCMI_IRQHandler                          0x080001db   Thumb Code     0  startup_stm32f429xx.o(.text)
    DMA1_Stream0_IRQHandler                  0x080001db   Thumb Code     0  startup_stm32f429xx.o(.text)
    DMA1_Stream1_IRQHandler                  0x080001db   Thumb Code     0  startup_stm32f429xx.o(.text)
    DMA1_Stream2_IRQHandler                  0x080001db   Thumb Code     0  startup_stm32f429xx.o(.text)
    DMA1_Stream3_IRQHandler                  0x080001db   Thumb Code     0  startup_stm32f429xx.o(.text)
    DMA1_Stream4_IRQHandler                  0x080001db   Thumb Code     0  startup_stm32f429xx.o(.text)
    DMA1_Stream5_IRQHandler                  0x080001db   Thumb Code     0  startup_stm32f429xx.o(.text)
    DMA1_Stream6_IRQHandler                  0x080001db   Thumb Code     0  startup_stm32f429xx.o(.text)
    DMA1_Stream7_IRQHandler                  0x080001db   Thumb Code     0  startup_stm32f429xx.o(.text)
    DMA2D_IRQHandler                         0x080001db   Thumb Code     0  startup_stm32f429xx.o(.text)
    DMA2_Stream1_IRQHandler                  0x080001db   Thumb Code     0  startup_stm32f429xx.o(.text)
    DMA2_Stream2_IRQHandler                  0x080001db   Thumb Code     0  startup_stm32f429xx.o(.text)
    DMA2_Stream3_IRQHandler                  0x080001db   Thumb Code     0  startup_stm32f429xx.o(.text)
    DMA2_Stream4_IRQHandler                  0x080001db   Thumb Code     0  startup_stm32f429xx.o(.text)
    DMA2_Stream5_IRQHandler                  0x080001db   Thumb Code     0  startup_stm32f429xx.o(.text)
    DMA2_Stream6_IRQHandler                  0x080001db   Thumb Code     0  startup_stm32f429xx.o(.text)
    DMA2_Stream7_IRQHandler                  0x080001db   Thumb Code     0  startup_stm32f429xx.o(.text)
    ETH_IRQHandler                           0x080001db   Thumb Code     0  startup_stm32f429xx.o(.text)
    ETH_WKUP_IRQHandler                      0x080001db   Thumb Code     0  startup_stm32f429xx.o(.text)
    EXTI15_10_IRQHandler                     0x080001db   Thumb Code     0  startup_stm32f429xx.o(.text)
    EXTI3_IRQHandler                         0x080001db   Thumb Code     0  startup_stm32f429xx.o(.text)
    EXTI4_IRQHandler                         0x080001db   Thumb Code     0  startup_stm32f429xx.o(.text)
    EXTI9_5_IRQHandler                       0x080001db   Thumb Code     0  startup_stm32f429xx.o(.text)
    FLASH_IRQHandler                         0x080001db   Thumb Code     0  startup_stm32f429xx.o(.text)
    FMC_IRQHandler                           0x080001db   Thumb Code     0  startup_stm32f429xx.o(.text)
    FPU_IRQHandler                           0x080001db   Thumb Code     0  startup_stm32f429xx.o(.text)
    HASH_RNG_IRQHandler                      0x080001db   Thumb Code     0  startup_stm32f429xx.o(.text)
    I2C1_ER_IRQHandler                       0x080001db   Thumb Code     0  startup_stm32f429xx.o(.text)
    I2C1_EV_IRQHandler                       0x080001db   Thumb Code     0  startup_stm32f429xx.o(.text)
    I2C2_ER_IRQHandler                       0x080001db   Thumb Code     0  startup_stm32f429xx.o(.text)
    I2C2_EV_IRQHandler                       0x080001db   Thumb Code     0  startup_stm32f429xx.o(.text)
    I2C3_ER_IRQHandler                       0x080001db   Thumb Code     0  startup_stm32f429xx.o(.text)
    I2C3_EV_IRQHandler                       0x080001db   Thumb Code     0  startup_stm32f429xx.o(.text)
    LTDC_ER_IRQHandler                       0x080001db   Thumb Code     0  startup_stm32f429xx.o(.text)
    LTDC_IRQHandler                          0x080001db   Thumb Code     0  startup_stm32f429xx.o(.text)
    OTG_FS_IRQHandler                        0x080001db   Thumb Code     0  startup_stm32f429xx.o(.text)
    OTG_FS_WKUP_IRQHandler                   0x080001db   Thumb Code     0  startup_stm32f429xx.o(.text)
    OTG_HS_EP1_IN_IRQHandler                 0x080001db   Thumb Code     0  startup_stm32f429xx.o(.text)
    OTG_HS_EP1_OUT_IRQHandler                0x080001db   Thumb Code     0  startup_stm32f429xx.o(.text)
    OTG_HS_IRQHandler                        0x080001db   Thumb Code     0  startup_stm32f429xx.o(.text)
    OTG_HS_WKUP_IRQHandler                   0x080001db   Thumb Code     0  startup_stm32f429xx.o(.text)
    PVD_IRQHandler                           0x080001db   Thumb Code     0  startup_stm32f429xx.o(.text)
    RCC_IRQHandler                           0x080001db   Thumb Code     0  startup_stm32f429xx.o(.text)
    RTC_Alarm_IRQHandler                     0x080001db   Thumb Code     0  startup_stm32f429xx.o(.text)
    RTC_WKUP_IRQHandler                      0x080001db   Thumb Code     0  startup_stm32f429xx.o(.text)
    SAI1_IRQHandler                          0x080001db   Thumb Code     0  startup_stm32f429xx.o(.text)
    SDIO_IRQHandler                          0x080001db   Thumb Code     0  startup_stm32f429xx.o(.text)
    SPI1_IRQHandler                          0x080001db   Thumb Code     0  startup_stm32f429xx.o(.text)
    SPI2_IRQHandler                          0x080001db   Thumb Code     0  startup_stm32f429xx.o(.text)
    SPI3_IRQHandler                          0x080001db   Thumb Code     0  startup_stm32f429xx.o(.text)
    SPI4_IRQHandler                          0x080001db   Thumb Code     0  startup_stm32f429xx.o(.text)
    SPI5_IRQHandler                          0x080001db   Thumb Code     0  startup_stm32f429xx.o(.text)
    SPI6_IRQHandler                          0x080001db   Thumb Code     0  startup_stm32f429xx.o(.text)
    TAMP_STAMP_IRQHandler                    0x080001db   Thumb Code     0  startup_stm32f429xx.o(.text)
    TIM1_BRK_TIM9_IRQHandler                 0x080001db   Thumb Code     0  startup_stm32f429xx.o(.text)
    TIM1_CC_IRQHandler                       0x080001db   Thumb Code     0  startup_stm32f429xx.o(.text)
    TIM1_TRG_COM_TIM11_IRQHandler            0x080001db   Thumb Code     0  startup_stm32f429xx.o(.text)
    TIM1_UP_TIM10_IRQHandler                 0x080001db   Thumb Code     0  startup_stm32f429xx.o(.text)
    TIM2_IRQHandler                          0x080001db   Thumb Code     0  startup_stm32f429xx.o(.text)
    TIM5_IRQHandler                          0x080001db   Thumb Code     0  startup_stm32f429xx.o(.text)
    TIM6_DAC_IRQHandler                      0x080001db   Thumb Code     0  startup_stm32f429xx.o(.text)
    TIM7_IRQHandler                          0x080001db   Thumb Code     0  startup_stm32f429xx.o(.text)
    TIM8_BRK_TIM12_IRQHandler                0x080001db   Thumb Code     0  startup_stm32f429xx.o(.text)
    TIM8_CC_IRQHandler                       0x080001db   Thumb Code     0  startup_stm32f429xx.o(.text)
    TIM8_TRG_COM_TIM14_IRQHandler            0x080001db   Thumb Code     0  startup_stm32f429xx.o(.text)
    TIM8_UP_TIM13_IRQHandler                 0x080001db   Thumb Code     0  startup_stm32f429xx.o(.text)
    UART4_IRQHandler                         0x080001db   Thumb Code     0  startup_stm32f429xx.o(.text)
    UART5_IRQHandler                         0x080001db   Thumb Code     0  startup_stm32f429xx.o(.text)
    UART7_IRQHandler                         0x080001db   Thumb Code     0  startup_stm32f429xx.o(.text)
    UART8_IRQHandler                         0x080001db   Thumb Code     0  startup_stm32f429xx.o(.text)
    USART1_IRQHandler                        0x080001db   Thumb Code     0  startup_stm32f429xx.o(.text)
    USART2_IRQHandler                        0x080001db   Thumb Code     0  startup_stm32f429xx.o(.text)
    USART3_IRQHandler                        0x080001db   Thumb Code     0  startup_stm32f429xx.o(.text)
    USART6_IRQHandler                        0x080001db   Thumb Code     0  startup_stm32f429xx.o(.text)
    WWDG_IRQHandler                          0x080001db   Thumb Code     0  startup_stm32f429xx.o(.text)
    __aeabi_uldivmod                         0x080001e5   Thumb Code    98  uldiv.o(.text)
    __aeabi_memset                           0x08000247   Thumb Code    14  memseta.o(.text)
    __aeabi_memset4                          0x08000247   Thumb Code     0  memseta.o(.text)
    __aeabi_memset8                          0x08000247   Thumb Code     0  memseta.o(.text)
    __aeabi_memclr                           0x08000255   Thumb Code     4  memseta.o(.text)
    __aeabi_memclr4                          0x08000255   Thumb Code     0  memseta.o(.text)
    __aeabi_memclr8                          0x08000255   Thumb Code     0  memseta.o(.text)
    _memset$wrapper                          0x08000259   Thumb Code    18  memseta.o(.text)
    __aeabi_dadd                             0x0800026b   Thumb Code   322  dadd.o(.text)
    __aeabi_dsub                             0x080003ad   Thumb Code     6  dadd.o(.text)
    __aeabi_drsub                            0x080003b3   Thumb Code     6  dadd.o(.text)
    __aeabi_dmul                             0x080003b9   Thumb Code   228  dmul.o(.text)
    __aeabi_dcmple                           0x0800049d   Thumb Code    54  dcmple.o(.text)
    __aeabi_ui2d                             0x080004d3   Thumb Code    26  dfltui.o(.text)
    __aeabi_f2d                              0x080004ed   Thumb Code    38  f2d.o(.text)
    __aeabi_d2f                              0x08000513   Thumb Code    56  d2f.o(.text)
    __aeabi_uidiv                            0x0800054b   Thumb Code     0  uidiv.o(.text)
    __aeabi_uidivmod                         0x0800054b   Thumb Code    44  uidiv.o(.text)
    __aeabi_llsl                             0x08000577   Thumb Code    30  llshl.o(.text)
    _ll_shift_l                              0x08000577   Thumb Code     0  llshl.o(.text)
    __aeabi_llsr                             0x08000595   Thumb Code    32  llushr.o(.text)
    _ll_ushift_r                             0x08000595   Thumb Code     0  llushr.o(.text)
    __aeabi_lasr                             0x080005b5   Thumb Code    36  llsshr.o(.text)
    _ll_sshift_r                             0x080005b5   Thumb Code     0  llsshr.o(.text)
    __I$use$fp                               0x080005d9   Thumb Code     0  iusefp.o(.text)
    _float_round                             0x080005d9   Thumb Code    18  fepilogue.o(.text)
    _float_epilogue                          0x080005eb   Thumb Code    92  fepilogue.o(.text)
    _double_round                            0x08000647   Thumb Code    30  depilogue.o(.text)
    _double_epilogue                         0x08000665   Thumb Code   156  depilogue.o(.text)
    __aeabi_ddiv                             0x08000701   Thumb Code   222  ddiv.o(.text)
    __aeabi_d2ulz                            0x080007df   Thumb Code    48  dfixul.o(.text)
    __aeabi_cdrcmple                         0x08000811   Thumb Code    48  cdrcmple.o(.text)
    __scatterload                            0x08000841   Thumb Code    28  init.o(.text)
    __scatterload_rt2                        0x08000841   Thumb Code     0  init.o(.text)
    ADC_Config                               0x08000865   Thumb Code    88  main.o(.text.ADC_Config)
    ADC_IRQHandler                           0x080008bd   Thumb Code     2  stm32f4xx_it.o(.text.ADC_IRQHandler)
    BSP_LCD_Clear                            0x080008bf   Thumb Code    76  stm32f429i_discovery_lcd.o(.text.BSP_LCD_Clear)
    BSP_LCD_DisplayChar                      0x0800090d   Thumb Code   290  stm32f429i_discovery_lcd.o(.text.BSP_LCD_DisplayChar)
    BSP_LCD_DisplayOn                        0x08000a2f   Thumb Code    18  stm32f429i_discovery_lcd.o(.text.BSP_LCD_DisplayOn)
    BSP_LCD_GetFont                          0x08000a41   Thumb Code    30  stm32f429i_discovery_lcd.o(.text.BSP_LCD_GetFont)
    BSP_LCD_GetXSize                         0x08000a5f   Thumb Code    18  stm32f429i_discovery_lcd.o(.text.BSP_LCD_GetXSize)
    BSP_LCD_Init                             0x08000a71   Thumb Code   186  stm32f429i_discovery_lcd.o(.text.BSP_LCD_Init)
    BSP_LCD_LayerDefaultInit                 0x08000b2b   Thumb Code   150  stm32f429i_discovery_lcd.o(.text.BSP_LCD_LayerDefaultInit)
    BSP_LCD_MspInit                          0x08000bc1   Thumb Code   324  stm32f429i_discovery_lcd.o(.text.BSP_LCD_MspInit)
    BSP_LCD_SelectLayer                      0x08000d05   Thumb Code    12  stm32f429i_discovery_lcd.o(.text.BSP_LCD_SelectLayer)
    BSP_LCD_SetFont                          0x08000d11   Thumb Code    30  stm32f429i_discovery_lcd.o(.text.BSP_LCD_SetFont)
    BSP_LCD_SetLayerVisible                  0x08000d2f   Thumb Code    42  stm32f429i_discovery_lcd.o(.text.BSP_LCD_SetLayerVisible)
    BSP_LED_Init                             0x08000d59   Thumb Code   100  stm32f429i_discovery.o(.text.BSP_LED_Init)
    BSP_LED_On                               0x08000dbd   Thumb Code    32  stm32f429i_discovery.o(.text.BSP_LED_On)
    BSP_PB_Init                              0x08000ddd   Thumb Code   128  stm32f429i_discovery.o(.text.BSP_PB_Init)
    BSP_SDRAM_Init                           0x08000e5d   Thumb Code   136  stm32f429i_discovery_sdram.o(.text.BSP_SDRAM_Init)
    BSP_SDRAM_Initialization_sequence        0x08000ee5   Thumb Code   150  stm32f429i_discovery_sdram.o(.text.BSP_SDRAM_Initialization_sequence)
    BSP_SDRAM_MspInit                        0x08000f7b   Thumb Code   396  stm32f429i_discovery_sdram.o(.text.BSP_SDRAM_MspInit)
    BusFault_Handler                         0x08001109   Thumb Code     2  stm32f4xx_it.o(.text.BusFault_Handler)
    DMA2_Stream0_IRQHandler                  0x080011af   Thumb Code     2  stm32f4xx_it.o(.text.DMA2_Stream0_IRQHandler)
    DebugMon_Handler                         0x080011b1   Thumb Code     2  stm32f4xx_it.o(.text.DebugMon_Handler)
    EXTI0_IRQHandler                         0x080011b3   Thumb Code     6  stm32f4xx_it.o(.text.EXTI0_IRQHandler)
    EXTI1_IRQHandler                         0x080011b9   Thumb Code    48  stm32f4xx_it.o(.text.EXTI1_IRQHandler)
    EXTI2_IRQHandler                         0x080011e9   Thumb Code    48  stm32f4xx_it.o(.text.EXTI2_IRQHandler)
    ExtBtn1_Config                           0x08001219   Thumb Code    82  main.o(.text.ExtBtn1_Config)
    ExtBtn2_Config                           0x0800126b   Thumb Code    92  main.o(.text.ExtBtn2_Config)
    FMC_SDRAM_Init                           0x080012c7   Thumb Code   122  stm32f4xx_ll_fmc.o(.text.FMC_SDRAM_Init)
    FMC_SDRAM_ProgramRefreshRate             0x08001341   Thumb Code    20  stm32f4xx_ll_fmc.o(.text.FMC_SDRAM_ProgramRefreshRate)
    FMC_SDRAM_SendCommand                    0x08001355   Thumb Code    90  stm32f4xx_ll_fmc.o(.text.FMC_SDRAM_SendCommand)
    FMC_SDRAM_Timing_Init                    0x080013af   Thumb Code   212  stm32f4xx_ll_fmc.o(.text.FMC_SDRAM_Timing_Init)
    HAL_ADC_ConfigChannel                    0x080014fd   Thumb Code   316  stm32f4xx_hal_adc.o(.text.HAL_ADC_ConfigChannel)
    HAL_ADC_GetValue                         0x08001639   Thumb Code     6  stm32f4xx_hal_adc.o(.text.HAL_ADC_GetValue)
    HAL_ADC_Init                             0x0800163f   Thumb Code   332  stm32f4xx_hal_adc.o(.text.HAL_ADC_Init)
    HAL_ADC_MspInit                          0x0800178b   Thumb Code    82  stm32f4xx_hal_msp.o(.text.HAL_ADC_MspInit)
    HAL_ADC_PollForConversion                0x080017dd   Thumb Code   174  stm32f4xx_hal_adc.o(.text.HAL_ADC_PollForConversion)
    HAL_ADC_Start                            0x0800188d   Thumb Code   274  stm32f4xx_hal_adc.o(.text.HAL_ADC_Start)
    HAL_DMA2D_ConfigLayer                    0x0800199f   Thumb Code   150  stm32f4xx_hal_dma2d.o(.text.HAL_DMA2D_ConfigLayer)
    HAL_DMA2D_Init                           0x08001a35   Thumb Code    84  stm32f4xx_hal_dma2d.o(.text.HAL_DMA2D_Init)
    HAL_DMA2D_MspInit                        0x08001a89   Thumb Code     2  stm32f4xx_hal_dma2d.o(.text.HAL_DMA2D_MspInit)
    HAL_DMA2D_PollForTransfer                0x08001a8d   Thumb Code   250  stm32f4xx_hal_dma2d.o(.text.HAL_DMA2D_PollForTransfer)
    HAL_DMA2D_Start                          0x08001b87   Thumb Code    58  stm32f4xx_hal_dma2d.o(.text.HAL_DMA2D_Start)
    HAL_DMA_DeInit                           0x08001bc1   Thumb Code   134  stm32f4xx_hal_dma.o(.text.HAL_DMA_DeInit)
    HAL_DMA_Init                             0x08001c49   Thumb Code   328  stm32f4xx_hal_dma.o(.text.HAL_DMA_Init)
    HAL_Delay                                0x08001d91   Thumb Code    40  stm32f4xx_hal.o(.text.HAL_Delay)
    HAL_GPIO_EXTI_Callback                   0x08001db9   Thumb Code   164  main.o(.text.HAL_GPIO_EXTI_Callback)
    HAL_GPIO_EXTI_IRQHandler                 0x08001e5d   Thumb Code    22  stm32f4xx_hal_gpio.o(.text.HAL_GPIO_EXTI_IRQHandler)
    HAL_GPIO_Init                            0x08001e75   Thumb Code   420  stm32f4xx_hal_gpio.o(.text.HAL_GPIO_Init)
    HAL_GPIO_ReadPin                         0x08002019   Thumb Code    10  stm32f4xx_hal_gpio.o(.text.HAL_GPIO_ReadPin)
    HAL_GPIO_WritePin                        0x08002023   Thumb Code    10  stm32f4xx_hal_gpio.o(.text.HAL_GPIO_WritePin)
    HAL_GetTick                              0x0800202d   Thumb Code    12  stm32f4xx_hal.o(.text.HAL_GetTick)
    HAL_IncTick                              0x08002039   Thumb Code    26  stm32f4xx_hal.o(.text.HAL_IncTick)
    HAL_Init                                 0x08002053   Thumb Code    46  stm32f4xx_hal.o(.text.HAL_Init)
    HAL_InitTick                             0x08002081   Thumb Code    80  stm32f4xx_hal.o(.text.HAL_InitTick)
    HAL_LTDC_ConfigLayer                     0x080020d1   Thumb Code   118  stm32f4xx_hal_ltdc.o(.text.HAL_LTDC_ConfigLayer)
    HAL_LTDC_EnableDither                    0x08002147   Thumb Code    48  stm32f4xx_hal_ltdc.o(.text.HAL_LTDC_EnableDither)
    HAL_LTDC_Init                            0x08002177   Thumb Code   228  stm32f4xx_hal_ltdc.o(.text.HAL_LTDC_Init)
    HAL_LTDC_MspInit                         0x0800225b   Thumb Code     2  stm32f4xx_hal_ltdc.o(.text.HAL_LTDC_MspInit)
    HAL_MspInit                              0x0800225d   Thumb Code     2  stm32f4xx_hal.o(.text.HAL_MspInit)
    HAL_NVIC_EnableIRQ                       0x0800225f   Thumb Code    36  stm32f4xx_hal_cortex.o(.text.HAL_NVIC_EnableIRQ)
    HAL_NVIC_SetPriority                     0x08002283   Thumb Code    86  stm32f4xx_hal_cortex.o(.text.HAL_NVIC_SetPriority)
    HAL_NVIC_SetPriorityGrouping             0x080022d9   Thumb Code    32  stm32f4xx_hal_cortex.o(.text.HAL_NVIC_SetPriorityGrouping)
    HAL_PWREx_EnableOverDrive                0x080022f9   Thumb Code   120  stm32f4xx_hal_pwr_ex.o(.text.HAL_PWREx_EnableOverDrive)
    HAL_RCCEx_PeriphCLKConfig                0x08002371   Thumb Code   570  stm32f4xx_hal_rcc_ex.o(.text.HAL_RCCEx_PeriphCLKConfig)
    HAL_RCC_ClockConfig                      0x080025ad   Thumb Code   334  stm32f4xx_hal_rcc.o(.text.HAL_RCC_ClockConfig)
    HAL_RCC_GetSysClockFreq                  0x080026fb   Thumb Code   106  stm32f4xx_hal_rcc.o(.text.HAL_RCC_GetSysClockFreq)
    HAL_RCC_OscConfig                        0x08002765   Thumb Code   856  stm32f4xx_hal_rcc.o(.text.HAL_RCC_OscConfig)
    HAL_SDRAM_Init                           0x08002abd   Thumb Code    64  stm32f4xx_hal_sdram.o(.text.HAL_SDRAM_Init)
    HAL_SDRAM_MspInit                        0x08002afd   Thumb Code     2  stm32f4xx_hal_sdram.o(.text.HAL_SDRAM_MspInit)
    HAL_SDRAM_ProgramRefreshRate             0x08002aff   Thumb Code    48  stm32f4xx_hal_sdram.o(.text.HAL_SDRAM_ProgramRefreshRate)
    HAL_SDRAM_SendCommand                    0x08002b2f   Thumb Code    60  stm32f4xx_hal_sdram.o(.text.HAL_SDRAM_SendCommand)
    HAL_SPI_DeInit                           0x08002b6b   Thumb Code    46  stm32f4xx_hal_spi.o(.text.HAL_SPI_DeInit)
    HAL_SPI_GetState                         0x08002b99   Thumb Code     6  stm32f4xx_hal_spi.o(.text.HAL_SPI_GetState)
    HAL_SPI_Init                             0x08002b9f   Thumb Code   194  stm32f4xx_hal_spi.o(.text.HAL_SPI_Init)
    HAL_SPI_MspDeInit                        0x08002c61   Thumb Code     2  stm32f4xx_hal_spi.o(.text.HAL_SPI_MspDeInit)
    HAL_SPI_MspInit                          0x08002c63   Thumb Code     2  stm32f4xx_hal_spi.o(.text.HAL_SPI_MspInit)
    HAL_SPI_Receive                          0x08002c65   Thumb Code   480  stm32f4xx_hal_spi.o(.text.HAL_SPI_Receive)
    HAL_SPI_Transmit                         0x08002e45   Thumb Code   414  stm32f4xx_hal_spi.o(.text.HAL_SPI_Transmit)
    HAL_SPI_TransmitReceive                  0x08002fe5   Thumb Code   634  stm32f4xx_hal_spi.o(.text.HAL_SPI_TransmitReceive)
    HAL_SYSTICK_Config                       0x0800325f   Thumb Code    44  stm32f4xx_hal_cortex.o(.text.HAL_SYSTICK_Config)
    HAL_TIM_PWM_ConfigChannel                0x0800328d   Thumb Code   152  stm32f4xx_hal_tim.o(.text.HAL_TIM_PWM_ConfigChannel)
    HAL_TIM_PWM_Init                         0x08003325   Thumb Code    88  stm32f4xx_hal_tim.o(.text.HAL_TIM_PWM_Init)
    HAL_TIM_PWM_MspInit                      0x0800337d   Thumb Code   156  stm32f4xx_hal_msp.o(.text.HAL_TIM_PWM_MspInit)
    HAL_TIM_PWM_Start                        0x08003419   Thumb Code   260  stm32f4xx_hal_tim.o(.text.HAL_TIM_PWM_Start)
    HAL_TIM_PWM_Stop                         0x0800351d   Thumb Code   148  stm32f4xx_hal_tim.o(.text.HAL_TIM_PWM_Stop)
    HardFault_Handler                        0x080035b1   Thumb Code     2  stm32f4xx_it.o(.text.HardFault_Handler)
    LCD_Delay                                0x080035b3   Thumb Code     4  stm32f429i_discovery.o(.text.LCD_Delay)
    LCD_DisplayFloat                         0x080035b9   Thumb Code    56  main.o(.text.LCD_DisplayFloat)
    LCD_DisplayString                        0x080035f9   Thumb Code   104  main.o(.text.LCD_DisplayString)
    LCD_IO_Init                              0x08003661   Thumb Code   208  stm32f429i_discovery.o(.text.LCD_IO_Init)
    LCD_IO_ReadData                          0x08003731   Thumb Code   122  stm32f429i_discovery.o(.text.LCD_IO_ReadData)
    LCD_IO_WriteData                         0x080037ab   Thumb Code    56  stm32f429i_discovery.o(.text.LCD_IO_WriteData)
    LCD_IO_WriteReg                          0x080037e3   Thumb Code    56  stm32f429i_discovery.o(.text.LCD_IO_WriteReg)
    MemManage_Handler                        0x0800393d   Thumb Code     2  stm32f4xx_it.o(.text.MemManage_Handler)
    NMI_Handler                              0x0800393f   Thumb Code     2  stm32f4xx_it.o(.text.NMI_Handler)
    PendSV_Handler                           0x08003941   Thumb Code     2  stm32f4xx_it.o(.text.PendSV_Handler)
    SVC_Handler                              0x08003bb1   Thumb Code     2  stm32f4xx_it.o(.text.SVC_Handler)
    SysTick_Handler                          0x08003bb3   Thumb Code     4  stm32f4xx_it.o(.text.SysTick_Handler)
    SystemInit                               0x08003bb7   Thumb Code    18  system_stm32f4xx.o(.text.SystemInit)
    TIM3_IRQHandler                          0x08003bc9   Thumb Code     2  stm32f4xx_it.o(.text.TIM3_IRQHandler)
    TIM3_PWM_Config                          0x08003bcd   Thumb Code   148  main.o(.text.TIM3_PWM_Config)
    TIM4_IRQHandler                          0x08003c61   Thumb Code     2  stm32f4xx_it.o(.text.TIM4_IRQHandler)
    TIM_Base_SetConfig                       0x08003c63   Thumb Code   284  stm32f4xx_hal_tim.o(.text.TIM_Base_SetConfig)
    TIM_OC2_SetConfig                        0x08003de3   Thumb Code   104  stm32f4xx_hal_tim.o(.text.TIM_OC2_SetConfig)
    UsageFault_Handler                       0x08003f01   Thumb Code     2  stm32f4xx_it.o(.text.UsageFault_Handler)
    ili9341_DisplayOff                       0x08003f03   Thumb Code     6  ili9341.o(.text.ili9341_DisplayOff)
    ili9341_DisplayOn                        0x08003f09   Thumb Code     6  ili9341.o(.text.ili9341_DisplayOn)
    ili9341_GetLcdPixelHeight                0x08003f0f   Thumb Code     6  ili9341.o(.text.ili9341_GetLcdPixelHeight)
    ili9341_GetLcdPixelWidth                 0x08003f15   Thumb Code     4  ili9341.o(.text.ili9341_GetLcdPixelWidth)
    ili9341_Init                             0x08003f19   Thumb Code   658  ili9341.o(.text.ili9341_Init)
    ili9341_ReadID                           0x080041ab   Thumb Code    18  ili9341.o(.text.ili9341_ReadID)
    main                                     0x080041c1   Thumb Code   784  main.o(.text.main)
    temp_change                              0x08004575   Thumb Code    88  main.o(.text.temp_change)
    __0sprintf                               0x080045d5   Thumb Code    34  printfa.o(i.__0sprintf)
    __1sprintf                               0x080045d5   Thumb Code     0  printfa.o(i.__0sprintf)
    __2sprintf                               0x080045d5   Thumb Code     0  printfa.o(i.__0sprintf)
    __c89sprintf                             0x080045d5   Thumb Code     0  printfa.o(i.__0sprintf)
    sprintf                                  0x080045d5   Thumb Code     0  printfa.o(i.__0sprintf)
    __scatterload_copy                       0x080045fd   Thumb Code    14  handlers.o(i.__scatterload_copy)
    __scatterload_null                       0x0800460b   Thumb Code     2  handlers.o(i.__scatterload_null)
    __scatterload_zeroinit                   0x0800460d   Thumb Code    14  handlers.o(i.__scatterload_zeroinit)
    AHBPrescTable                            0x08004ed8   Data          16  system_stm32f4xx.o(.rodata.AHBPrescTable)
    Font20_Table                             0x08004ee8   Data        3800  stm32f429i_discovery_lcd.o(.rodata.Font20_Table)
    Font24_Table                             0x08005dc0   Data        6840  stm32f429i_discovery_lcd.o(.rodata.Font24_Table)
    GPIO_PIN                                 0x08007878   Data           4  stm32f429i_discovery.o(.rodata.GPIO_PIN)
    Region$$Table$$Base                      0x080078a4   Number         0  anon$$obj.o(Region$$Table)
    Region$$Table$$Limit                     0x080078c4   Number         0  anon$$obj.o(Region$$Table)
    ADC3ConvertedValue                       0x20000000   Data           2  main.o(.data.ADC3ConvertedValue)
    BUTTON_PORT                              0x20000004   Data           4  stm32f429i_discovery.o(.data.BUTTON_PORT)
    Font20                                   0x20000008   Data           8  stm32f429i_discovery_lcd.o(.data.Font20)
    Font24                                   0x20000010   Data           8  stm32f429i_discovery_lcd.o(.data.Font24)
    GPIO_PORT                                0x20000018   Data           8  stm32f429i_discovery.o(.data.GPIO_PORT)
    SpixTimeout                              0x20000020   Data           4  stm32f429i_discovery.o(.data.SpixTimeout)
    SystemCoreClock                          0x20000024   Data           4  system_stm32f4xx.o(.data.SystemCoreClock)
    TIM3Period                               0x20000028   Data           2  main.o(.data.TIM3Period)
    TIM3Prescaler                            0x2000002a   Data           2  main.o(.data.TIM3Prescaler)
    TIM3_CCR2_Val                            0x2000002c   Data           2  main.o(.data.TIM3_CCR2_Val)
    ili9341_drv                              0x20000030   Data          56  ili9341.o(.data.ili9341_drv)
    setPoint                                 0x20000068   Data           8  main.o(.data.setPoint)
    uwTickFreq                               0x20000070   Data           1  stm32f4xx_hal.o(.data.uwTickFreq)
    uwTickPrio                               0x20000074   Data           4  stm32f4xx_hal.o(.data.uwTickPrio)
    AdcHandle                                0x2000007c   Data          72  main.o(.bss.AdcHandle)
    LcdDrv                                   0x20000194   Data           4  stm32f429i_discovery_lcd.o(.bss.LcdDrv)
    LtdcHandler                              0x20000198   Data         168  stm32f429i_discovery_lcd.o(.bss.LtdcHandler)
    Tim3_Handle                              0x200002fc   Data          72  main.o(.bss.Tim3_Handle)
    Tim3_OCInitStructure                     0x20000344   Data          28  main.o(.bss.Tim3_OCInitStructure)
    initTemp                                 0x20000380   Data           8  main.o(.bss.initTemp)
    measuredTemp                             0x20000388   Data           8  main.o(.bss.measuredTemp)
    temp_diff                                0x20000390   Data           8  main.o(.bss.temp_diff)
    time                                     0x20000398   Data           4  main.o(.bss.time)
    uwTick                                   0x2000039c   Data           4  stm32f4xx_hal.o(.bss.uwTick)
    __initial_sp                             0x200007a0   Data           0  startup_stm32f429xx.o(STACK)



==============================================================================

Memory Map of the image

  Image Entry point : 0x080001ad

  Load Region LR_IROM1 (Base: 0x08000000, Size: 0x00007940, Max: 0x00200000, ABSOLUTE)

    Execution Region ER_IROM1 (Exec base: 0x08000000, Load base: 0x08000000, Size: 0x000078c4, Max: 0x00200000, ABSOLUTE)

    Exec Addr    Load Addr    Size         Type   Attr      Idx    E Section Name        Object

    0x08000000   0x08000000   0x000001ac   Data   RO         1937    RESET               startup_stm32f429xx.o
    0x080001ac   0x080001ac   0x00000000   Code   RO         1959  * .ARM.Collect$$$$00000000  mc_w.l(entry.o)
    0x080001ac   0x080001ac   0x00000004   Code   RO         2239    .ARM.Collect$$$$00000001  mc_w.l(entry2.o)
    0x080001b0   0x080001b0   0x00000004   Code   RO         2242    .ARM.Collect$$$$00000004  mc_w.l(entry5.o)
    0x080001b4   0x080001b4   0x00000000   Code   RO         2244    .ARM.Collect$$$$00000008  mc_w.l(entry7b.o)
    0x080001b4   0x080001b4   0x00000000   Code   RO         2246    .ARM.Collect$$$$0000000A  mc_w.l(entry8b.o)
    0x080001b4   0x080001b4   0x00000008   Code   RO         2247    .ARM.Collect$$$$0000000B  mc_w.l(entry9a.o)
    0x080001bc   0x080001bc   0x00000000   Code   RO         2249    .ARM.Collect$$$$0000000D  mc_w.l(entry10a.o)
    0x080001bc   0x080001bc   0x00000000   Code   RO         2251    .ARM.Collect$$$$0000000F  mc_w.l(entry11a.o)
    0x080001bc   0x080001bc   0x00000004   Code   RO         2240    .ARM.Collect$$$$00002712  mc_w.l(entry2.o)
    0x080001c0   0x080001c0   0x00000024   Code   RO         1938    .text               startup_stm32f429xx.o
    0x080001e4   0x080001e4   0x00000062   Code   RO         1962    .text               mc_w.l(uldiv.o)
    0x08000246   0x08000246   0x00000024   Code   RO         1964    .text               mc_w.l(memseta.o)
    0x0800026a   0x0800026a   0x0000014e   Code   RO         2227    .text               mf_w.l(dadd.o)
    0x080003b8   0x080003b8   0x000000e4   Code   RO         2229    .text               mf_w.l(dmul.o)
    0x0800049c   0x0800049c   0x00000036   Code   RO         2231    .text               mf_w.l(dcmple.o)
    0x080004d2   0x080004d2   0x0000001a   Code   RO         2233    .text               mf_w.l(dfltui.o)
    0x080004ec   0x080004ec   0x00000026   Code   RO         2235    .text               mf_w.l(f2d.o)
    0x08000512   0x08000512   0x00000038   Code   RO         2237    .text               mf_w.l(d2f.o)
    0x0800054a   0x0800054a   0x0000002c   Code   RO         2267    .text               mc_w.l(uidiv.o)
    0x08000576   0x08000576   0x0000001e   Code   RO         2269    .text               mc_w.l(llshl.o)
    0x08000594   0x08000594   0x00000020   Code   RO         2271    .text               mc_w.l(llushr.o)
    0x080005b4   0x080005b4   0x00000024   Code   RO         2273    .text               mc_w.l(llsshr.o)
    0x080005d8   0x080005d8   0x00000000   Code   RO         2275    .text               mc_w.l(iusefp.o)
    0x080005d8   0x080005d8   0x0000006e   Code   RO         2276    .text               mf_w.l(fepilogue.o)
    0x08000646   0x08000646   0x000000ba   Code   RO         2278    .text               mf_w.l(depilogue.o)
    0x08000700   0x08000700   0x000000de   Code   RO         2280    .text               mf_w.l(ddiv.o)
    0x080007de   0x080007de   0x00000030   Code   RO         2282    .text               mf_w.l(dfixul.o)
    0x0800080e   0x0800080e   0x00000002   PAD
    0x08000810   0x08000810   0x00000030   Code   RO         2284    .text               mf_w.l(cdrcmple.o)
    0x08000840   0x08000840   0x00000024   Code   RO         2286    .text               mc_w.l(init.o)
    0x08000864   0x08000864   0x00000058   Code   RO           12    .text.ADC_Config    main.o
    0x080008bc   0x080008bc   0x00000002   Code   RO           91    .text.ADC_IRQHandler  stm32f4xx_it.o
    0x080008be   0x080008be   0x0000004c   Code   RO          353    .text.BSP_LCD_Clear  stm32f429i_discovery_lcd.o
    0x0800090a   0x0800090a   0x00000002   PAD
    0x0800090c   0x0800090c   0x00000122   Code   RO          361    .text.BSP_LCD_DisplayChar  stm32f429i_discovery_lcd.o
    0x08000a2e   0x08000a2e   0x00000012   Code   RO          393    .text.BSP_LCD_DisplayOn  stm32f429i_discovery_lcd.o
    0x08000a40   0x08000a40   0x0000001e   Code   RO          349    .text.BSP_LCD_GetFont  stm32f429i_discovery_lcd.o
    0x08000a5e   0x08000a5e   0x00000012   Code   RO          307    .text.BSP_LCD_GetXSize  stm32f429i_discovery_lcd.o
    0x08000a70   0x08000a70   0x000000ba   Code   RO          301    .text.BSP_LCD_Init  stm32f429i_discovery_lcd.o
    0x08000b2a   0x08000b2a   0x00000096   Code   RO          311    .text.BSP_LCD_LayerDefaultInit  stm32f429i_discovery_lcd.o
    0x08000bc0   0x08000bc0   0x00000144   Code   RO          303    .text.BSP_LCD_MspInit  stm32f429i_discovery_lcd.o
    0x08000d04   0x08000d04   0x0000000c   Code   RO          313    .text.BSP_LCD_SelectLayer  stm32f429i_discovery_lcd.o
    0x08000d10   0x08000d10   0x0000001e   Code   RO          305    .text.BSP_LCD_SetFont  stm32f429i_discovery_lcd.o
    0x08000d2e   0x08000d2e   0x0000002a   Code   RO          315    .text.BSP_LCD_SetLayerVisible  stm32f429i_discovery_lcd.o
    0x08000d58   0x08000d58   0x00000064   Code   RO          211    .text.BSP_LED_Init  stm32f429i_discovery.o
    0x08000dbc   0x08000dbc   0x00000020   Code   RO          213    .text.BSP_LED_On    stm32f429i_discovery.o
    0x08000ddc   0x08000ddc   0x00000080   Code   RO          219    .text.BSP_PB_Init   stm32f429i_discovery.o
    0x08000e5c   0x08000e5c   0x00000088   Code   RO          421    .text.BSP_SDRAM_Init  stm32f429i_discovery_sdram.o
    0x08000ee4   0x08000ee4   0x00000096   Code   RO          425    .text.BSP_SDRAM_Initialization_sequence  stm32f429i_discovery_sdram.o
    0x08000f7a   0x08000f7a   0x0000018c   Code   RO          423    .text.BSP_SDRAM_MspInit  stm32f429i_discovery_sdram.o
    0x08001106   0x08001106   0x00000002   PAD
    0x08001108   0x08001108   0x00000002   Code   RO           73    .text.BusFault_Handler  stm32f4xx_it.o
    0x0800110a   0x0800110a   0x00000002   PAD
    0x0800110c   0x0800110c   0x000000a2   Code   RO          750    .text.DMA2D_SetConfig  stm32f4xx_hal_dma2d.o
    0x080011ae   0x080011ae   0x00000002   Code   RO           93    .text.DMA2_Stream0_IRQHandler  stm32f4xx_it.o
    0x080011b0   0x080011b0   0x00000002   Code   RO           79    .text.DebugMon_Handler  stm32f4xx_it.o
    0x080011b2   0x080011b2   0x00000006   Code   RO           85    .text.EXTI0_IRQHandler  stm32f4xx_it.o
    0x080011b8   0x080011b8   0x00000030   Code   RO           87    .text.EXTI1_IRQHandler  stm32f4xx_it.o
    0x080011e8   0x080011e8   0x00000030   Code   RO           89    .text.EXTI2_IRQHandler  stm32f4xx_it.o
    0x08001218   0x08001218   0x00000052   Code   RO            8    .text.ExtBtn1_Config  main.o
    0x0800126a   0x0800126a   0x0000005c   Code   RO           10    .text.ExtBtn2_Config  main.o
    0x080012c6   0x080012c6   0x0000007a   Code   RO         1910    .text.FMC_SDRAM_Init  stm32f4xx_ll_fmc.o
    0x08001340   0x08001340   0x00000014   Code   RO         1922    .text.FMC_SDRAM_ProgramRefreshRate  stm32f4xx_ll_fmc.o
    0x08001354   0x08001354   0x0000005a   Code   RO         1920    .text.FMC_SDRAM_SendCommand  stm32f4xx_ll_fmc.o
    0x080013ae   0x080013ae   0x000000d4   Code   RO         1912    .text.FMC_SDRAM_Timing_Init  stm32f4xx_ll_fmc.o
    0x08001482   0x08001482   0x00000078   Code   RO          355    .text.FillBuffer    stm32f429i_discovery_lcd.o
    0x080014fa   0x080014fa   0x00000002   PAD
    0x080014fc   0x080014fc   0x0000013c   Code   RO          603    .text.HAL_ADC_ConfigChannel  stm32f4xx_hal_adc.o
    0x08001638   0x08001638   0x00000006   Code   RO          599    .text.HAL_ADC_GetValue  stm32f4xx_hal_adc.o
    0x0800163e   0x0800163e   0x0000014c   Code   RO          561    .text.HAL_ADC_Init  stm32f4xx_hal_adc.o
    0x0800178a   0x0800178a   0x00000052   Code   RO           55    .text.HAL_ADC_MspInit  stm32f4xx_hal_msp.o
    0x080017dc   0x080017dc   0x000000ae   Code   RO          573    .text.HAL_ADC_PollForConversion  stm32f4xx_hal_adc.o
    0x0800188a   0x0800188a   0x00000002   PAD
    0x0800188c   0x0800188c   0x00000112   Code   RO          569    .text.HAL_ADC_Start  stm32f4xx_hal_adc.o
    0x0800199e   0x0800199e   0x00000096   Code   RO          784    .text.HAL_DMA2D_ConfigLayer  stm32f4xx_hal_dma2d.o
    0x08001a34   0x08001a34   0x00000054   Code   RO          736    .text.HAL_DMA2D_Init  stm32f4xx_hal_dma2d.o
    0x08001a88   0x08001a88   0x00000002   Code   RO          738    .text.HAL_DMA2D_MspInit  stm32f4xx_hal_dma2d.o
    0x08001a8a   0x08001a8a   0x00000002   PAD
    0x08001a8c   0x08001a8c   0x000000fa   Code   RO          776    .text.HAL_DMA2D_PollForTransfer  stm32f4xx_hal_dma2d.o
    0x08001b86   0x08001b86   0x0000003a   Code   RO          748    .text.HAL_DMA2D_Start  stm32f4xx_hal_dma2d.o
    0x08001bc0   0x08001bc0   0x00000086   Code   RO          705    .text.HAL_DMA_DeInit  stm32f4xx_hal_dma.o
    0x08001c46   0x08001c46   0x00000002   PAD
    0x08001c48   0x08001c48   0x00000148   Code   RO          703    .text.HAL_DMA_Init  stm32f4xx_hal_dma.o
    0x08001d90   0x08001d90   0x00000028   Code   RO          512    .text.HAL_Delay     stm32f4xx_hal.o
    0x08001db8   0x08001db8   0x000000a4   Code   RO           22    .text.HAL_GPIO_EXTI_Callback  main.o
    0x08001e5c   0x08001e5c   0x00000016   Code   RO          860    .text.HAL_GPIO_EXTI_IRQHandler  stm32f4xx_hal_gpio.o
    0x08001e72   0x08001e72   0x00000002   PAD
    0x08001e74   0x08001e74   0x000001a4   Code   RO          848    .text.HAL_GPIO_Init  stm32f4xx_hal_gpio.o
    0x08002018   0x08002018   0x0000000a   Code   RO          852    .text.HAL_GPIO_ReadPin  stm32f4xx_hal_gpio.o
    0x08002022   0x08002022   0x0000000a   Code   RO          854    .text.HAL_GPIO_WritePin  stm32f4xx_hal_gpio.o
    0x0800202c   0x0800202c   0x0000000c   Code   RO          504    .text.HAL_GetTick   stm32f4xx_hal.o
    0x08002038   0x08002038   0x0000001a   Code   RO          502    .text.HAL_IncTick   stm32f4xx_hal.o
    0x08002052   0x08002052   0x0000002e   Code   RO          492    .text.HAL_Init      stm32f4xx_hal.o
    0x08002080   0x08002080   0x00000050   Code   RO          494    .text.HAL_InitTick  stm32f4xx_hal.o
    0x080020d0   0x080020d0   0x00000076   Code   RO         1038    .text.HAL_LTDC_ConfigLayer  stm32f4xx_hal_ltdc.o
    0x08002146   0x08002146   0x00000030   Code   RO         1054    .text.HAL_LTDC_EnableDither  stm32f4xx_hal_ltdc.o
    0x08002176   0x08002176   0x000000e4   Code   RO         1022    .text.HAL_LTDC_Init  stm32f4xx_hal_ltdc.o
    0x0800225a   0x0800225a   0x00000002   Code   RO         1024    .text.HAL_LTDC_MspInit  stm32f4xx_hal_ltdc.o
    0x0800225c   0x0800225c   0x00000002   Code   RO          496    .text.HAL_MspInit   stm32f4xx_hal.o
    0x0800225e   0x0800225e   0x00000024   Code   RO          661    .text.HAL_NVIC_EnableIRQ  stm32f4xx_hal_cortex.o
    0x08002282   0x08002282   0x00000056   Code   RO          659    .text.HAL_NVIC_SetPriority  stm32f4xx_hal_cortex.o
    0x080022d8   0x080022d8   0x00000020   Code   RO          657    .text.HAL_NVIC_SetPriorityGrouping  stm32f4xx_hal_cortex.o
    0x080022f8   0x080022f8   0x00000078   Code   RO         1165    .text.HAL_PWREx_EnableOverDrive  stm32f4xx_hal_pwr_ex.o
    0x08002370   0x08002370   0x0000023a   Code   RO         1215    .text.HAL_RCCEx_PeriphCLKConfig  stm32f4xx_hal_rcc_ex.o
    0x080025aa   0x080025aa   0x00000002   PAD
    0x080025ac   0x080025ac   0x0000014e   Code   RO         1183    .text.HAL_RCC_ClockConfig  stm32f4xx_hal_rcc.o
    0x080026fa   0x080026fa   0x0000006a   Code   RO         1185    .text.HAL_RCC_GetSysClockFreq  stm32f4xx_hal_rcc.o
    0x08002764   0x08002764   0x00000358   Code   RO         1181    .text.HAL_RCC_OscConfig  stm32f4xx_hal_rcc.o
    0x08002abc   0x08002abc   0x00000040   Code   RO         1239    .text.HAL_SDRAM_Init  stm32f4xx_hal_sdram.o
    0x08002afc   0x08002afc   0x00000002   Code   RO         1241    .text.HAL_SDRAM_MspInit  stm32f4xx_hal_sdram.o
    0x08002afe   0x08002afe   0x00000030   Code   RO         1283    .text.HAL_SDRAM_ProgramRefreshRate  stm32f4xx_hal_sdram.o
    0x08002b2e   0x08002b2e   0x0000003c   Code   RO         1281    .text.HAL_SDRAM_SendCommand  stm32f4xx_hal_sdram.o
    0x08002b6a   0x08002b6a   0x0000002e   Code   RO         1303    .text.HAL_SPI_DeInit  stm32f4xx_hal_spi.o
    0x08002b98   0x08002b98   0x00000006   Code   RO         1399    .text.HAL_SPI_GetState  stm32f4xx_hal_spi.o
    0x08002b9e   0x08002b9e   0x000000c2   Code   RO         1299    .text.HAL_SPI_Init  stm32f4xx_hal_spi.o
    0x08002c60   0x08002c60   0x00000002   Code   RO         1305    .text.HAL_SPI_MspDeInit  stm32f4xx_hal_spi.o
    0x08002c62   0x08002c62   0x00000002   Code   RO         1301    .text.HAL_SPI_MspInit  stm32f4xx_hal_spi.o
    0x08002c64   0x08002c64   0x000001e0   Code   RO         1311    .text.HAL_SPI_Receive  stm32f4xx_hal_spi.o
    0x08002e44   0x08002e44   0x0000019e   Code   RO         1307    .text.HAL_SPI_Transmit  stm32f4xx_hal_spi.o
    0x08002fe2   0x08002fe2   0x00000002   PAD
    0x08002fe4   0x08002fe4   0x0000027a   Code   RO         1313    .text.HAL_SPI_TransmitReceive  stm32f4xx_hal_spi.o
    0x0800325e   0x0800325e   0x0000002c   Code   RO          669    .text.HAL_SYSTICK_Config  stm32f4xx_hal_cortex.o
    0x0800328a   0x0800328a   0x00000002   PAD
    0x0800328c   0x0800328c   0x00000098   Code   RO         1585    .text.HAL_TIM_PWM_ConfigChannel  stm32f4xx_hal_tim.o
    0x08003324   0x08003324   0x00000058   Code   RO         1479    .text.HAL_TIM_PWM_Init  stm32f4xx_hal_tim.o
    0x0800337c   0x0800337c   0x0000009c   Code   RO           53    .text.HAL_TIM_PWM_MspInit  stm32f4xx_hal_msp.o
    0x08003418   0x08003418   0x00000104   Code   RO         1487    .text.HAL_TIM_PWM_Start  stm32f4xx_hal_tim.o
    0x0800351c   0x0800351c   0x00000094   Code   RO         1489    .text.HAL_TIM_PWM_Stop  stm32f4xx_hal_tim.o
    0x080035b0   0x080035b0   0x00000002   Code   RO           69    .text.HardFault_Handler  stm32f4xx_it.o
    0x080035b2   0x080035b2   0x00000004   Code   RO          235    .text.LCD_Delay     stm32f429i_discovery.o
    0x080035b6   0x080035b6   0x00000002   PAD
    0x080035b8   0x080035b8   0x00000040   Code   RO           16    .text.LCD_DisplayFloat  main.o
    0x080035f8   0x080035f8   0x00000068   Code   RO           14    .text.LCD_DisplayString  main.o
    0x08003660   0x08003660   0x000000d0   Code   RO          223    .text.LCD_IO_Init   stm32f429i_discovery.o
    0x08003730   0x08003730   0x0000007a   Code   RO          233    .text.LCD_IO_ReadData  stm32f429i_discovery.o
    0x080037aa   0x080037aa   0x00000038   Code   RO          227    .text.LCD_IO_WriteData  stm32f429i_discovery.o
    0x080037e2   0x080037e2   0x00000038   Code   RO          231    .text.LCD_IO_WriteReg  stm32f429i_discovery.o
    0x0800381a   0x0800381a   0x00000120   Code   RO         1040    .text.LTDC_SetConfig  stm32f4xx_hal_ltdc.o
    0x0800393a   0x0800393a   0x00000002   PAD
    0x0800393c   0x0800393c   0x00000002   Code   RO           71    .text.MemManage_Handler  stm32f4xx_it.o
    0x0800393e   0x0800393e   0x00000002   Code   RO           67    .text.NMI_Handler   stm32f4xx_it.o
    0x08003940   0x08003940   0x00000002   Code   RO           81    .text.PendSV_Handler  stm32f4xx_it.o
    0x08003942   0x08003942   0x00000056   Code   RO         1317    .text.SPI_EndRxTransaction  stm32f4xx_hal_spi.o
    0x08003998   0x08003998   0x00000066   Code   RO         1309    .text.SPI_EndRxTxTransaction  stm32f4xx_hal_spi.o
    0x080039fe   0x080039fe   0x00000002   PAD
    0x08003a00   0x08003a00   0x000000da   Code   RO         1315    .text.SPI_WaitFlagStateUntilTimeout  stm32f4xx_hal_spi.o
    0x08003ada   0x08003ada   0x0000009c   Code   RO          225    .text.SPIx_Init     stm32f429i_discovery.o
    0x08003b76   0x08003b76   0x0000003a   Code   RO          229    .text.SPIx_Write    stm32f429i_discovery.o
    0x08003bb0   0x08003bb0   0x00000002   Code   RO           77    .text.SVC_Handler   stm32f4xx_it.o
    0x08003bb2   0x08003bb2   0x00000004   Code   RO           83    .text.SysTick_Handler  stm32f4xx_it.o
    0x08003bb6   0x08003bb6   0x00000012   Code   RO         1945    .text.SystemInit    system_stm32f4xx.o
    0x08003bc8   0x08003bc8   0x00000002   Code   RO           95    .text.TIM3_IRQHandler  stm32f4xx_it.o
    0x08003bca   0x08003bca   0x00000002   PAD
    0x08003bcc   0x08003bcc   0x00000094   Code   RO            6    .text.TIM3_PWM_Config  main.o
    0x08003c60   0x08003c60   0x00000002   Code   RO           97    .text.TIM4_IRQHandler  stm32f4xx_it.o
    0x08003c62   0x08003c62   0x0000011c   Code   RO         1429    .text.TIM_Base_SetConfig  stm32f4xx_hal_tim.o
    0x08003d7e   0x08003d7e   0x00000064   Code   RO         1573    .text.TIM_OC1_SetConfig  stm32f4xx_hal_tim.o
    0x08003de2   0x08003de2   0x00000068   Code   RO         1575    .text.TIM_OC2_SetConfig  stm32f4xx_hal_tim.o
    0x08003e4a   0x08003e4a   0x00000066   Code   RO         1577    .text.TIM_OC3_SetConfig  stm32f4xx_hal_tim.o
    0x08003eb0   0x08003eb0   0x0000004e   Code   RO         1579    .text.TIM_OC4_SetConfig  stm32f4xx_hal_tim.o
    0x08003efe   0x08003efe   0x00000002   PAD
    0x08003f00   0x08003f00   0x00000002   Code   RO           75    .text.UsageFault_Handler  stm32f4xx_it.o
    0x08003f02   0x08003f02   0x00000006   Code   RO          112    .text.ili9341_DisplayOff  ili9341.o
    0x08003f08   0x08003f08   0x00000006   Code   RO          110    .text.ili9341_DisplayOn  ili9341.o
    0x08003f0e   0x08003f0e   0x00000006   Code   RO          116    .text.ili9341_GetLcdPixelHeight  ili9341.o
    0x08003f14   0x08003f14   0x00000004   Code   RO          114    .text.ili9341_GetLcdPixelWidth  ili9341.o
    0x08003f18   0x08003f18   0x00000292   Code   RO          106    .text.ili9341_Init  ili9341.o
    0x080041aa   0x080041aa   0x00000012   Code   RO          108    .text.ili9341_ReadID  ili9341.o
    0x080041bc   0x080041bc   0x00000004   PAD
    0x080041c0   0x080041c0   0x000003b4   Code   RO            2    .text.main          main.o
    0x08004574   0x08004574   0x00000060   Code   RO           20    .text.temp_change   main.o
    0x080045d4   0x080045d4   0x00000028   Code   RO         2201    i.__0sprintf        mc_w.l(printfa.o)
    0x080045fc   0x080045fc   0x0000000e   Code   RO         2292    i.__scatterload_copy  mc_w.l(handlers.o)
    0x0800460a   0x0800460a   0x00000002   Code   RO         2293    i.__scatterload_null  mc_w.l(handlers.o)
    0x0800460c   0x0800460c   0x0000000e   Code   RO         2294    i.__scatterload_zeroinit  mc_w.l(handlers.o)
    0x0800461a   0x0800461a   0x00000002   PAD
    0x0800461c   0x0800461c   0x00000184   Code   RO         2206    i._fp_digits        mc_w.l(printfa.o)
    0x080047a0   0x080047a0   0x000006dc   Code   RO         2207    i._printf_core      mc_w.l(printfa.o)
    0x08004e7c   0x08004e7c   0x00000024   Code   RO         2208    i._printf_post_padding  mc_w.l(printfa.o)
    0x08004ea0   0x08004ea0   0x0000002e   Code   RO         2209    i._printf_pre_padding  mc_w.l(printfa.o)
    0x08004ece   0x08004ece   0x0000000a   Code   RO         2211    i._sputc            mc_w.l(printfa.o)
    0x08004ed8   0x08004ed8   0x00000010   Data   RO         1950    .rodata.AHBPrescTable  system_stm32f4xx.o
    0x08004ee8   0x08004ee8   0x00000ed8   Data   RO          399    .rodata.Font20_Table  stm32f429i_discovery_lcd.o
    0x08005dc0   0x08005dc0   0x00001ab8   Data   RO          397    .rodata.Font24_Table  stm32f429i_discovery_lcd.o
    0x08007878   0x08007878   0x00000004   Data   RO          262    .rodata.GPIO_PIN    stm32f429i_discovery.o
    0x0800787c   0x0800787c   0x00000020   Data   RO         1102    .rodata.cst32       stm32f4xx_hal_ltdc.o
    0x0800789c   0x0800789c   0x00000008   Data   RO          727    .rodata.cst8        stm32f4xx_hal_dma.o
    0x080078a4   0x080078a4   0x00000020   Data   RO         2291    Region$$Table       anon$$obj.o


    Execution Region RW_IRAM1 (Exec base: 0x20000000, Load base: 0x080078c8, Size: 0x000007a0, Max: 0x00030000, ABSOLUTE)

    Exec Addr    Load Addr    Size         Type   Attr      Idx    E Section Name        Object

    0x20000000   0x080078c8   0x00000002   Data   RW           28    .data.ADC3ConvertedValue  main.o
    0x20000002   0x080078ca   0x00000002   PAD
    0x20000004   0x080078cc   0x00000004   Data   RW          263    .data.BUTTON_PORT   stm32f429i_discovery.o
    0x20000008   0x080078d0   0x00000008   Data   RW          400    .data.Font20        stm32f429i_discovery_lcd.o
    0x20000010   0x080078d8   0x00000008   Data   RW          398    .data.Font24        stm32f429i_discovery_lcd.o
    0x20000018   0x080078e0   0x00000008   Data   RW          261    .data.GPIO_PORT     stm32f429i_discovery.o
    0x20000020   0x080078e8   0x00000004   Data   RW          267    .data.SpixTimeout   stm32f429i_discovery.o
    0x20000024   0x080078ec   0x00000004   Data   RW         1949    .data.SystemCoreClock  system_stm32f4xx.o
    0x20000028   0x080078f0   0x00000002   Data   RW           30    .data.TIM3Period    main.o
    0x2000002a   0x080078f2   0x00000002   Data   RW           29    .data.TIM3Prescaler  main.o
    0x2000002c   0x080078f4   0x00000002   Data   RW           31    .data.TIM3_CCR2_Val  main.o
    0x2000002e   0x080078f6   0x00000002   PAD
    0x20000030   0x080078f8   0x00000038   Data   RW          124    .data.ili9341_drv   ili9341.o
    0x20000068   0x08007930   0x00000008   Data   RW           32    .data.setPoint      main.o
    0x20000070   0x08007938   0x00000001   Data   RW          551    .data.uwTickFreq    stm32f4xx_hal.o
    0x20000071   0x08007939   0x00000003   PAD
    0x20000074   0x0800793c   0x00000004   Data   RW          550    .data.uwTickPrio    stm32f4xx_hal.o
    0x20000078        -       0x00000004   Zero   RW          411    .bss.ActiveLayer    stm32f429i_discovery_lcd.o
    0x2000007c        -       0x00000048   Zero   RW           33    .bss.AdcHandle      main.o
    0x200000c4        -       0x00000001   Zero   RW          441    .bss.BSP_SDRAM_Init.sdramstatus  stm32f429i_discovery_sdram.o
    0x200000c5   0x08007940   0x00000003   PAD
    0x200000c8        -       0x00000060   Zero   RW          445    .bss.BSP_SDRAM_MspInit.dmaHandle  stm32f429i_discovery_sdram.o
    0x20000128        -       0x00000010   Zero   RW          444    .bss.Command        stm32f429i_discovery_sdram.o
    0x20000138        -       0x00000040   Zero   RW          412    .bss.Dma2dHandler   stm32f429i_discovery_lcd.o
    0x20000178        -       0x00000018   Zero   RW          410    .bss.DrawProp       stm32f429i_discovery_lcd.o
    0x20000190        -       0x00000001   Zero   RW          268    .bss.Is_LCD_IO_Initialized  stm32f429i_discovery.o
    0x20000191   0x08007940   0x00000003   PAD
    0x20000194        -       0x00000004   Zero   RW          409    .bss.LcdDrv         stm32f429i_discovery_lcd.o
    0x20000198        -       0x000000a8   Zero   RW          407    .bss.LtdcHandler    stm32f429i_discovery_lcd.o
    0x20000240        -       0x00000030   Zero   RW          408    .bss.PeriphClkInitStruct  stm32f429i_discovery_lcd.o
    0x20000270        -       0x00000034   Zero   RW          442    .bss.SdramHandle    stm32f429i_discovery_sdram.o
    0x200002a4        -       0x00000058   Zero   RW          270    .bss.SpiHandle      stm32f429i_discovery.o
    0x200002fc        -       0x00000048   Zero   RW           37    .bss.Tim3_Handle    main.o
    0x20000344        -       0x0000001c   Zero   RW           38    .bss.Tim3_OCInitStructure  main.o
    0x20000360        -       0x0000001c   Zero   RW          443    .bss.Timing         stm32f429i_discovery_sdram.o
    0x2000037c   0x08007940   0x00000004   PAD
    0x20000380        -       0x00000008   Zero   RW           34    .bss.initTemp       main.o
    0x20000388        -       0x00000008   Zero   RW           35    .bss.measuredTemp   main.o
    0x20000390        -       0x00000008   Zero   RW           36    .bss.temp_diff      main.o
    0x20000398        -       0x00000004   Zero   RW           39    .bss.time           main.o
    0x2000039c        -       0x00000004   Zero   RW          552    .bss.uwTick         stm32f4xx_hal.o
    0x200003a0        -       0x00000400   Zero   RW         1935    STACK               startup_stm32f429xx.o


==============================================================================

Image component sizes


      Code (inc. data)   RO Data    RW Data    ZI Data      Debug   Object Name

       698          0          0         56          0       5671   ili9341.o
      1786        188          0         16        200      13982   main.o
        36          8        428          0       1024        868   startup_stm32f429xx.o
       920          0          4         16         89      16666   stm32f429i_discovery.o
      1296          0      10640         16        312      33217   stm32f429i_discovery_lcd.o
       682          0          0          0        193      10139   stm32f429i_discovery_sdram.o
       206          0          0          5          4       7965   stm32f4xx_hal.o
      1102          0          0          0          0      11624   stm32f4xx_hal_adc.o
       198          0          0          0          0      10823   stm32f4xx_hal_cortex.o
       462          4          8          0          0      10118   stm32f4xx_hal_dma.o
       706          4          0          0          0      13634   stm32f4xx_hal_dma2d.o
       462          0          0          0          0       5301   stm32f4xx_hal_gpio.o
       684          0         32          0          0      15349   stm32f4xx_hal_ltdc.o
       238          0          0          0          0       9072   stm32f4xx_hal_msp.o
       120          0          0          0          0       4830   stm32f4xx_hal_pwr_ex.o
      1296          0          0          0          0       7602   stm32f4xx_hal_rcc.o
       570          0          0          0          0       5837   stm32f4xx_hal_rcc_ex.o
       174          0          0          0          0      11990   stm32f4xx_hal_sdram.o
      2184          0          0          0          0      23377   stm32f4xx_hal_spi.o
      1316          4          0          0          0      50114   stm32f4xx_hal_tim.o
       130          0          0          0          0       2789   stm32f4xx_it.o
       444          0          0          0          0      11033   stm32f4xx_ll_fmc.o
        18          0         16          4          0       2802   system_stm32f4xx.o

    ----------------------------------------------------------------------
     15764        208      11160        120       1832     284803   Object Totals
         0          0         32          0          0          0   (incl. Generated)
        36          0          0          7         10          0   (incl. Padding)

    ----------------------------------------------------------------------

      Code (inc. data)   RO Data    RW Data    ZI Data      Debug   Library Member Name

         0          0          0          0          0          0   entry.o
         0          0          0          0          0          0   entry10a.o
         0          0          0          0          0          0   entry11a.o
         8          4          0          0          0          0   entry2.o
         4          0          0          0          0          0   entry5.o
         0          0          0          0          0          0   entry7b.o
         0          0          0          0          0          0   entry8b.o
         8          4          0          0          0          0   entry9a.o
        30          0          0          0          0          0   handlers.o
        36          8          0          0          0         68   init.o
         0          0          0          0          0          0   iusefp.o
        30          0          0          0          0         68   llshl.o
        36          0          0          0          0         68   llsshr.o
        32          0          0          0          0         68   llushr.o
        36          0          0          0          0        108   memseta.o
      2276         86          0          0          0        520   printfa.o
        44          0          0          0          0         80   uidiv.o
        98          0          0          0          0         92   uldiv.o
        48          0          0          0          0         68   cdrcmple.o
        56          0          0          0          0         88   d2f.o
       334          0          0          0          0        148   dadd.o
        54          0          0          0          0         80   dcmple.o
       222          0          0          0          0        100   ddiv.o
       186          0          0          0          0        176   depilogue.o
        48          0          0          0          0         68   dfixul.o
        26          0          0          0          0         76   dfltui.o
       228          0          0          0          0         96   dmul.o
        38          0          0          0          0         68   f2d.o
       110          0          0          0          0        168   fepilogue.o

    ----------------------------------------------------------------------
      3992        102          0          0          0       2208   Library Totals
         4          0          0          0          0          0   (incl. Padding)

    ----------------------------------------------------------------------

      Code (inc. data)   RO Data    RW Data    ZI Data      Debug   Library Name

      2638        102          0          0          0       1072   mc_w.l
      1350          0          0          0          0       1136   mf_w.l

    ----------------------------------------------------------------------
      3992        102          0          0          0       2208   Library Totals

    ----------------------------------------------------------------------

==============================================================================


      Code (inc. data)   RO Data    RW Data    ZI Data      Debug   

     19756        310      11160        120       1832     285703   Grand Totals
     19756        310      11160        120       1832     285703   ELF Image Totals
     19756        310      11160        120          0          0   ROM Totals

==============================================================================

    Total RO  Size (Code + RO Data)                30916 (  30.19kB)
    Total RW  Size (RW Data + ZI Data)              1952 (   1.91kB)
    Total ROM Size (Code + RO Data + RW Data)      31036 (  30.31kB)

==============================================================================

