Component: Arm Compiler for Embedded 6.19 Tool: armlink [5e73cb00]

==============================================================================

Section Cross References

    main.o(.text.main) refers to stm32f4xx_hal.o(.text.HAL_Init) for HAL_Init
    main.o(.text.main) refers to stm32f4xx_hal_rcc.o(.text.HAL_RCC_OscConfig) for HAL_RCC_OscConfig
    main.o(.text.main) refers to stm32f429i_discovery.o(.text.BSP_LED_On) for BSP_LED_On
    main.o(.text.main) refers to stm32f4xx_hal_pwr_ex.o(.text.HAL_PWREx_EnableOverDrive) for HAL_PWREx_EnableOverDrive
    main.o(.text.main) refers to stm32f4xx_hal_rcc.o(.text.HAL_RCC_ClockConfig) for HAL_RCC_ClockConfig
    main.o(.text.main) refers to stm32f4xx_hal.o(.text.HAL_InitTick) for HAL_InitTick
    main.o(.text.main) refers to stm32f429i_discovery_lcd.o(.text.BSP_LCD_Init) for BSP_LCD_Init
    main.o(.text.main) refers to stm32f429i_discovery_lcd.o(.text.BSP_LCD_LayerDefaultInit) for BSP_LCD_LayerDefaultInit
    main.o(.text.main) refers to stm32f429i_discovery_lcd.o(.text.BSP_LCD_SelectLayer) for BSP_LCD_SelectLayer
    main.o(.text.main) refers to stm32f429i_discovery_lcd.o(.text.BSP_LCD_SetLayerVisible) for BSP_LCD_SetLayerVisible
    main.o(.text.main) refers to stm32f429i_discovery_lcd.o(.text.BSP_LCD_Clear) for BSP_LCD_Clear
    main.o(.text.main) refers to stm32f429i_discovery_lcd.o(.text.BSP_LCD_DisplayOn) for BSP_LCD_DisplayOn
    main.o(.text.main) refers to stm32f429i_discovery_lcd.o(.data.Font20) for Font20
    main.o(.text.main) refers to stm32f429i_discovery_lcd.o(.text.BSP_LCD_SetFont) for BSP_LCD_SetFont
    main.o(.text.main) refers to stm32f4xx_hal_gpio.o(.text.HAL_GPIO_Init) for HAL_GPIO_Init
    main.o(.text.main) refers to stm32f4xx_hal_cortex.o(.text.HAL_NVIC_SetPriority) for HAL_NVIC_SetPriority
    main.o(.text.main) refers to stm32f4xx_hal_cortex.o(.text.HAL_NVIC_EnableIRQ) for HAL_NVIC_EnableIRQ
    main.o(.text.main) refers to stm32f429i_discovery.o(.text.BSP_PB_Init) for BSP_PB_Init
    main.o(.text.main) refers to stm32f4xx_hal_gpio.o(.text.HAL_GPIO_WritePin) for HAL_GPIO_WritePin
    main.o(.text.main) refers to main.o(.bss.cycle) for cycle
    main.o(.text.main) refers to main.o(.data.light) for light
    main.o(.text.main) refers to main.o(.text.LCD_DisplayString) for LCD_DisplayString
    main.o(.text.main) refers to main.o(.bss.Tim3_OCR) for Tim3_OCR
    main.o(.text.main) refers to system_stm32f4xx.o(.data.SystemCoreClock) for SystemCoreClock
    main.o(.text.main) refers to main.o(.bss.Tim3_PrescalerValue) for Tim3_PrescalerValue
    main.o(.text.main) refers to main.o(.bss.Tim3_Handle) for Tim3_Handle
    main.o(.text.main) refers to stm32f4xx_hal_tim.o(.text.HAL_TIM_Base_Init) for HAL_TIM_Base_Init
    main.o(.text.main) refers to stm32f4xx_hal_tim.o(.text.HAL_TIM_Base_Start_IT) for HAL_TIM_Base_Start_IT
    main.o(.ARM.exidx.text.main) refers to main.o(.text.main) for [Anonymous Symbol]
    main.o(.text.ExtBtn1_Config) refers to stm32f4xx_hal_gpio.o(.text.HAL_GPIO_Init) for HAL_GPIO_Init
    main.o(.text.ExtBtn1_Config) refers to stm32f4xx_hal_cortex.o(.text.HAL_NVIC_SetPriority) for HAL_NVIC_SetPriority
    main.o(.text.ExtBtn1_Config) refers to stm32f4xx_hal_cortex.o(.text.HAL_NVIC_EnableIRQ) for HAL_NVIC_EnableIRQ
    main.o(.ARM.exidx.text.ExtBtn1_Config) refers to main.o(.text.ExtBtn1_Config) for [Anonymous Symbol]
    main.o(.text.ExtBtn2_Config) refers to stm32f4xx_hal_gpio.o(.text.HAL_GPIO_Init) for HAL_GPIO_Init
    main.o(.text.ExtBtn2_Config) refers to stm32f4xx_hal_cortex.o(.text.HAL_NVIC_SetPriority) for HAL_NVIC_SetPriority
    main.o(.text.ExtBtn2_Config) refers to stm32f4xx_hal_cortex.o(.text.HAL_NVIC_EnableIRQ) for HAL_NVIC_EnableIRQ
    main.o(.ARM.exidx.text.ExtBtn2_Config) refers to main.o(.text.ExtBtn2_Config) for [Anonymous Symbol]
    main.o(.text.ExtBtn3_Config) refers to stm32f4xx_hal_gpio.o(.text.HAL_GPIO_Init) for HAL_GPIO_Init
    main.o(.text.ExtBtn3_Config) refers to stm32f4xx_hal_cortex.o(.text.HAL_NVIC_SetPriority) for HAL_NVIC_SetPriority
    main.o(.text.ExtBtn3_Config) refers to stm32f4xx_hal_cortex.o(.text.HAL_NVIC_EnableIRQ) for HAL_NVIC_EnableIRQ
    main.o(.ARM.exidx.text.ExtBtn3_Config) refers to main.o(.text.ExtBtn3_Config) for [Anonymous Symbol]
    main.o(.text.Power_Config) refers to stm32f4xx_hal_gpio.o(.text.HAL_GPIO_Init) for HAL_GPIO_Init
    main.o(.ARM.exidx.text.Power_Config) refers to main.o(.text.Power_Config) for [Anonymous Symbol]
    main.o(.text.Power_Reset) refers to stm32f4xx_hal_gpio.o(.text.HAL_GPIO_WritePin) for HAL_GPIO_WritePin
    main.o(.text.Power_Reset) refers to main.o(.bss.cycle) for cycle
    main.o(.text.Power_Reset) refers to main.o(.data.light) for light
    main.o(.ARM.exidx.text.Power_Reset) refers to main.o(.text.Power_Reset) for [Anonymous Symbol]
    main.o(.text.LCD_DisplayString) refers to stm32f429i_discovery_lcd.o(.text.BSP_LCD_GetFont) for BSP_LCD_GetFont
[...]
    Removing stm32f4xx_hal_tim_ex.o(.ARM.exidx.text.HAL_TIMEx_PWMN_Start_IT), (8 bytes).
    Removing stm32f4xx_hal_tim_ex.o(.text.HAL_TIMEx_PWMN_Stop_IT), (138 bytes).
    Removing stm32f4xx_hal_tim_ex.o(.ARM.exidx.text.HAL_TIMEx_PWMN_Stop_IT), (8 bytes).
    Removing stm32f4xx_hal_tim_ex.o(.text.HAL_TIMEx_PWMN_Start_DMA), (306 bytes).
    Removing stm32f4xx_hal_tim_ex.o(.ARM.exidx.text.HAL_TIMEx_PWMN_Start_DMA), (8 bytes).
    Removing stm32f4xx_hal_tim_ex.o(.text.HAL_TIMEx_PWMN_Stop_DMA), (150 bytes).
    Removing stm32f4xx_hal_tim_ex.o(.ARM.exidx.text.HAL_TIMEx_PWMN_Stop_DMA), (8 bytes).
    Removing stm32f4xx_hal_tim_ex.o(.text.HAL_TIMEx_OnePulseN_Start), (38 bytes).
    Removing stm32f4xx_hal_tim_ex.o(.ARM.exidx.text.HAL_TIMEx_OnePulseN_Start), (8 bytes).
    Removing stm32f4xx_hal_tim_ex.o(.text.HAL_TIMEx_OnePulseN_Stop), (84 bytes).
    Removing stm32f4xx_hal_tim_ex.o(.ARM.exidx.text.HAL_TIMEx_OnePulseN_Stop), (8 bytes).
    Removing stm32f4xx_hal_tim_ex.o(.text.HAL_TIMEx_OnePulseN_Start_IT), (54 bytes).
    Removing stm32f4xx_hal_tim_ex.o(.ARM.exidx.text.HAL_TIMEx_OnePulseN_Start_IT), (8 bytes).
    Removing stm32f4xx_hal_tim_ex.o(.text.HAL_TIMEx_OnePulseN_Stop_IT), (100 bytes).
    Removing stm32f4xx_hal_tim_ex.o(.ARM.exidx.text.HAL_TIMEx_OnePulseN_Stop_IT), (8 bytes).
    Removing stm32f4xx_hal_tim_ex.o(.text.HAL_TIMEx_ConfigCommutEvent), (104 bytes).
    Removing stm32f4xx_hal_tim_ex.o(.ARM.exidx.text.HAL_TIMEx_ConfigCommutEvent), (8 bytes).
    Removing stm32f4xx_hal_tim_ex.o(.text.HAL_TIMEx_ConfigCommutEvent_IT), (104 bytes).
    Removing stm32f4xx_hal_tim_ex.o(.ARM.exidx.text.HAL_TIMEx_ConfigCommutEvent_IT), (8 bytes).
    Removing stm32f4xx_hal_tim_ex.o(.text.HAL_TIMEx_ConfigCommutEvent_DMA), (144 bytes).
    Removing stm32f4xx_hal_tim_ex.o(.ARM.exidx.text.HAL_TIMEx_ConfigCommutEvent_DMA), (8 bytes).
    Removing stm32f4xx_hal_tim_ex.o(.text.TIMEx_DMACommutationCplt), (12 bytes).
    Removing stm32f4xx_hal_tim_ex.o(.ARM.exidx.text.TIMEx_DMACommutationCplt), (8 bytes).
    Removing stm32f4xx_hal_tim_ex.o(.text.TIMEx_DMACommutationHalfCplt), (12 bytes).
    Removing stm32f4xx_hal_tim_ex.o(.ARM.exidx.text.TIMEx_DMACommutationHalfCplt), (8 bytes).
    Removing stm32f4xx_hal_tim_ex.o(.text.HAL_TIMEx_MasterConfigSynchronization), (184 bytes).
    Removing stm32f4xx_hal_tim_ex.o(.ARM.exidx.text.HAL_TIMEx_MasterConfigSynchronization), (8 bytes).
    Removing stm32f4xx_hal_tim_ex.o(.text.HAL_TIMEx_ConfigBreakDeadTime), (76 bytes).
    Removing stm32f4xx_hal_tim_ex.o(.ARM.exidx.text.HAL_TIMEx_ConfigBreakDeadTime), (8 bytes).
    Removing stm32f4xx_hal_tim_ex.o(.text.HAL_TIMEx_RemapConfig), (26 bytes).
    Removing stm32f4xx_hal_tim_ex.o(.ARM.exidx.text.HAL_TIMEx_RemapConfig), (8 bytes).
    Removing stm32f4xx_hal_tim_ex.o(.ARM.exidx.text.HAL_TIMEx_CommutCallback), (8 bytes).
    Removing stm32f4xx_hal_tim_ex.o(.text.HAL_TIMEx_CommutHalfCpltCallback), (2 bytes).
    Removing stm32f4xx_hal_tim_ex.o(.ARM.exidx.text.HAL_TIMEx_CommutHalfCpltCallback), (8 bytes).
    Removing stm32f4xx_hal_tim_ex.o(.ARM.exidx.text.HAL_TIMEx_BreakCallback), (8 bytes).
    Removing stm32f4xx_hal_tim_ex.o(.text.HAL_TIMEx_HallSensor_GetState), (6 bytes).
    Removing stm32f4xx_hal_tim_ex.o(.ARM.exidx.text.HAL_TIMEx_HallSensor_GetState), (8 bytes).
    Removing stm32f4xx_ll_fmc.o(.text), (0 bytes).
    Removing stm32f4xx_ll_fmc.o(.text.FMC_NORSRAM_Init), (120 bytes).
    Removing stm32f4xx_ll_fmc.o(.ARM.exidx.text.FMC_NORSRAM_Init), (8 bytes).
    Removing stm32f4xx_ll_fmc.o(.text.FMC_NORSRAM_DeInit), (48 bytes).
    Removing stm32f4xx_ll_fmc.o(.ARM.exidx.text.FMC_NORSRAM_DeInit), (8 bytes).
    Removing stm32f4xx_ll_fmc.o(.text.FMC_NORSRAM_Timing_Init), (94 bytes).
    Removing stm32f4xx_ll_fmc.o(.ARM.exidx.text.FMC_NORSRAM_Timing_Init), (8 bytes).
    Removing stm32f4xx_ll_fmc.o(.text.FMC_NORSRAM_Extended_Timing_Init), (66 bytes).
    Removing stm32f4xx_ll_fmc.o(.ARM.exidx.text.FMC_NORSRAM_Extended_Timing_Init), (8 bytes).
    Removing stm32f4xx_ll_fmc.o(.text.FMC_NORSRAM_WriteOperation_Enable), (18 bytes).
    Removing stm32f4xx_ll_fmc.o(.ARM.exidx.text.FMC_NORSRAM_WriteOperation_Enable), (8 bytes).
    Removing stm32f4xx_ll_fmc.o(.text.FMC_NORSRAM_WriteOperation_Disable), (18 bytes).
    Removing stm32f4xx_ll_fmc.o(.ARM.exidx.text.FMC_NORSRAM_WriteOperation_Disable), (8 bytes).
    Removing stm32f4xx_ll_fmc.o(.text.FMC_NAND_Init), (62 bytes).
    Removing stm32f4xx_ll_fmc.o(.ARM.exidx.text.FMC_NAND_Init), (8 bytes).
    Removing stm32f4xx_ll_fmc.o(.text.FMC_NAND_CommonSpace_Timing_Init), (42 bytes).
    Removing stm32f4xx_ll_fmc.o(.ARM.exidx.text.FMC_NAND_CommonSpace_Timing_Init), (8 bytes).
    Removing stm32f4xx_ll_fmc.o(.text.FMC_NAND_AttributeSpace_Timing_Init), (42 bytes).
    Removing stm32f4xx_ll_fmc.o(.ARM.exidx.text.FMC_NAND_AttributeSpace_Timing_Init), (8 bytes).
    Removing stm32f4xx_ll_fmc.o(.text.FMC_NAND_DeInit), (66 bytes).
    Removing stm32f4xx_ll_fmc.o(.ARM.exidx.text.FMC_NAND_DeInit), (8 bytes).
    Removing stm32f4xx_ll_fmc.o(.text.FMC_NAND_ECC_Enable), (20 bytes).
    Removing stm32f4xx_ll_fmc.o(.ARM.exidx.text.FMC_NAND_ECC_Enable), (8 bytes).
    Removing stm32f4xx_ll_fmc.o(.text.FMC_NAND_ECC_Disable), (20 bytes).
    Removing stm32f4xx_ll_fmc.o(.ARM.exidx.text.FMC_NAND_ECC_Disable), (8 bytes).
    Removing stm32f4xx_ll_fmc.o(.text.FMC_NAND_GetECC), (100 bytes).
    Removing stm32f4xx_ll_fmc.o(.ARM.exidx.text.FMC_NAND_GetECC), (8 bytes).
    Removing stm32f4xx_ll_fmc.o(.text.FMC_PCCARD_Init), (44 bytes).
    Removing stm32f4xx_ll_fmc.o(.ARM.exidx.text.FMC_PCCARD_Init), (8 bytes).
    Removing stm32f4xx_ll_fmc.o(.text.FMC_PCCARD_CommonSpace_Timing_Init), (30 bytes).
    Removing stm32f4xx_ll_fmc.o(.ARM.exidx.text.FMC_PCCARD_CommonSpace_Timing_Init), (8 bytes).
    Removing stm32f4xx_ll_fmc.o(.text.FMC_PCCARD_AttributeSpace_Timing_Init), (30 bytes).
    Removing stm32f4xx_ll_fmc.o(.ARM.exidx.text.FMC_PCCARD_AttributeSpace_Timing_Init), (8 bytes).
    Removing stm32f4xx_ll_fmc.o(.text.FMC_PCCARD_IOSpace_Timing_Init), (30 bytes).
    Removing stm32f4xx_ll_fmc.o(.ARM.exidx.text.FMC_PCCARD_IOSpace_Timing_Init), (8 bytes).
    Removing stm32f4xx_ll_fmc.o(.text.FMC_PCCARD_DeInit), (32 bytes).
    Removing stm32f4xx_ll_fmc.o(.ARM.exidx.text.FMC_PCCARD_DeInit), (8 bytes).
    Removing stm32f4xx_ll_fmc.o(.ARM.exidx.text.FMC_SDRAM_Init), (8 bytes).
    Removing stm32f4xx_ll_fmc.o(.ARM.exidx.text.FMC_SDRAM_Timing_Init), (8 bytes).
    Removing stm32f4xx_ll_fmc.o(.text.FMC_SDRAM_DeInit), (32 bytes).
    Removing stm32f4xx_ll_fmc.o(.ARM.exidx.text.FMC_SDRAM_DeInit), (8 bytes).
    Removing stm32f4xx_ll_fmc.o(.text.FMC_SDRAM_WriteProtection_Enable), (18 bytes).
    Removing stm32f4xx_ll_fmc.o(.ARM.exidx.text.FMC_SDRAM_WriteProtection_Enable), (8 bytes).
    Removing stm32f4xx_ll_fmc.o(.text.FMC_SDRAM_WriteProtection_Disable), (18 bytes).
    Removing stm32f4xx_ll_fmc.o(.ARM.exidx.text.FMC_SDRAM_WriteProtection_Disable), (8 bytes).
    Removing stm32f4xx_ll_fmc.o(.ARM.exidx.text.FMC_SDRAM_SendCommand), (8 bytes).
    Removing stm32f4xx_ll_fmc.o(.ARM.exidx.text.FMC_SDRAM_ProgramRefreshRate), (8 bytes).
    Removing stm32f4xx_ll_fmc.o(.text.FMC_SDRAM_SetAutoRefreshNumber), (14 bytes).
    Removing stm32f4xx_ll_fmc.o(.ARM.exidx.text.FMC_SDRAM_SetAutoRefreshNumber), (8 bytes).
    Removing stm32f4xx_ll_fmc.o(.text.FMC_SDRAM_GetModeStatus), (14 bytes).
    Removing stm32f4xx_ll_fmc.o(.ARM.exidx.text.FMC_SDRAM_GetModeStatus), (8 bytes).
    Removing startup_stm32f429xx.o(HEAP), (512 bytes).
    Removing system_stm32f4xx.o(.text), (0 bytes).
    Removing system_stm32f4xx.o(.ARM.exidx.text.SystemInit), (8 bytes).
    Removing system_stm32f4xx.o(.text.SystemCoreClockUpdate), (134 bytes).
    Removing system_stm32f4xx.o(.ARM.exidx.text.SystemCoreClockUpdate), (8 bytes).
    Removing system_stm32f4xx.o(.rodata.APBPrescTable), (8 bytes).
    Removing f2d.o(.text), (38 bytes).
    Removing dadd.o(.text), (334 bytes).
    Removing dmul.o(.text), (228 bytes).
    Removing ddiv.o(.text), (222 bytes).
    Removing dfixul.o(.text), (48 bytes).
    Removing cdrcmple.o(.text), (48 bytes).
    Removing depilogue.o(.text), (186 bytes).

1286 unused section(s) (total 71595 bytes) removed from the image.

==============================================================================

Image Symbol Table

    Local Symbols

    Symbol Name                              Value     Ov Type        Size  Object(Section)

    ../clib/division.s                       0x00000000   Number         0  aeabi_sdiv.o ABSOLUTE
    ../clib/microlib/division.c              0x00000000   Number         0  uldiv.o ABSOLUTE
    ../clib/microlib/division.c              0x00000000   Number         0  uidiv.o ABSOLUTE
    ../clib/microlib/init/entry.s            0x00000000   Number         0  entry.o ABSOLUTE
    ../clib/microlib/init/entry.s            0x00000000   Number         0  entry2.o ABSOLUTE
    ../clib/microlib/init/entry.s            0x00000000   Number         0  entry5.o ABSOLUTE
    ../clib/microlib/init/entry.s            0x00000000   Number         0  entry7a.o ABSOLUTE
    ../clib/microlib/init/entry.s            0x00000000   Number         0  entry7b.o ABSOLUTE
    ../clib/microlib/init/entry.s            0x00000000   Number         0  entry8a.o ABSOLUTE
    ../clib/microlib/init/entry.s            0x00000000   Number         0  entry8b.o ABSOLUTE
    ../clib/microlib/init/entry.s            0x00000000   Number         0  entry9a.o ABSOLUTE
    ../clib/microlib/init/entry.s            0x00000000   Number         0  entry9b.o ABSOLUTE
    ../clib/microlib/init/entry.s            0x00000000   Number         0  entry10a.o ABSOLUTE
    ../clib/microlib/init/entry.s            0x00000000   Number         0  entry10b.o ABSOLUTE
    ../clib/microlib/init/entry.s            0x00000000   Number         0  entry11a.o ABSOLUTE
    ../clib/microlib/init/entry.s            0x00000000   Number         0  entry11b.o ABSOLUTE
    ../clib/microlib/longlong.c              0x00000000   Number         0  llshl.o ABSOLUTE
    ../clib/microlib/longlong.c              0x00000000   Number         0  llushr.o ABSOLUTE
    ../clib/microlib/longlong.c              0x00000000   Number         0  llsshr.o ABSOLUTE
    ../clib/microlib/printf/printf.c         0x00000000   Number         0  printfb.o ABSOLUTE
    ../clib/microlib/printf/printf.c         0x00000000   Number         0  printf0.o ABSOLUTE
    ../clib/microlib/printf/printf.c         0x00000000   Number         0  printf1.o ABSOLUTE
    ../clib/microlib/printf/printf.c         0x00000000   Number         0  printf2.o ABSOLUTE
    ../clib/microlib/printf/printf.c         0x00000000   Number         0  printf3.o ABSOLUTE
    ../clib/microlib/printf/printf.c         0x00000000   Number         0  printf4.o ABSOLUTE
    ../clib/microlib/printf/printf.c         0x00000000   Number         0  printf5.o ABSOLUTE
    ../clib/microlib/printf/printf.c         0x00000000   Number         0  printf6.o ABSOLUTE
    ../clib/microlib/printf/printf.c         0x00000000   Number         0  printf7.o ABSOLUTE
    ../clib/microlib/printf/printf.c         0x00000000   Number         0  printf8.o ABSOLUTE
    ../clib/microlib/printf/printf.c         0x00000000   Number         0  printfa.o ABSOLUTE
    ../clib/microlib/printf/stubs.s          0x00000000   Number         0  printfstubs.o ABSOLUTE
    ../clib/microlib/stdio/fputc.c           0x00000000   Number         0  fputc.o ABSOLUTE
    ../clib/microlib/stdio/fputc.c           0x00000000   Number         0  fputc_h.o ABSOLUTE
    ../clib/microlib/stdio/semi.s            0x00000000   Number         0  semi.o ABSOLUTE
    ../clib/microlib/stdio/streams.c         0x00000000   Number         0  stdout.o ABSOLUTE
    ../clib/microlib/stubs.s                 0x00000000   Number         0  iusefp.o ABSOLUTE
    ../clib/microlib/stubs.s                 0x00000000   Number         0  iusesemip.o ABSOLUTE
    ../fplib/microlib/f2d.c                  0x00000000   Number         0  f2d.o ABSOLUTE
    ../fplib/microlib/fpadd.c                0x00000000   Number         0  dadd.o ABSOLUTE
    ../fplib/microlib/fpdiv.c                0x00000000   Number         0  ddiv.o ABSOLUTE
    ../fplib/microlib/fpepilogue.c           0x00000000   Number         0  depilogue.o ABSOLUTE
    ../fplib/microlib/fpfix.c                0x00000000   Number         0  dfixul.o ABSOLUTE
    ../fplib/microlib/fpmul.c                0x00000000   Number         0  dmul.o ABSOLUTE
    Buttons_F429Discovery.c                  0x00000000   Number         0  buttons_f429discovery.o ABSOLUTE
    LED_F429Discovery.c                      0x00000000   Number         0  led_f429discovery.o ABSOLUTE
    RTE/Device/STM32F429ZITx/startup_stm32f429xx.s 0x00000000   Number         0  startup_stm32f429xx.o ABSOLUTE
    cdrcmple.s                               0x00000000   Number         0  cdrcmple.o ABSOLUTE
    dc.s                                     0x00000000   Number         0  dc.o ABSOLUTE
    handlers.s                               0x00000000   Number         0  handlers.o ABSOLUTE
    ili9341.c                                0x00000000   Number         0  ili9341.o ABSOLUTE
    init.s                                   0x00000000   Number         0  init.o ABSOLUTE
    main.c                                   0x00000000   Number         0  main.o ABSOLUTE
    stm32f429i_discovery.c                   0x00000000   Number         0  stm32f429i_discovery.o ABSOLUTE
    stm32f429i_discovery_lcd.c               0x00000000   Number         0  stm32f429i_discovery_lcd.o ABSOLUTE
    stm32f429i_discovery_sdram.c             0x00000000   Number         0  stm32f429i_discovery_sdram.o ABSOLUTE
    stm32f4xx_hal.c                          0x00000000   Number         0  stm32f4xx_hal.o ABSOLUTE
    stm32f4xx_hal_cortex.c                   0x00000000   Number         0  stm32f4xx_hal_cortex.o ABSOLUTE
    stm32f4xx_hal_dma.c                      0x00000000   Number         0  stm32f4xx_hal_dma.o ABSOLUTE
    stm32f4xx_hal_dma2d.c                    0x00000000   Number         0  stm32f4xx_hal_dma2d.o ABSOLUTE
    stm32f4xx_hal_dma_ex.c                   0x00000000   Number         0  stm32f4xx_hal_dma_ex.o ABSOLUTE
    stm32f4xx_hal_exti.c                     0x00000000   Number         0  stm32f4xx_hal_exti.o ABSOLUTE
    stm32f4xx_hal_flash.c                    0x00000000   Number         0  stm32f4xx_hal_flash.o ABSOLUTE
    stm32f4xx_hal_flash_ex.c                 0x00000000   Number         0  stm32f4xx_hal_flash_ex.o ABSOLUTE
    stm32f4xx_hal_gpio.c                     0x00000000   Number         0  stm32f4xx_hal_gpio.o ABSOLUTE
    stm32f4xx_hal_i2c.c                      0x00000000   Number         0  stm32f4xx_hal_i2c.o ABSOLUTE
    stm32f4xx_hal_i2c_ex.c                   0x00000000   Number         0  stm32f4xx_hal_i2c_ex.o ABSOLUTE
    stm32f4xx_hal_ltdc.c                     0x00000000   Number         0  stm32f4xx_hal_ltdc.o ABSOLUTE
    stm32f4xx_hal_msp.c                      0x00000000   Number         0  stm32f4xx_hal_msp.o ABSOLUTE
    stm32f4xx_hal_pwr.c                      0x00000000   Number         0  stm32f4xx_hal_pwr.o ABSOLUTE
    stm32f4xx_hal_pwr_ex.c                   0x00000000   Number         0  stm32f4xx_hal_pwr_ex.o ABSOLUTE
    stm32f4xx_hal_rcc.c                      0x00000000   Number         0  stm32f4xx_hal_rcc.o ABSOLUTE
    stm32f4xx_hal_rcc_ex.c                   0x00000000   Number         0  stm32f4xx_hal_rcc_ex.o ABSOLUTE
    stm32f4xx_hal_sdram.c                    0x00000000   Number         0  stm32f4xx_hal_sdram.o ABSOLUTE
    stm32f4xx_hal_spi.c                      0x00000000   Number         0  stm32f4xx_hal_spi.o ABSOLUTE
    stm32f4xx_hal_tim.c                      0x00000000   Number         0  stm32f4xx_hal_tim.o ABSOLUTE
    stm32f4xx_hal_tim_ex.c                   0x00000000   Number         0  stm32f4xx_hal_tim_ex.o ABSOLUTE
    stm32f4xx_it.c                           0x00000000   Number         0  stm32f4xx_it.o ABSOLUTE
    stm32f4xx_ll_fmc.c                       0x00000000   Number         0  stm32f4xx_ll_fmc.o ABSOLUTE
    system_stm32f4xx.c                       0x00000000   Number         0  system_stm32f4xx.o ABSOLUTE
    RESET                                    0x08000000   Section      428  startup_stm32f429xx.o(RESET)
    .ARM.Collect$$$$00000000                 0x080001ac   Section        0  entry.o(.ARM.Collect$$$$00000000)
    .ARM.Collect$$$$00000001                 0x080001ac   Section        4  entry2.o(.ARM.Collect$$$$00000001)
    .ARM.Collect$$$$00000004                 0x080001b0   Section        4  entry5.o(.ARM.Collect$$$$00000004)
    .ARM.Collect$$$$00000008                 0x080001b4   Section        0  entry7b.o(.ARM.Collect$$$$00000008)
    .ARM.Collect$$$$0000000A                 0x080001b4   Section        0  entry8b.o(.ARM.Collect$$$$0000000A)
    .ARM.Collect$$$$0000000B                 0x080001b4   Section        8  entry9a.o(.ARM.Collect$$$$0000000B)
    __lit__00000000                          0x080001bc   Data           4  entry2.o(.ARM.Collect$$$$00002712)
    .ARM.Collect$$$$0000000D                 0x080001bc   Section        0  entry10a.o(.ARM.Collect$$$$0000000D)
    .ARM.Collect$$$$0000000F                 0x080001bc   Section        0  entry11a.o(.ARM.Collect$$$$0000000F)
    .ARM.Collect$$$$00002712                 0x080001bc   Section        4  entry2.o(.ARM.Collect$$$$00002712)
    $v0                                      0x080001c0   Number         0  startup_stm32f429xx.o(.text)
    .text                                    0x080001c0   Section       36  startup_stm32f429xx.o(.text)
    .text                                    0x080001e4   Section        0  uldiv.o(.text)
    .text                                    0x08000246   Section        0  llshl.o(.text)
    .text                                    0x08000264   Section        0  llushr.o(.text)
    .text                                    0x08000284   Section       36  init.o(.text)
    [Anonymous Symbol]                       0x080002a8   Section        0  stm32f4xx_it.o(.text.ADC_IRQHandler)
    [Anonymous Symbol]                       0x080002ac   Section        0  stm32f429i_discovery_lcd.o(.text.BSP_LCD_Clear)
    [Anonymous Symbol]                       0x0800034c   Section        0  stm32f429i_discovery_lcd.o(.text.BSP_LCD_DisplayChar)
    [Anonymous Symbol]                       0x08000480   Section        0  stm32f429i_discovery_lcd.o(.text.BSP_LCD_DisplayOn)
    [Anonymous Symbol]                       0x08000494   Section        0  stm32f429i_discovery_lcd.o(.text.BSP_LCD_GetFont)
    [Anonymous Symbol]                       0x080004b4   Section        0  stm32f429i_discovery_lcd.o(.text.BSP_LCD_GetXSize)
    [Anonymous Symbol]                       0x080004c8   Section        0  stm32f429i_discovery_lcd.o(.text.BSP_LCD_Init)
    [Anonymous Symbol]                       0x08000584   Section        0  stm32f429i_discovery_lcd.o(.text.BSP_LCD_LayerDefaultInit)
    [Anonymous Symbol]                       0x0800061c   Section        0  stm32f429i_discovery_lcd.o(.text.BSP_LCD_MspInit)
    [Anonymous Symbol]                       0x08000760   Section        0  stm32f429i_discovery_lcd.o(.text.BSP_LCD_SelectLayer)
    [Anonymous Symbol]                       0x0800076c   Section        0  stm32f429i_discovery_lcd.o(.text.BSP_LCD_SetFont)
    [Anonymous Symbol]                       0x0800078c   Section        0  stm32f429i_discovery_lcd.o(.text.BSP_LCD_SetLayerVisible)
    [Anonymous Symbol]                       0x080007b8   Section        0  stm32f429i_discovery.o(.text.BSP_LED_On)
    [Anonymous Symbol]                       0x080007d8   Section        0  stm32f429i_discovery.o(.text.BSP_PB_Init)
    [Anonymous Symbol]                       0x08000860   Section        0  stm32f429i_discovery_sdram.o(.text.BSP_SDRAM_Init)
    [Anonymous Symbol]                       0x08000968   Section        0  stm32f429i_discovery_sdram.o(.text.BSP_SDRAM_MspInit)
    [Anonymous Symbol]                       0x08000af4   Section        0  stm32f4xx_it.o(.text.BusFault_Handler)
    [Anonymous Symbol]                       0x08000af8   Section        0  stm32f4xx_it.o(.text.DebugMon_Handler)
    [Anonymous Symbol]                       0x08000afc   Section        0  stm32f4xx_it.o(.text.EXTI0_IRQHandler)
    [Anonymous Symbol]                       0x08000b04   Section        0  stm32f4xx_it.o(.text.EXTI1_IRQHandler)
    [Anonymous Symbol]                       0x08000b34   Section        0  stm32f4xx_it.o(.text.EXTI2_IRQHandler)
    [Anonymous Symbol]                       0x08000b64   Section        0  stm32f4xx_it.o(.text.EXTI3_IRQHandler)
    [Anonymous Symbol]                       0x08000b94   Section        0  stm32f4xx_ll_fmc.o(.text.FMC_SDRAM_Init)
    [Anonymous Symbol]                       0x08000c1c   Section        0  stm32f4xx_ll_fmc.o(.text.FMC_SDRAM_ProgramRefreshRate)
    [Anonymous Symbol]                       0x08000c2c   Section        0  stm32f4xx_ll_fmc.o(.text.FMC_SDRAM_SendCommand)
    [Anonymous Symbol]                       0x08000c8c   Section        0  stm32f4xx_ll_fmc.o(.text.FMC_SDRAM_Timing_Init)
    [Anonymous Symbol]                       0x08000d6c   Section        0  stm32f4xx_hal_dma2d.o(.text.HAL_DMA2D_ConfigLayer)
    [Anonymous Symbol]                       0x08000e0c   Section        0  stm32f4xx_hal_dma2d.o(.text.HAL_DMA2D_Init)
    [Anonymous Symbol]                       0x08000e64   Section        0  stm32f4xx_hal_dma2d.o(.text.HAL_DMA2D_MspInit)
    [Anonymous Symbol]                       0x08000e68   Section        0  stm32f4xx_hal_dma2d.o(.text.HAL_DMA2D_PollForTransfer)
    [Anonymous Symbol]                       0x08000f9c   Section        0  stm32f4xx_hal_dma2d.o(.text.HAL_DMA2D_Start)
    [Anonymous Symbol]                       0x0800106c   Section        0  stm32f4xx_hal_dma.o(.text.HAL_DMA_DeInit)
    [Anonymous Symbol]                       0x080010f8   Section        0  stm32f4xx_hal_dma.o(.text.HAL_DMA_Init)
    [Anonymous Symbol]                       0x08001238   Section        0  stm32f4xx_hal.o(.text.HAL_Delay)
    [Anonymous Symbol]                       0x08001260   Section        0  main.o(.text.HAL_GPIO_EXTI_Callback)
    [Anonymous Symbol]                       0x08001498   Section        0  stm32f4xx_hal_gpio.o(.text.HAL_GPIO_EXTI_IRQHandler)
    [Anonymous Symbol]                       0x080014b0   Section        0  stm32f4xx_hal_gpio.o(.text.HAL_GPIO_Init)
    [Anonymous Symbol]                       0x0800164c   Section        0  stm32f4xx_hal_gpio.o(.text.HAL_GPIO_ReadPin)
    [Anonymous Symbol]                       0x08001658   Section        0  stm32f4xx_hal_gpio.o(.text.HAL_GPIO_WritePin)
    [Anonymous Symbol]                       0x08001664   Section        0  stm32f4xx_hal.o(.text.HAL_GetTick)
    [Anonymous Symbol]                       0x08001670   Section        0  stm32f4xx_hal.o(.text.HAL_IncTick)
    [Anonymous Symbol]                       0x0800168c   Section        0  stm32f4xx_hal.o(.text.HAL_Init)
    [Anonymous Symbol]                       0x080016c4   Section        0  stm32f4xx_hal.o(.text.HAL_InitTick)
    [Anonymous Symbol]                       0x08001714   Section        0  stm32f4xx_hal_ltdc.o(.text.HAL_LTDC_ConfigLayer)
    [Anonymous Symbol]                       0x0800178c   Section        0  stm32f4xx_hal_ltdc.o(.text.HAL_LTDC_EnableDither)
    [Anonymous Symbol]                       0x080017bc   Section        0  stm32f4xx_hal_ltdc.o(.text.HAL_LTDC_Init)
    [Anonymous Symbol]                       0x080018a0   Section        0  stm32f4xx_hal_ltdc.o(.text.HAL_LTDC_MspInit)
    [Anonymous Symbol]                       0x080018a4   Section        0  stm32f4xx_hal.o(.text.HAL_MspInit)
    [Anonymous Symbol]                       0x080018a8   Section        0  stm32f4xx_hal_cortex.o(.text.HAL_NVIC_EnableIRQ)
    [Anonymous Symbol]                       0x080018c8   Section        0  stm32f4xx_hal_cortex.o(.text.HAL_NVIC_SetPriority)
    [Anonymous Symbol]                       0x08001920   Section        0  stm32f4xx_hal_cortex.o(.text.HAL_NVIC_SetPriorityGrouping)
    [Anonymous Symbol]                       0x08001940   Section        0  stm32f4xx_hal_pwr_ex.o(.text.HAL_PWREx_EnableOverDrive)
    [Anonymous Symbol]                       0x080019bc   Section        0  stm32f4xx_hal_rcc_ex.o(.text.HAL_RCCEx_PeriphCLKConfig)
    [Anonymous Symbol]                       0x08001c04   Section        0  stm32f4xx_hal_rcc.o(.text.HAL_RCC_ClockConfig)
    [Anonymous Symbol]                       0x08001d64   Section        0  stm32f4xx_hal_rcc.o(.text.HAL_RCC_GetSysClockFreq)
    [Anonymous Symbol]                       0x08001dd0   Section        0  stm32f4xx_hal_rcc.o(.text.HAL_RCC_OscConfig)
    [Anonymous Symbol]                       0x08002104   Section        0  stm32f4xx_hal_sdram.o(.text.HAL_SDRAM_Init)
    [Anonymous Symbol]                       0x08002148   Section        0  stm32f4xx_hal_sdram.o(.text.HAL_SDRAM_MspInit)
    [Anonymous Symbol]                       0x0800214c   Section        0  stm32f4xx_hal_sdram.o(.text.HAL_SDRAM_ProgramRefreshRate)
    [Anonymous Symbol]                       0x08002174   Section        0  stm32f4xx_hal_sdram.o(.text.HAL_SDRAM_SendCommand)
    [Anonymous Symbol]                       0x080021a8   Section        0  stm32f4xx_hal_spi.o(.text.HAL_SPI_DeInit)
    [Anonymous Symbol]                       0x080021d8   Section        0  stm32f4xx_hal_spi.o(.text.HAL_SPI_GetState)
    [Anonymous Symbol]                       0x080021e0   Section        0  stm32f4xx_hal_spi.o(.text.HAL_SPI_Init)
    [Anonymous Symbol]                       0x08002268   Section        0  stm32f4xx_hal_spi.o(.text.HAL_SPI_MspDeInit)
    [Anonymous Symbol]                       0x0800226c   Section        0  stm32f4xx_hal_spi.o(.text.HAL_SPI_MspInit)
    [Anonymous Symbol]                       0x08002270   Section        0  stm32f4xx_hal_spi.o(.text.HAL_SPI_Receive)
    [Anonymous Symbol]                       0x080024b0   Section        0  stm32f4xx_hal_spi.o(.text.HAL_SPI_Transmit)
    [Anonymous Symbol]                       0x08002650   Section        0  stm32f4xx_hal_spi.o(.text.HAL_SPI_TransmitReceive)
    [Anonymous Symbol]                       0x08002924   Section        0  stm32f4xx_hal_cortex.o(.text.HAL_SYSTICK_Config)
    [Anonymous Symbol]                       0x08002950   Section        0  stm32f4xx_hal_tim_ex.o(.text.HAL_TIMEx_BreakCallback)
    [Anonymous Symbol]                       0x08002954   Section        0  stm32f4xx_hal_tim_ex.o(.text.HAL_TIMEx_CommutCallback)
    [Anonymous Symbol]                       0x08002958   Section        0  stm32f4xx_hal_tim.o(.text.HAL_TIM_Base_Init)
    [Anonymous Symbol]                       0x08002990   Section        0  stm32f4xx_hal_msp.o(.text.HAL_TIM_Base_MspInit)
    [Anonymous Symbol]                       0x080029c8   Section        0  stm32f4xx_hal_tim.o(.text.HAL_TIM_Base_Start_IT)
    [Anonymous Symbol]                       0x080029e8   Section        0  stm32f4xx_hal_tim.o(.text.HAL_TIM_IC_CaptureCallback)
    [Anonymous Symbol]                       0x080029ec   Section        0  stm32f4xx_hal_tim.o(.text.HAL_TIM_IRQHandler)
    [Anonymous Symbol]                       0x08002b58   Section        0  stm32f4xx_hal_tim.o(.text.HAL_TIM_OC_DelayElapsedCallback)
    [Anonymous Symbol]                       0x08002b5c   Section        0  stm32f4xx_hal_tim.o(.text.HAL_TIM_PWM_PulseFinishedCallback)
    [Anonymous Symbol]                       0x08002b60   Section        0  main.o(.text.HAL_TIM_PeriodElapsedCallback)
    [Anonymous Symbol]                       0x08002c10   Section        0  stm32f4xx_hal_tim.o(.text.HAL_TIM_TriggerCallback)
    [Anonymous Symbol]                       0x08002c14   Section        0  stm32f4xx_it.o(.text.HardFault_Handler)
    [Anonymous Symbol]                       0x08002c18   Section        0  stm32f429i_discovery.o(.text.LCD_Delay)
    [Anonymous Symbol]                       0x08002c1c   Section        0  main.o(.text.LCD_DisplayString)
    [Anonymous Symbol]                       0x08002c84   Section        0  stm32f429i_discovery.o(.text.LCD_IO_Init)
    [Anonymous Symbol]                       0x08002d54   Section        0  stm32f429i_discovery.o(.text.LCD_IO_ReadData)
    [Anonymous Symbol]                       0x08002df8   Section        0  stm32f429i_discovery.o(.text.LCD_IO_WriteData)
    [Anonymous Symbol]                       0x08002e60   Section        0  stm32f429i_discovery.o(.text.LCD_IO_WriteReg)
    LTDC_SetConfig                           0x08002ec9   Thumb Code   288  stm32f4xx_hal_ltdc.o(.text.LTDC_SetConfig)
    [Anonymous Symbol]                       0x08002ec8   Section        0  stm32f4xx_hal_ltdc.o(.text.LTDC_SetConfig)
    [Anonymous Symbol]                       0x08002fe8   Section        0  stm32f4xx_it.o(.text.MemManage_Handler)
    [Anonymous Symbol]                       0x08002fec   Section        0  stm32f4xx_it.o(.text.NMI_Handler)
    [Anonymous Symbol]                       0x08002ff0   Section        0  stm32f4xx_it.o(.text.PendSV_Handler)
    SPI_EndRxTransaction                     0x08002ff5   Thumb Code   256  stm32f4xx_hal_spi.o(.text.SPI_EndRxTransaction)
    [Anonymous Symbol]                       0x08002ff4   Section        0  stm32f4xx_hal_spi.o(.text.SPI_EndRxTransaction)
    SPI_EndRxTxTransaction                   0x080030f5   Thumb Code   200  stm32f4xx_hal_spi.o(.text.SPI_EndRxTxTransaction)
    [Anonymous Symbol]                       0x080030f4   Section        0  stm32f4xx_hal_spi.o(.text.SPI_EndRxTxTransaction)
    SPI_WaitFlagStateUntilTimeout            0x080031bd   Thumb Code   172  stm32f4xx_hal_spi.o(.text.SPI_WaitFlagStateUntilTimeout)
    [Anonymous Symbol]                       0x080031bc   Section        0  stm32f4xx_hal_spi.o(.text.SPI_WaitFlagStateUntilTimeout)
    SPIx_Init                                0x08003269   Thumb Code   158  stm32f429i_discovery.o(.text.SPIx_Init)
    [Anonymous Symbol]                       0x08003268   Section        0  stm32f429i_discovery.o(.text.SPIx_Init)
    [Anonymous Symbol]                       0x08003308   Section        0  stm32f4xx_it.o(.text.SVC_Handler)
    [Anonymous Symbol]                       0x0800330c   Section        0  stm32f4xx_it.o(.text.SysTick_Handler)
    [Anonymous Symbol]                       0x08003310   Section        0  system_stm32f4xx.o(.text.SystemInit)
    [Anonymous Symbol]                       0x0800332c   Section        0  stm32f4xx_it.o(.text.TIM3_IRQHandler)
    [Anonymous Symbol]                       0x08003338   Section        0  stm32f4xx_hal_tim.o(.text.TIM_Base_SetConfig)
    [Anonymous Symbol]                       0x0800345c   Section        0  stm32f4xx_it.o(.text.UsageFault_Handler)
    [Anonymous Symbol]                       0x08003460   Section        0  ili9341.o(.text.ili9341_DisplayOff)
    [Anonymous Symbol]                       0x08003468   Section        0  ili9341.o(.text.ili9341_DisplayOn)
    [Anonymous Symbol]                       0x08003470   Section        0  ili9341.o(.text.ili9341_GetLcdPixelHeight)
    [Anonymous Symbol]                       0x08003478   Section        0  ili9341.o(.text.ili9341_GetLcdPixelWidth)
    [Anonymous Symbol]                       0x0800347c   Section        0  ili9341.o(.text.ili9341_Init)
    [Anonymous Symbol]                       0x08003710   Section        0  ili9341.o(.text.ili9341_ReadID)
    [Anonymous Symbol]                       0x08003724   Section        0  main.o(.text.main)
    i.__scatterload_copy                     0x08003a18   Section       14  handlers.o(i.__scatterload_copy)
    i.__scatterload_null                     0x08003a26   Section        2  handlers.o(i.__scatterload_null)
    i.__scatterload_zeroinit                 0x08003a28   Section       14  handlers.o(i.__scatterload_zeroinit)
    .Lswitch.table.HAL_LTDC_SetPitch_NoReload 0x080063dc   Data          32  stm32f4xx_hal_ltdc.o(.rodata.cst32)
    DMA_CalcBaseAndBitshift.flagBitshiftOffset 0x080063fc   Data           8  stm32f4xx_hal_dma.o(.rodata.cst8)
    [Anonymous Symbol]                       0x080063fc   Section        0  stm32f4xx_hal_dma.o(.rodata.cst8)
    ActiveLayer                              0x20000098   Data           4  stm32f429i_discovery_lcd.o(.bss.ActiveLayer)
    [Anonymous Symbol]                       0x20000098   Section        0  stm32f429i_discovery_lcd.o(.bss.ActiveLayer)
    BSP_SDRAM_Init.sdramstatus               0x2000009c   Data           1  stm32f429i_discovery_sdram.o(.bss.BSP_SDRAM_Init.sdramstatus)
    [Anonymous Symbol]                       0x2000009c   Section        0  stm32f429i_discovery_sdram.o(.bss.BSP_SDRAM_Init.sdramstatus)
    BSP_SDRAM_MspInit.dmaHandle              0x200000a0   Data          96  stm32f429i_discovery_sdram.o(.bss.BSP_SDRAM_MspInit.dmaHandle)
    [Anonymous Symbol]                       0x200000a0   Section        0  stm32f429i_discovery_sdram.o(.bss.BSP_SDRAM_MspInit.dmaHandle)
    Command                                  0x20000100   Data          16  stm32f429i_discovery_sdram.o(.bss.Command)
    [Anonymous Symbol]                       0x20000100   Section        0  stm32f429i_discovery_sdram.o(.bss.Command)
    Dma2dHandler                             0x20000110   Data          64  stm32f429i_discovery_lcd.o(.bss.Dma2dHandler)
    [Anonymous Symbol]                       0x20000110   Section        0  stm32f429i_discovery_lcd.o(.bss.Dma2dHandler)
    DrawProp                                 0x20000150   Data          24  stm32f429i_discovery_lcd.o(.bss.DrawProp)
    [Anonymous Symbol]                       0x20000150   Section        0  stm32f429i_discovery_lcd.o(.bss.DrawProp)
    Is_LCD_IO_Initialized                    0x20000168   Data           1  stm32f429i_discovery.o(.bss.Is_LCD_IO_Initialized)
    [Anonymous Symbol]                       0x20000168   Section        0  stm32f429i_discovery.o(.bss.Is_LCD_IO_Initialized)
    PeriphClkInitStruct                      0x20000218   Data          48  stm32f429i_discovery_lcd.o(.bss.PeriphClkInitStruct)
    [Anonymous Symbol]                       0x20000218   Section        0  stm32f429i_discovery_lcd.o(.bss.PeriphClkInitStruct)
    SdramHandle                              0x20000248   Data          52  stm32f429i_discovery_sdram.o(.bss.SdramHandle)
    [Anonymous Symbol]                       0x20000248   Section        0  stm32f429i_discovery_sdram.o(.bss.SdramHandle)
    SpiHandle                                0x2000027c   Data          88  stm32f429i_discovery.o(.bss.SpiHandle)
    [Anonymous Symbol]                       0x2000027c   Section        0  stm32f429i_discovery.o(.bss.SpiHandle)
    Timing                                   0x20000318   Data          28  stm32f429i_discovery_sdram.o(.bss.Timing)
    [Anonymous Symbol]                       0x20000318   Section        0  stm32f429i_discovery_sdram.o(.bss.Timing)
    STACK                                    0x20000348   Section     1024  startup_stm32f429xx.o(STACK)

    Global Symbols

    Symbol Name                              Value     Ov Type        Size  Object(Section)

    BuildAttributes$$THM_ISAv4$E$P$D$K$B$S$7EM$VFPi3$EXTD16$VFPS$VFMA$PE$A:L22UL41UL21$X:L11$S22US41US21$IEEE1$IW$~IW$USESV6$~STKCKD$USESV7$~SHL$OTIME$ROPI$EBA8$MICROLIB$REQ8$PRES8$EABIv2 0x00000000   Number         0  anon$$obj.o ABSOLUTE
    _printf_a                                0x00000000   Number         0  printfstubs.o ABSOLUTE
    _printf_c                                0x00000000   Number         0  printfstubs.o ABSOLUTE
    _printf_charcount                        0x00000000   Number         0  printfstubs.o ABSOLUTE
    _printf_d                                0x00000000   Number         0  printfstubs.o ABSOLUTE
    _printf_e                                0x00000000   Number         0  printfstubs.o ABSOLUTE
    _printf_f                                0x00000000   Number         0  printfstubs.o ABSOLUTE
    _printf_flags                            0x00000000   Number         0  printfstubs.o ABSOLUTE
    _printf_fp_dec                           0x00000000   Number         0  printfstubs.o ABSOLUTE
    _printf_fp_hex                           0x00000000   Number         0  printfstubs.o ABSOLUTE
    _printf_g                                0x00000000   Number         0  printfstubs.o ABSOLUTE
    _printf_i                                0x00000000   Number         0  printfstubs.o ABSOLUTE
    _printf_int_dec                          0x00000000   Number         0  printfstubs.o ABSOLUTE
    _printf_l                                0x00000000   Number         0  printfstubs.o ABSOLUTE
    _printf_lc                               0x00000000   Number         0  printfstubs.o ABSOLUTE
    _printf_ll                               0x00000000   Number         0  printfstubs.o ABSOLUTE
    _printf_lld                              0x00000000   Number         0  printfstubs.o ABSOLUTE
    _printf_lli                              0x00000000   Number         0  printfstubs.o ABSOLUTE
    _printf_llo                              0x00000000   Number         0  printfstubs.o ABSOLUTE
    _printf_llu                              0x00000000   Number         0  printfstubs.o ABSOLUTE
    _printf_llx                              0x00000000   Number         0  printfstubs.o ABSOLUTE
    _printf_longlong_dec                     0x00000000   Number         0  printfstubs.o ABSOLUTE
    _printf_longlong_hex                     0x00000000   Number         0  printfstubs.o ABSOLUTE
    _printf_longlong_oct                     0x00000000   Number         0  printfstubs.o ABSOLUTE
    _printf_ls                               0x00000000   Number         0  printfstubs.o ABSOLUTE
    _printf_mbtowc                           0x00000000   Number         0  printfstubs.o ABSOLUTE
    _printf_n                                0x00000000   Number         0  printfstubs.o ABSOLUTE
    _printf_o                                0x00000000   Number         0  printfstubs.o ABSOLUTE
    _printf_p                                0x00000000   Number         0  printfstubs.o ABSOLUTE
    _printf_percent                          0x00000000   Number         0  printfstubs.o ABSOLUTE
    _printf_pre_padding                      0x00000000   Number         0  printfstubs.o ABSOLUTE
    _printf_return_value                     0x00000000   Number         0  printfstubs.o ABSOLUTE
    _printf_s                                0x00000000   Number         0  printfstubs.o ABSOLUTE
    _printf_sizespec                         0x00000000   Number         0  printfstubs.o ABSOLUTE
    _printf_str                              0x00000000   Number         0  printfstubs.o ABSOLUTE
    _printf_truncate_signed                  0x00000000   Number         0  printfstubs.o ABSOLUTE
    _printf_truncate_unsigned                0x00000000   Number         0  printfstubs.o ABSOLUTE
    _printf_u                                0x00000000   Number         0  printfstubs.o ABSOLUTE
    _printf_wc                               0x00000000   Number         0  printfstubs.o ABSOLUTE
    _printf_wctomb                           0x00000000   Number         0  printfstubs.o ABSOLUTE
    _printf_widthprec                        0x00000000   Number         0  printfstubs.o ABSOLUTE
    _printf_x                                0x00000000   Number         0  printfstubs.o ABSOLUTE
    __cpp_initialize__aeabi_                  - Undefined Weak Reference
    __cxa_finalize                            - Undefined Weak Reference
    __decompress                              - Undefined Weak Reference
    _clock_init                               - Undefined Weak Reference
    _microlib_exit                            - Undefined Weak Reference
    __Vectors_Size                           0x000001ac   Number         0  startup_stm32f429xx.o ABSOLUTE
    __Vectors                                0x08000000   Data           4  startup_stm32f429xx.o(RESET)
    __Vectors_End                            0x080001ac   Data           0  startup_stm32f429xx.o(RESET)
    __main                                   0x080001ad   Thumb Code     0  entry.o(.ARM.Collect$$$$00000000)
    _main_stk                                0x080001ad   Thumb Code     0  entry2.o(.ARM.Collect$$$$00000001)
    _main_scatterload                        0x080001b1   Thumb Code     0  entry5.o(.ARM.Collect$$$$00000004)
    __main_after_scatterload                 0x080001b5   Thumb Code     0  entry5.o(.ARM.Collect$$$$00000004)
    _main_clock                              0x080001b5   Thumb Code     0  entry7b.o(.ARM.Collect$$$$00000008)
    _main_cpp_init                           0x080001b5   Thumb Code     0  entry8b.o(.ARM.Collect$$$$0000000A)
    _main_init                               0x080001b5   Thumb Code     0  entry9a.o(.ARM.Collect$$$$0000000B)
    __rt_final_cpp                           0x080001bd   Thumb Code     0  entry10a.o(.ARM.Collect$$$$0000000D)
    __rt_final_exit                          0x080001bd   Thumb Code     0  entry11a.o(.ARM.Collect$$$$0000000F)
    Reset_Handler                            0x080001c1   Thumb Code     8  startup_stm32f429xx.o(.text)
    CAN1_RX0_IRQHandler                      0x080001db   Thumb Code     0  startup_stm32f429xx.o(.text)
    CAN1_RX1_IRQHandler                      0x080001db   Thumb Code     0  startup_stm32f429xx.o(.text)
    CAN1_SCE_IRQHandler                      0x080001db   Thumb Code     0  startup_stm32f429xx.o(.text)
    CAN1_TX_IRQHandler                       0x080001db   Thumb Code     0  startup_stm32f429xx.o(.text)
    CAN2_RX0_IRQHandler                      0x080001db   Thumb Code     0  startup_stm32f429xx.o(.text)
    CAN2_RX1_IRQHandler                      0x080001db   Thumb Code     0  startup_stm32f429xx.o(.text)
    CAN2_SCE_IRQHandler                      0x080001db   Thumb Code     0  startup_stm32f429xx.o(.text)
    CAN2_TX_IRQHandler                       0x080001db   Thumb Code     0  startup_stm32f429xx.o(.text)
    DCMI_IRQHandler                          0x080001db   Thumb Code     0  startup_stm32f429xx.o(.text)
    DMA1_Stream0_IRQHandler                  0x080001db   Thumb Code     0  startup_stm32f429xx.o(.text)
    DMA1_Stream1_IRQHandler                  0x080001db   Thumb Code     0  startup_stm32f429xx.o(.text)
    DMA1_Stream2_IRQHandler                  0x080001db   Thumb Code     0  startup_stm32f429xx.o(.text)
    DMA1_Stream3_IRQHandler                  0x080001db   Thumb Code     0  startup_stm32f429xx.o(.text)
    DMA1_Stream4_IRQHandler                  0x080001db   Thumb Code     0  startup_stm32f429xx.o(.text)
    DMA1_Stream5_IRQHandler                  0x080001db   Thumb Code     0  startup_stm32f429xx.o(.text)
    DMA1_Stream6_IRQHandler                  0x080001db   Thumb Code     0  startup_stm32f429xx.o(.text)
    DMA1_Stream7_IRQHandler                  0x080001db   Thumb Code     0  startup_stm32f429xx.o(.text)
    DMA2D_IRQHandler                         0x080001db   Thumb Code     0  startup_stm32f429xx.o(.text)
    DMA2_Stream0_IRQHandler                  0x080001db   Thumb Code     0  startup_stm32f429xx.o(.text)
    DMA2_Stream1_IRQHandler                  0x080001db   Thumb Code     0  startup_stm32f429xx.o(.text)
    DMA2_Stream2_IRQHandler                  0x080001db   Thumb Code     0  startup_stm32f429xx.o(.text)
    DMA2_Stream3_IRQHandler                  0x080001db   Thumb Code     0  startup_stm32f429xx.o(.text)
    DMA2_Stream4_IRQHandler                  0x080001db   Thumb Code     0  startup_stm32f429xx.o(.text)
    DMA2_Stream5_IRQHandler                  0x080001db   Thumb Code     0  startup_stm32f429xx.o(.text)
    DMA2_Stream6_IRQHandler                  0x080001db   Thumb Code     0  startup_stm32f429xx.o(.text)
    DMA2_Stream7_IRQHandler                  0x080001db   Thumb Code     0  startup_stm32f429xx.o(.text)
    ETH_IRQHandler                           0x080001db   Thumb Code     0  startup_stm32f429xx.o(.text)
    ETH_WKUP_IRQHandler                      0x080001db   Thumb Code     0  startup_stm32f429xx.o(.text)
    EXTI15_10_IRQHandler                     0x080001db   Thumb Code     0  startup_stm32f429xx.o(.text)
    EXTI4_IRQHandler                         0x080001db   Thumb Code     0  startup_stm32f429xx.o(.text)
    EXTI9_5_IRQHandler                       0x080001db   Thumb Code     0  startup_stm32f429xx.o(.text)
    FLASH_IRQHandler                         0x080001db   Thumb Code     0  startup_stm32f429xx.o(.text)
    FMC_IRQHandler                           0x080001db   Thumb Code     0  startup_stm32f429xx.o(.text)
    FPU_IRQHandler                           0x080001db   Thumb Code     0  startup_stm32f429xx.o(.text)
    HASH_RNG_IRQHandler                      0x080001db   Thumb Code     0  startup_stm32f429xx.o(.text)
    I2C1_ER_IRQHandler                       0x080001db   Thumb Code     0  startup_stm32f429xx.o(.text)
    I2C1_EV_IRQHandler                       0x080001db   Thumb Code     0  startup_stm32f429xx.o(.text)
    I2C2_ER_IRQHandler                       0x080001db   Thumb Code     0  startup_stm32f429xx.o(.text)
    I2C2_EV_IRQHandler                       0x080001db   Thumb Code     0  startup_stm32f429xx.o(.text)
    I2C3_ER_IRQHandler                       0x080001db   Thumb Code     0  startup_stm32f429xx.o(.text)
    I2C3_EV_IRQHandler                       0x080001db   Thumb Code     0  startup_stm32f429xx.o(.text)
    LTDC_ER_IRQHandler                       0x080001db   Thumb Code     0  startup_stm32f429xx.o(.text)
    LTDC_IRQHandler                          0x080001db   Thumb Code     0  startup_stm32f429xx.o(.text)
    OTG_FS_IRQHandler                        0x080001db   Thumb Code     0  startup_stm32f429xx.o(.text)
    OTG_FS_WKUP_IRQHandler                   0x080001db   Thumb Code     0  startup_stm32f429xx.o(.text)
    OTG_HS_EP1_IN_IRQHandler                 0x080001db   Thumb Code     0  startup_stm32f429xx.o(.text)
    OTG_HS_EP1_OUT_IRQHandler                0x080001db   Thumb Code     0  startup_stm32f429xx.o(.text)
    OTG_HS_IRQHandler                        0x080001db   Thumb Code     0  startup_stm32f429xx.o(.text)
    OTG_HS_WKUP_IRQHandler                   0x080001db   Thumb Code     0  startup_stm32f429xx.o(.text)
    PVD_IRQHandler                           0x080001db   Thumb Code     0  startup_stm32f429xx.o(.text)
    RCC_IRQHandler                           0x080001db   Thumb Code     0  startup_stm32f429xx.o(.text)
    RTC_Alarm_IRQHandler                     0x080001db   Thumb Code     0  startup_stm32f429xx.o(.text)
    RTC_WKUP_IRQHandler                      0x080001db   Thumb Code     0  startup_stm32f429xx.o(.text)
    SAI1_IRQHandler                          0x080001db   Thumb Code     0  startup_stm32f429xx.o(.text)
    SDIO_IRQHandler                          0x080001db   Thumb Code     0  startup_stm32f429xx.o(.text)
    SPI1_IRQHandler                          0x080001db   Thumb Code     0  startup_stm32f429xx.o(.text)
    SPI2_IRQHandler                          0x080001db   Thumb Code     0  startup_stm32f429xx.o(.text)
    SPI3_IRQHandler                          0x080001db   Thumb Code     0  startup_stm32f429xx.o(.text)
    SPI4_IRQHandler                          0x080001db   Thumb Code     0  startup_stm32f429xx.o(.text)
    SPI5_IRQHandler                          0x080001db   Thumb Code     0  startup_stm32f429xx.o(.text)
    SPI6_IRQHandler                          0x080001db   Thumb Code     0  startup_stm32f429xx.o(.text)
    TAMP_STAMP_IRQHandler                    0x080001db   Thumb Code     0  startup_stm32f429xx.o(.text)
    TIM1_BRK_TIM9_IRQHandler                 0x080001db   Thumb Code     0  startup_stm32f429xx.o(.text)
    TIM1_CC_IRQHandler                       0x080001db   Thumb Code     0  startup_stm32f429xx.o(.text)
    TIM1_TRG_COM_TIM11_IRQHandler            0x080001db   Thumb Code     0  startup_stm32f429xx.o(.text)
    TIM1_UP_TIM10_IRQHandler                 0x080001db   Thumb Code     0  startup_stm32f429xx.o(.text)
    TIM2_IRQHandler                          0x080001db   Thumb Code     0  startup_stm32f429xx.o(.text)
    TIM4_IRQHandler                          0x080001db   Thumb Code     0  startup_stm32f429xx.o(.text)
    TIM5_IRQHandler                          0x080001db   Thumb Code     0  startup_stm32f429xx.o(.text)
    TIM6_DAC_IRQHandler                      0x080001db   Thumb Code     0  startup_stm32f429xx.o(.text)
    TIM7_IRQHandler                          0x080001db   Thumb Code     0  startup_stm32f429xx.o(.text)
    TIM8_BRK_TIM12_IRQHandler                0x080001db   Thumb Code     0  startup_stm32f429xx.o(.text)
    TIM8_CC_IRQHandler                       0x080001db   Thumb Code     0  startup_stm32f429xx.o(.text)
    TIM8_TRG_COM_TIM14_IRQHandler            0x080001db   Thumb Code     0  startup_stm32f429xx.o(.text)
    TIM8_UP_TIM13_IRQHandler                 0x080001db   Thumb Code     0  startup_stm32f429xx.o(.text)
    UART4_IRQHandler                         0x080001db   Thumb Code     0  startup_stm32f429xx.o(.text)
    UART5_IRQHandler                         0x080001db   Thumb Code     0  startup_stm32f429xx.o(.text)
    UART7_IRQHandler                         0x080001db   Thumb Code     0  startup_stm32f429xx.o(.text)
    UART8_IRQHandler                         0x080001db   Thumb Code     0  startup_stm32f429xx.o(.text)
    USART1_IRQHandler                        0x080001db   Thumb Code     0  startup_stm32f429xx.o(.text)
    USART2_IRQHandler                        0x080001db   Thumb Code     0  startup_stm32f429xx.o(.text)
    USART3_IRQHandler                        0x080001db   Thumb Code     0  startup_stm32f429xx.o(.text)
    USART6_IRQHandler                        0x080001db   Thumb Code     0  startup_stm32f429xx.o(.text)
    WWDG_IRQHandler                          0x080001db   Thumb Code     0  startup_stm32f429xx.o(.text)
    __aeabi_uldivmod                         0x080001e5   Thumb Code    98  uldiv.o(.text)
    __aeabi_llsl                             0x08000247   Thumb Code    30  llshl.o(.text)
    _ll_shift_l                              0x08000247   Thumb Code     0  llshl.o(.text)
    __aeabi_llsr                             0x08000265   Thumb Code    32  llushr.o(.text)
    _ll_ushift_r                             0x08000265   Thumb Code     0  llushr.o(.text)
    __scatterload                            0x08000285   Thumb Code    28  init.o(.text)
    __scatterload_rt2                        0x08000285   Thumb Code     0  init.o(.text)
    ADC_IRQHandler                           0x080002a9   Thumb Code     2  stm32f4xx_it.o(.text.ADC_IRQHandler)
    BSP_LCD_Clear                            0x080002ad   Thumb Code   160  stm32f429i_discovery_lcd.o(.text.BSP_LCD_Clear)
    BSP_LCD_DisplayChar                      0x0800034d   Thumb Code   308  stm32f429i_discovery_lcd.o(.text.BSP_LCD_DisplayChar)
    BSP_LCD_DisplayOn                        0x08000481   Thumb Code    20  stm32f429i_discovery_lcd.o(.text.BSP_LCD_DisplayOn)
    BSP_LCD_GetFont                          0x08000495   Thumb Code    30  stm32f429i_discovery_lcd.o(.text.BSP_LCD_GetFont)
    BSP_LCD_GetXSize                         0x080004b5   Thumb Code    18  stm32f429i_discovery_lcd.o(.text.BSP_LCD_GetXSize)
    BSP_LCD_Init                             0x080004c9   Thumb Code   186  stm32f429i_discovery_lcd.o(.text.BSP_LCD_Init)
    BSP_LCD_LayerDefaultInit                 0x08000585   Thumb Code   150  stm32f429i_discovery_lcd.o(.text.BSP_LCD_LayerDefaultInit)
    BSP_LCD_MspInit                          0x0800061d   Thumb Code   324  stm32f429i_discovery_lcd.o(.text.BSP_LCD_MspInit)
    BSP_LCD_SelectLayer                      0x08000761   Thumb Code    12  stm32f429i_discovery_lcd.o(.text.BSP_LCD_SelectLayer)
    BSP_LCD_SetFont                          0x0800076d   Thumb Code    30  stm32f429i_discovery_lcd.o(.text.BSP_LCD_SetFont)
    BSP_LCD_SetLayerVisible                  0x0800078d   Thumb Code    42  stm32f429i_discovery_lcd.o(.text.BSP_LCD_SetLayerVisible)
    BSP_LED_On                               0x080007b9   Thumb Code    32  stm32f429i_discovery.o(.text.BSP_LED_On)
    BSP_PB_Init                              0x080007d9   Thumb Code   136  stm32f429i_discovery.o(.text.BSP_PB_Init)
    BSP_SDRAM_Init                           0x08000861   Thumb Code   262  stm32f429i_discovery_sdram.o(.text.BSP_SDRAM_Init)
    BSP_SDRAM_MspInit                        0x08000969   Thumb Code   396  stm32f429i_discovery_sdram.o(.text.BSP_SDRAM_MspInit)
    BusFault_Handler                         0x08000af5   Thumb Code     2  stm32f4xx_it.o(.text.BusFault_Handler)
    DebugMon_Handler                         0x08000af9   Thumb Code     2  stm32f4xx_it.o(.text.DebugMon_Handler)
    EXTI0_IRQHandler                         0x08000afd   Thumb Code     6  stm32f4xx_it.o(.text.EXTI0_IRQHandler)
    EXTI1_IRQHandler                         0x08000b05   Thumb Code    48  stm32f4xx_it.o(.text.EXTI1_IRQHandler)
    EXTI2_IRQHandler                         0x08000b35   Thumb Code    48  stm32f4xx_it.o(.text.EXTI2_IRQHandler)
    EXTI3_IRQHandler                         0x08000b65   Thumb Code    48  stm32f4xx_it.o(.text.EXTI3_IRQHandler)
    FMC_SDRAM_Init                           0x08000b95   Thumb Code   134  stm32f4xx_ll_fmc.o(.text.FMC_SDRAM_Init)
    FMC_SDRAM_ProgramRefreshRate             0x08000c1d   Thumb Code    14  stm32f4xx_ll_fmc.o(.text.FMC_SDRAM_ProgramRefreshRate)
    FMC_SDRAM_SendCommand                    0x08000c2d   Thumb Code    96  stm32f4xx_ll_fmc.o(.text.FMC_SDRAM_SendCommand)
    FMC_SDRAM_Timing_Init                    0x08000c8d   Thumb Code   222  stm32f4xx_ll_fmc.o(.text.FMC_SDRAM_Timing_Init)
    HAL_DMA2D_ConfigLayer                    0x08000d6d   Thumb Code   158  stm32f4xx_hal_dma2d.o(.text.HAL_DMA2D_ConfigLayer)
    HAL_DMA2D_Init                           0x08000e0d   Thumb Code    86  stm32f4xx_hal_dma2d.o(.text.HAL_DMA2D_Init)
    HAL_DMA2D_MspInit                        0x08000e65   Thumb Code     2  stm32f4xx_hal_dma2d.o(.text.HAL_DMA2D_MspInit)
    HAL_DMA2D_PollForTransfer                0x08000e69   Thumb Code   308  stm32f4xx_hal_dma2d.o(.text.HAL_DMA2D_PollForTransfer)
    HAL_DMA2D_Start                          0x08000f9d   Thumb Code   206  stm32f4xx_hal_dma2d.o(.text.HAL_DMA2D_Start)
    HAL_DMA_DeInit                           0x0800106d   Thumb Code   138  stm32f4xx_hal_dma.o(.text.HAL_DMA_DeInit)
    HAL_DMA_Init                             0x080010f9   Thumb Code   318  stm32f4xx_hal_dma.o(.text.HAL_DMA_Init)
    HAL_Delay                                0x08001239   Thumb Code    40  stm32f4xx_hal.o(.text.HAL_Delay)
    HAL_GPIO_EXTI_Callback                   0x08001261   Thumb Code   566  main.o(.text.HAL_GPIO_EXTI_Callback)
    HAL_GPIO_EXTI_IRQHandler                 0x08001499   Thumb Code    22  stm32f4xx_hal_gpio.o(.text.HAL_GPIO_EXTI_IRQHandler)
    HAL_GPIO_Init                            0x080014b1   Thumb Code   412  stm32f4xx_hal_gpio.o(.text.HAL_GPIO_Init)
    HAL_GPIO_ReadPin                         0x0800164d   Thumb Code    10  stm32f4xx_hal_gpio.o(.text.HAL_GPIO_ReadPin)
    HAL_GPIO_WritePin                        0x08001659   Thumb Code    10  stm32f4xx_hal_gpio.o(.text.HAL_GPIO_WritePin)
    HAL_GetTick                              0x08001665   Thumb Code    12  stm32f4xx_hal.o(.text.HAL_GetTick)
    HAL_IncTick                              0x08001671   Thumb Code    26  stm32f4xx_hal.o(.text.HAL_IncTick)
    HAL_Init                                 0x0800168d   Thumb Code    54  stm32f4xx_hal.o(.text.HAL_Init)
    HAL_InitTick                             0x080016c5   Thumb Code    80  stm32f4xx_hal.o(.text.HAL_InitTick)
    HAL_LTDC_ConfigLayer                     0x08001715   Thumb Code   118  stm32f4xx_hal_ltdc.o(.text.HAL_LTDC_ConfigLayer)
    HAL_LTDC_EnableDither                    0x0800178d   Thumb Code    48  stm32f4xx_hal_ltdc.o(.text.HAL_LTDC_EnableDither)
    HAL_LTDC_Init                            0x080017bd   Thumb Code   228  stm32f4xx_hal_ltdc.o(.text.HAL_LTDC_Init)
    HAL_LTDC_MspInit                         0x080018a1   Thumb Code     2  stm32f4xx_hal_ltdc.o(.text.HAL_LTDC_MspInit)
    HAL_MspInit                              0x080018a5   Thumb Code     2  stm32f4xx_hal.o(.text.HAL_MspInit)
    HAL_NVIC_EnableIRQ                       0x080018a9   Thumb Code    32  stm32f4xx_hal_cortex.o(.text.HAL_NVIC_EnableIRQ)
    HAL_NVIC_SetPriority                     0x080018c9   Thumb Code    86  stm32f4xx_hal_cortex.o(.text.HAL_NVIC_SetPriority)
    HAL_NVIC_SetPriorityGrouping             0x08001921   Thumb Code    32  stm32f4xx_hal_cortex.o(.text.HAL_NVIC_SetPriorityGrouping)
    HAL_PWREx_EnableOverDrive                0x08001941   Thumb Code   122  stm32f4xx_hal_pwr_ex.o(.text.HAL_PWREx_EnableOverDrive)
    HAL_RCCEx_PeriphCLKConfig                0x080019bd   Thumb Code   582  stm32f4xx_hal_rcc_ex.o(.text.HAL_RCCEx_PeriphCLKConfig)
    HAL_RCC_ClockConfig                      0x08001c05   Thumb Code   352  stm32f4xx_hal_rcc.o(.text.HAL_RCC_ClockConfig)
    HAL_RCC_GetSysClockFreq                  0x08001d65   Thumb Code   106  stm32f4xx_hal_rcc.o(.text.HAL_RCC_GetSysClockFreq)
    HAL_RCC_OscConfig                        0x08001dd1   Thumb Code   820  stm32f4xx_hal_rcc.o(.text.HAL_RCC_OscConfig)
    HAL_SDRAM_Init                           0x08002105   Thumb Code    66  stm32f4xx_hal_sdram.o(.text.HAL_SDRAM_Init)
    HAL_SDRAM_MspInit                        0x08002149   Thumb Code     2  stm32f4xx_hal_sdram.o(.text.HAL_SDRAM_MspInit)
    HAL_SDRAM_ProgramRefreshRate             0x0800214d   Thumb Code    38  stm32f4xx_hal_sdram.o(.text.HAL_SDRAM_ProgramRefreshRate)
    HAL_SDRAM_SendCommand                    0x08002175   Thumb Code    50  stm32f4xx_hal_sdram.o(.text.HAL_SDRAM_SendCommand)
    HAL_SPI_DeInit                           0x080021a9   Thumb Code    48  stm32f4xx_hal_spi.o(.text.HAL_SPI_DeInit)
    HAL_SPI_GetState                         0x080021d9   Thumb Code     6  stm32f4xx_hal_spi.o(.text.HAL_SPI_GetState)
    HAL_SPI_Init                             0x080021e1   Thumb Code   136  stm32f4xx_hal_spi.o(.text.HAL_SPI_Init)
    HAL_SPI_MspDeInit                        0x08002269   Thumb Code     2  stm32f4xx_hal_spi.o(.text.HAL_SPI_MspDeInit)
    HAL_SPI_MspInit                          0x0800226d   Thumb Code     2  stm32f4xx_hal_spi.o(.text.HAL_SPI_MspInit)
    HAL_SPI_Receive                          0x08002271   Thumb Code   576  stm32f4xx_hal_spi.o(.text.HAL_SPI_Receive)
    HAL_SPI_Transmit                         0x080024b1   Thumb Code   414  stm32f4xx_hal_spi.o(.text.HAL_SPI_Transmit)
    HAL_SPI_TransmitReceive                  0x08002651   Thumb Code   722  stm32f4xx_hal_spi.o(.text.HAL_SPI_TransmitReceive)
    HAL_SYSTICK_Config                       0x08002925   Thumb Code    44  stm32f4xx_hal_cortex.o(.text.HAL_SYSTICK_Config)
    HAL_TIMEx_BreakCallback                  0x08002951   Thumb Code     2  stm32f4xx_hal_tim_ex.o(.text.HAL_TIMEx_BreakCallback)
    HAL_TIMEx_CommutCallback                 0x08002955   Thumb Code     2  stm32f4xx_hal_tim_ex.o(.text.HAL_TIMEx_CommutCallback)
    HAL_TIM_Base_Init                        0x08002959   Thumb Code    54  stm32f4xx_hal_tim.o(.text.HAL_TIM_Base_Init)
    HAL_TIM_Base_MspInit                     0x08002991   Thumb Code    56  stm32f4xx_hal_msp.o(.text.HAL_TIM_Base_MspInit)
    HAL_TIM_Base_Start_IT                    0x080029c9   Thumb Code    32  stm32f4xx_hal_tim.o(.text.HAL_TIM_Base_Start_IT)
    HAL_TIM_IC_CaptureCallback               0x080029e9   Thumb Code     2  stm32f4xx_hal_tim.o(.text.HAL_TIM_IC_CaptureCallback)
    HAL_TIM_IRQHandler                       0x080029ed   Thumb Code   362  stm32f4xx_hal_tim.o(.text.HAL_TIM_IRQHandler)
    HAL_TIM_OC_DelayElapsedCallback          0x08002b59   Thumb Code     2  stm32f4xx_hal_tim.o(.text.HAL_TIM_OC_DelayElapsedCallback)
    HAL_TIM_PWM_PulseFinishedCallback        0x08002b5d   Thumb Code     2  stm32f4xx_hal_tim.o(.text.HAL_TIM_PWM_PulseFinishedCallback)
    HAL_TIM_PeriodElapsedCallback            0x08002b61   Thumb Code   176  main.o(.text.HAL_TIM_PeriodElapsedCallback)
    HAL_TIM_TriggerCallback                  0x08002c11   Thumb Code     2  stm32f4xx_hal_tim.o(.text.HAL_TIM_TriggerCallback)
    HardFault_Handler                        0x08002c15   Thumb Code     2  stm32f4xx_it.o(.text.HardFault_Handler)
    LCD_Delay                                0x08002c19   Thumb Code     4  stm32f429i_discovery.o(.text.LCD_Delay)
    LCD_DisplayString                        0x08002c1d   Thumb Code   102  main.o(.text.LCD_DisplayString)
    LCD_IO_Init                              0x08002c85   Thumb Code   208  stm32f429i_discovery.o(.text.LCD_IO_Init)
    LCD_IO_ReadData                          0x08002d55   Thumb Code   162  stm32f429i_discovery.o(.text.LCD_IO_ReadData)
    LCD_IO_WriteData                         0x08002df9   Thumb Code   102  stm32f429i_discovery.o(.text.LCD_IO_WriteData)
    LCD_IO_WriteReg                          0x08002e61   Thumb Code   102  stm32f429i_discovery.o(.text.LCD_IO_WriteReg)
    MemManage_Handler                        0x08002fe9   Thumb Code     2  stm32f4xx_it.o(.text.MemManage_Handler)
    NMI_Handler                              0x08002fed   Thumb Code     2  stm32f4xx_it.o(.text.NMI_Handler)
    PendSV_Handler                           0x08002ff1   Thumb Code     2  stm32f4xx_it.o(.text.PendSV_Handler)
    SVC_Handler                              0x08003309   Thumb Code     2  stm32f4xx_it.o(.text.SVC_Handler)
    SysTick_Handler                          0x0800330d   Thumb Code     4  stm32f4xx_it.o(.text.SysTick_Handler)
    SystemInit                               0x08003311   Thumb Code    26  system_stm32f4xx.o(.text.SystemInit)
    TIM3_IRQHandler                          0x0800332d   Thumb Code    12  stm32f4xx_it.o(.text.TIM3_IRQHandler)
    TIM_Base_SetConfig                       0x08003339   Thumb Code   292  stm32f4xx_hal_tim.o(.text.TIM_Base_SetConfig)
    UsageFault_Handler                       0x0800345d   Thumb Code     2  stm32f4xx_it.o(.text.UsageFault_Handler)
    ili9341_DisplayOff                       0x08003461   Thumb Code     6  ili9341.o(.text.ili9341_DisplayOff)
    ili9341_DisplayOn                        0x08003469   Thumb Code     6  ili9341.o(.text.ili9341_DisplayOn)
    ili9341_GetLcdPixelHeight                0x08003471   Thumb Code     6  ili9341.o(.text.ili9341_GetLcdPixelHeight)
    ili9341_GetLcdPixelWidth                 0x08003479   Thumb Code     4  ili9341.o(.text.ili9341_GetLcdPixelWidth)
    ili9341_Init                             0x0800347d   Thumb Code   658  ili9341.o(.text.ili9341_Init)
    ili9341_ReadID                           0x08003711   Thumb Code    18  ili9341.o(.text.ili9341_ReadID)
    main                                     0x08003725   Thumb Code   712  main.o(.text.main)
    __scatterload_copy                       0x08003a19   Thumb Code    14  handlers.o(i.__scatterload_copy)
    __scatterload_null                       0x08003a27   Thumb Code     2  handlers.o(i.__scatterload_null)
    __scatterload_zeroinit                   0x08003a29   Thumb Code    14  handlers.o(i.__scatterload_zeroinit)
    AHBPrescTable                            0x08003a36   Data          16  system_stm32f4xx.o(.rodata.AHBPrescTable)
    Font20_Table                             0x08003a46   Data        3800  stm32f429i_discovery_lcd.o(.rodata.Font20_Table)
    Font24_Table                             0x0800491e   Data        6840  stm32f429i_discovery_lcd.o(.rodata.Font24_Table)
    GPIO_PIN                                 0x080063d6   Data           4  stm32f429i_discovery.o(.rodata.GPIO_PIN)
    Region$$Table$$Base                      0x08006404   Number         0  anon$$obj.o(Region$$Table)
    Region$$Table$$Limit                     0x08006424   Number         0  anon$$obj.o(Region$$Table)
    BUTTON_PORT                              0x20000000   Data           4  stm32f429i_discovery.o(.data.BUTTON_PORT)
    Font20                                   0x20000004   Data           8  stm32f429i_discovery_lcd.o(.data.Font20)
    Font24                                   0x2000000c   Data           8  stm32f429i_discovery_lcd.o(.data.Font24)
    GPIO_PORT                                0x20000014   Data           8  stm32f429i_discovery.o(.data.GPIO_PORT)
    SpixTimeout                              0x2000001c   Data           4  stm32f429i_discovery.o(.data.SpixTimeout)
    SystemCoreClock                          0x20000020   Data           4  system_stm32f4xx.o(.data.SystemCoreClock)
    full_step                                0x20000024   Data          16  main.o(.data.full_step)
    half_step                                0x20000034   Data          32  main.o(.data.half_step)
    ili9341_drv                              0x20000054   Data          56  ili9341.o(.data.ili9341_drv)
    light                                    0x2000008c   Data           4  main.o(.data.light)
    uwTickFreq                               0x20000090   Data           1  stm32f4xx_hal.o(.data.uwTickFreq)
    uwTickPrio                               0x20000094   Data           4  stm32f4xx_hal.o(.data.uwTickPrio)
    LcdDrv                                   0x2000016c   Data           4  stm32f429i_discovery_lcd.o(.bss.LcdDrv)
    LtdcHandler                              0x20000170   Data         168  stm32f429i_discovery_lcd.o(.bss.LtdcHandler)
    Tim3_Handle                              0x200002d4   Data          64  main.o(.bss.Tim3_Handle)
    Tim3_OCR                                 0x20000314   Data           2  main.o(.bss.Tim3_OCR)
    Tim3_PrescalerValue                      0x20000316   Data           2  main.o(.bss.Tim3_PrescalerValue)
    cw_state                                 0x20000334   Data           4  main.o(.bss.cw_state)
    cycle                                    0x20000338   Data           4  main.o(.bss.cycle)
    step_state                               0x2000033c   Data           4  main.o(.bss.step_state)
    uwTick                                   0x20000340   Data           4  stm32f4xx_hal.o(.bss.uwTick)
    __initial_sp                             0x20000748   Data           0  startup_stm32f429xx.o(STACK)



==============================================================================

Memory Map of the image

  Image Entry point : 0x080001c1

  Load Region LR_1 (Base: 0x08000000, Size: 0x000064bc, Max: 0xffffffff, ABSOLUTE)

    Execution Region ER_RO (Exec base: 0x08000000, Load base: 0x08000000, Size: 0x00006424, Max: 0xffffffff, ABSOLUTE)

    Exec Addr    Load Addr    Size         Type   Attr      Idx    E Section Name        Object

    0x08000000   0x08000000   0x000001ac   Data   RO         1627    RESET               startup_stm32f429xx.o
    0x080001ac   0x080001ac   0x00000000   Code   RO         1649  * .ARM.Collect$$$$00000000  mc_w.l(entry.o)
    0x080001ac   0x080001ac   0x00000004   Code   RO         1917    .ARM.Collect$$$$00000001  mc_w.l(entry2.o)
    0x080001b0   0x080001b0   0x00000004   Code   RO         1920    .ARM.Collect$$$$00000004  mc_w.l(entry5.o)
    0x080001b4   0x080001b4   0x00000000   Code   RO         1922    .ARM.Collect$$$$00000008  mc_w.l(entry7b.o)
    0x080001b4   0x080001b4   0x00000000   Code   RO         1924    .ARM.Collect$$$$0000000A  mc_w.l(entry8b.o)
    0x080001b4   0x080001b4   0x00000008   Code   RO         1925    .ARM.Collect$$$$0000000B  mc_w.l(entry9a.o)
    0x080001bc   0x080001bc   0x00000000   Code   RO         1927    .ARM.Collect$$$$0000000D  mc_w.l(entry10a.o)
    0x080001bc   0x080001bc   0x00000000   Code   RO         1929    .ARM.Collect$$$$0000000F  mc_w.l(entry11a.o)
    0x080001bc   0x080001bc   0x00000004   Code   RO         1918    .ARM.Collect$$$$00002712  mc_w.l(entry2.o)
    0x080001c0   0x080001c0   0x00000024   Code   RO         1628  * .text               startup_stm32f429xx.o
    0x080001e4   0x080001e4   0x00000062   Code   RO         1652    .text               mc_w.l(uldiv.o)
    0x08000246   0x08000246   0x0000001e   Code   RO         1947    .text               mc_w.l(llshl.o)
    0x08000264   0x08000264   0x00000020   Code   RO         1949    .text               mc_w.l(llushr.o)
    0x08000284   0x08000284   0x00000024   Code   RO         1962    .text               mc_w.l(init.o)
    0x080002a8   0x080002a8   0x00000002   Code   RO           81    .text.ADC_IRQHandler  stm32f4xx_it.o
    0x080002aa   0x080002aa   0x00000002   PAD
    0x080002ac   0x080002ac   0x000000a0   Code   RO          247    .text.BSP_LCD_Clear  stm32f429i_discovery_lcd.o
    0x0800034c   0x0800034c   0x00000134   Code   RO          253    .text.BSP_LCD_DisplayChar  stm32f429i_discovery_lcd.o
    0x08000480   0x08000480   0x00000014   Code   RO          285    .text.BSP_LCD_DisplayOn  stm32f429i_discovery_lcd.o
    0x08000494   0x08000494   0x0000001e   Code   RO          243    .text.BSP_LCD_GetFont  stm32f429i_discovery_lcd.o
    0x080004b2   0x080004b2   0x00000002   PAD
    0x080004b4   0x080004b4   0x00000012   Code   RO          201    .text.BSP_LCD_GetXSize  stm32f429i_discovery_lcd.o
    0x080004c6   0x080004c6   0x00000002   PAD
    0x080004c8   0x080004c8   0x000000ba   Code   RO          195    .text.BSP_LCD_Init  stm32f429i_discovery_lcd.o
    0x08000582   0x08000582   0x00000002   PAD
    0x08000584   0x08000584   0x00000096   Code   RO          205    .text.BSP_LCD_LayerDefaultInit  stm32f429i_discovery_lcd.o
    0x0800061a   0x0800061a   0x00000002   PAD
    0x0800061c   0x0800061c   0x00000144   Code   RO          197    .text.BSP_LCD_MspInit  stm32f429i_discovery_lcd.o
    0x08000760   0x08000760   0x0000000c   Code   RO          207    .text.BSP_LCD_SelectLayer  stm32f429i_discovery_lcd.o
    0x0800076c   0x0800076c   0x0000001e   Code   RO          199    .text.BSP_LCD_SetFont  stm32f429i_discovery_lcd.o
    0x0800078a   0x0800078a   0x00000002   PAD
    0x0800078c   0x0800078c   0x0000002a   Code   RO          209    .text.BSP_LCD_SetLayerVisible  stm32f429i_discovery_lcd.o
    0x080007b6   0x080007b6   0x00000002   PAD
    0x080007b8   0x080007b8   0x00000020   Code   RO          133    .text.BSP_LED_On    stm32f429i_discovery.o
    0x080007d8   0x080007d8   0x00000088   Code   RO          139    .text.BSP_PB_Init   stm32f429i_discovery.o
    0x08000860   0x08000860   0x00000106   Code   RO          313    .text.BSP_SDRAM_Init  stm32f429i_discovery_sdram.o
    0x08000966   0x08000966   0x00000002   PAD
    0x08000968   0x08000968   0x0000018c   Code   RO          315    .text.BSP_SDRAM_MspInit  stm32f429i_discovery_sdram.o
    0x08000af4   0x08000af4   0x00000002   Code   RO           61    .text.BusFault_Handler  stm32f4xx_it.o
    0x08000af6   0x08000af6   0x00000002   PAD
    0x08000af8   0x08000af8   0x00000002   Code   RO           67    .text.DebugMon_Handler  stm32f4xx_it.o
    0x08000afa   0x08000afa   0x00000002   PAD
    0x08000afc   0x08000afc   0x00000006   Code   RO           73    .text.EXTI0_IRQHandler  stm32f4xx_it.o
    0x08000b02   0x08000b02   0x00000002   PAD
    0x08000b04   0x08000b04   0x00000030   Code   RO           75    .text.EXTI1_IRQHandler  stm32f4xx_it.o
    0x08000b34   0x08000b34   0x00000030   Code   RO           77    .text.EXTI2_IRQHandler  stm32f4xx_it.o
    0x08000b64   0x08000b64   0x00000030   Code   RO           79    .text.EXTI3_IRQHandler  stm32f4xx_it.o
    0x08000b94   0x08000b94   0x00000086   Code   RO         1600    .text.FMC_SDRAM_Init  stm32f4xx_ll_fmc.o
    0x08000c1a   0x08000c1a   0x00000002   PAD
    0x08000c1c   0x08000c1c   0x0000000e   Code   RO         1612    .text.FMC_SDRAM_ProgramRefreshRate  stm32f4xx_ll_fmc.o
    0x08000c2a   0x08000c2a   0x00000002   PAD
    0x08000c2c   0x08000c2c   0x00000060   Code   RO         1610    .text.FMC_SDRAM_SendCommand  stm32f4xx_ll_fmc.o
    0x08000c8c   0x08000c8c   0x000000de   Code   RO         1602    .text.FMC_SDRAM_Timing_Init  stm32f4xx_ll_fmc.o
    0x08000d6a   0x08000d6a   0x00000002   PAD
    0x08000d6c   0x08000d6c   0x0000009e   Code   RO          581    .text.HAL_DMA2D_ConfigLayer  stm32f4xx_hal_dma2d.o
    0x08000e0a   0x08000e0a   0x00000002   PAD
    0x08000e0c   0x08000e0c   0x00000056   Code   RO          535    .text.HAL_DMA2D_Init  stm32f4xx_hal_dma2d.o
    0x08000e62   0x08000e62   0x00000002   PAD
    0x08000e64   0x08000e64   0x00000002   Code   RO          537    .text.HAL_DMA2D_MspInit  stm32f4xx_hal_dma2d.o
    0x08000e66   0x08000e66   0x00000002   PAD
    0x08000e68   0x08000e68   0x00000134   Code   RO          573    .text.HAL_DMA2D_PollForTransfer  stm32f4xx_hal_dma2d.o
    0x08000f9c   0x08000f9c   0x000000ce   Code   RO          547    .text.HAL_DMA2D_Start  stm32f4xx_hal_dma2d.o
    0x0800106a   0x0800106a   0x00000002   PAD
    0x0800106c   0x0800106c   0x0000008a   Code   RO          490    .text.HAL_DMA_DeInit  stm32f4xx_hal_dma.o
    0x080010f6   0x080010f6   0x00000002   PAD
    0x080010f8   0x080010f8   0x0000013e   Code   RO          488    .text.HAL_DMA_Init  stm32f4xx_hal_dma.o
    0x08001236   0x08001236   0x00000002   PAD
    0x08001238   0x08001238   0x00000028   Code   RO          393    .text.HAL_Delay     stm32f4xx_hal.o
    0x08001260   0x08001260   0x00000236   Code   RO           22    .text.HAL_GPIO_EXTI_Callback  main.o
    0x08001496   0x08001496   0x00000002   PAD
    0x08001498   0x08001498   0x00000016   Code   RO          706    .text.HAL_GPIO_EXTI_IRQHandler  stm32f4xx_hal_gpio.o
    0x080014ae   0x080014ae   0x00000002   PAD
    0x080014b0   0x080014b0   0x0000019c   Code   RO          694    .text.HAL_GPIO_Init  stm32f4xx_hal_gpio.o
    0x0800164c   0x0800164c   0x0000000a   Code   RO          698    .text.HAL_GPIO_ReadPin  stm32f4xx_hal_gpio.o
    0x08001656   0x08001656   0x00000002   PAD
    0x08001658   0x08001658   0x0000000a   Code   RO          700    .text.HAL_GPIO_WritePin  stm32f4xx_hal_gpio.o
    0x08001662   0x08001662   0x00000002   PAD
    0x08001664   0x08001664   0x0000000c   Code   RO          385    .text.HAL_GetTick   stm32f4xx_hal.o
    0x08001670   0x08001670   0x0000001a   Code   RO          383    .text.HAL_IncTick   stm32f4xx_hal.o
    0x0800168a   0x0800168a   0x00000002   PAD
    0x0800168c   0x0800168c   0x00000036   Code   RO          373    .text.HAL_Init      stm32f4xx_hal.o
    0x080016c2   0x080016c2   0x00000002   PAD
    0x080016c4   0x080016c4   0x00000050   Code   RO          375    .text.HAL_InitTick  stm32f4xx_hal.o
    0x08001714   0x08001714   0x00000076   Code   RO          880    .text.HAL_LTDC_ConfigLayer  stm32f4xx_hal_ltdc.o
    0x0800178a   0x0800178a   0x00000002   PAD
    0x0800178c   0x0800178c   0x00000030   Code   RO          896    .text.HAL_LTDC_EnableDither  stm32f4xx_hal_ltdc.o
    0x080017bc   0x080017bc   0x000000e4   Code   RO          864    .text.HAL_LTDC_Init  stm32f4xx_hal_ltdc.o
    0x080018a0   0x080018a0   0x00000002   Code   RO          866    .text.HAL_LTDC_MspInit  stm32f4xx_hal_ltdc.o
    0x080018a2   0x080018a2   0x00000002   PAD
    0x080018a4   0x080018a4   0x00000002   Code   RO          377    .text.HAL_MspInit   stm32f4xx_hal.o
    0x080018a6   0x080018a6   0x00000002   PAD
    0x080018a8   0x080018a8   0x00000020   Code   RO          446    .text.HAL_NVIC_EnableIRQ  stm32f4xx_hal_cortex.o
    0x080018c8   0x080018c8   0x00000056   Code   RO          444    .text.HAL_NVIC_SetPriority  stm32f4xx_hal_cortex.o
    0x0800191e   0x0800191e   0x00000002   PAD
    0x08001920   0x08001920   0x00000020   Code   RO          442    .text.HAL_NVIC_SetPriorityGrouping  stm32f4xx_hal_cortex.o
    0x08001940   0x08001940   0x0000007a   Code   RO         1007    .text.HAL_PWREx_EnableOverDrive  stm32f4xx_hal_pwr_ex.o
    0x080019ba   0x080019ba   0x00000002   PAD
    0x080019bc   0x080019bc   0x00000246   Code   RO         1057    .text.HAL_RCCEx_PeriphCLKConfig  stm32f4xx_hal_rcc_ex.o
    0x08001c02   0x08001c02   0x00000002   PAD
    0x08001c04   0x08001c04   0x00000160   Code   RO         1025    .text.HAL_RCC_ClockConfig  stm32f4xx_hal_rcc.o
    0x08001d64   0x08001d64   0x0000006a   Code   RO         1027    .text.HAL_RCC_GetSysClockFreq  stm32f4xx_hal_rcc.o
    0x08001dce   0x08001dce   0x00000002   PAD
    0x08001dd0   0x08001dd0   0x00000334   Code   RO         1023    .text.HAL_RCC_OscConfig  stm32f4xx_hal_rcc.o
    0x08002104   0x08002104   0x00000042   Code   RO         1081    .text.HAL_SDRAM_Init  stm32f4xx_hal_sdram.o
    0x08002146   0x08002146   0x00000002   PAD
    0x08002148   0x08002148   0x00000002   Code   RO         1083    .text.HAL_SDRAM_MspInit  stm32f4xx_hal_sdram.o
    0x0800214a   0x0800214a   0x00000002   PAD
    0x0800214c   0x0800214c   0x00000026   Code   RO         1119    .text.HAL_SDRAM_ProgramRefreshRate  stm32f4xx_hal_sdram.o
    0x08002172   0x08002172   0x00000002   PAD
    0x08002174   0x08002174   0x00000032   Code   RO         1117    .text.HAL_SDRAM_SendCommand  stm32f4xx_hal_sdram.o
    0x080021a6   0x080021a6   0x00000002   PAD
    0x080021a8   0x080021a8   0x00000030   Code   RO         1139    .text.HAL_SPI_DeInit  stm32f4xx_hal_spi.o
    0x080021d8   0x080021d8   0x00000006   Code   RO         1235    .text.HAL_SPI_GetState  stm32f4xx_hal_spi.o
    0x080021de   0x080021de   0x00000002   PAD
    0x080021e0   0x080021e0   0x00000088   Code   RO         1135    .text.HAL_SPI_Init  stm32f4xx_hal_spi.o
    0x08002268   0x08002268   0x00000002   Code   RO         1141    .text.HAL_SPI_MspDeInit  stm32f4xx_hal_spi.o
    0x0800226a   0x0800226a   0x00000002   PAD
    0x0800226c   0x0800226c   0x00000002   Code   RO         1137    .text.HAL_SPI_MspInit  stm32f4xx_hal_spi.o
    0x0800226e   0x0800226e   0x00000002   PAD
    0x08002270   0x08002270   0x00000240   Code   RO         1147    .text.HAL_SPI_Receive  stm32f4xx_hal_spi.o
    0x080024b0   0x080024b0   0x0000019e   Code   RO         1143    .text.HAL_SPI_Transmit  stm32f4xx_hal_spi.o
    0x0800264e   0x0800264e   0x00000002   PAD
    0x08002650   0x08002650   0x000002d2   Code   RO         1149    .text.HAL_SPI_TransmitReceive  stm32f4xx_hal_spi.o
    0x08002922   0x08002922   0x00000002   PAD
    0x08002924   0x08002924   0x0000002c   Code   RO          454    .text.HAL_SYSTICK_Config  stm32f4xx_hal_cortex.o
    0x08002950   0x08002950   0x00000002   Code   RO         1552    .text.HAL_TIMEx_BreakCallback  stm32f4xx_hal_tim_ex.o
    0x08002952   0x08002952   0x00000002   PAD
    0x08002954   0x08002954   0x00000002   Code   RO         1548    .text.HAL_TIMEx_CommutCallback  stm32f4xx_hal_tim_ex.o
    0x08002956   0x08002956   0x00000002   PAD
    0x08002958   0x08002958   0x00000036   Code   RO         1261    .text.HAL_TIM_Base_Init  stm32f4xx_hal_tim.o
    0x0800298e   0x0800298e   0x00000002   PAD
    0x08002990   0x08002990   0x00000038   Code   RO           45    .text.HAL_TIM_Base_MspInit  stm32f4xx_hal_msp.o
    0x080029c8   0x080029c8   0x00000020   Code   RO         1275    .text.HAL_TIM_Base_Start_IT  stm32f4xx_hal_tim.o
    0x080029e8   0x080029e8   0x00000002   Code   RO         1397    .text.HAL_TIM_IC_CaptureCallback  stm32f4xx_hal_tim.o
    0x080029ea   0x080029ea   0x00000002   PAD
    0x080029ec   0x080029ec   0x0000016a   Code   RO         1395    .text.HAL_TIM_IRQHandler  stm32f4xx_hal_tim.o
    0x08002b56   0x08002b56   0x00000002   PAD
    0x08002b58   0x08002b58   0x00000002   Code   RO         1399    .text.HAL_TIM_OC_DelayElapsedCallback  stm32f4xx_hal_tim.o
    0x08002b5a   0x08002b5a   0x00000002   PAD
    0x08002b5c   0x08002b5c   0x00000002   Code   RO         1401    .text.HAL_TIM_PWM_PulseFinishedCallback  stm32f4xx_hal_tim.o
    0x08002b5e   0x08002b5e   0x00000002   PAD
    0x08002b60   0x08002b60   0x000000b0   Code   RO           24    .text.HAL_TIM_PeriodElapsedCallback  main.o
    0x08002c10   0x08002c10   0x00000002   Code   RO         1405    .text.HAL_TIM_TriggerCallback  stm32f4xx_hal_tim.o
    0x08002c12   0x08002c12   0x00000002   PAD
    0x08002c14   0x08002c14   0x00000002   Code   RO           57    .text.HardFault_Handler  stm32f4xx_it.o
    0x08002c16   0x08002c16   0x00000002   PAD
    0x08002c18   0x08002c18   0x00000004   Code   RO          153    .text.LCD_Delay     stm32f429i_discovery.o
    0x08002c1c   0x08002c1c   0x00000066   Code   RO           14    .text.LCD_DisplayString  main.o
    0x08002c82   0x08002c82   0x00000002   PAD
    0x08002c84   0x08002c84   0x000000d0   Code   RO          143    .text.LCD_IO_Init   stm32f429i_discovery.o
    0x08002d54   0x08002d54   0x000000a2   Code   RO          151    .text.LCD_IO_ReadData  stm32f429i_discovery.o
    0x08002df6   0x08002df6   0x00000002   PAD
    0x08002df8   0x08002df8   0x00000066   Code   RO          147    .text.LCD_IO_WriteData  stm32f429i_discovery.o
    0x08002e5e   0x08002e5e   0x00000002   PAD
    0x08002e60   0x08002e60   0x00000066   Code   RO          149    .text.LCD_IO_WriteReg  stm32f429i_discovery.o
    0x08002ec6   0x08002ec6   0x00000002   PAD
    0x08002ec8   0x08002ec8   0x00000120   Code   RO          882    .text.LTDC_SetConfig  stm32f4xx_hal_ltdc.o
    0x08002fe8   0x08002fe8   0x00000002   Code   RO           59    .text.MemManage_Handler  stm32f4xx_it.o
    0x08002fea   0x08002fea   0x00000002   PAD
    0x08002fec   0x08002fec   0x00000002   Code   RO           55    .text.NMI_Handler   stm32f4xx_it.o
    0x08002fee   0x08002fee   0x00000002   PAD
    0x08002ff0   0x08002ff0   0x00000002   Code   RO           69    .text.PendSV_Handler  stm32f4xx_it.o
    0x08002ff2   0x08002ff2   0x00000002   PAD
    0x08002ff4   0x08002ff4   0x00000100   Code   RO         1153    .text.SPI_EndRxTransaction  stm32f4xx_hal_spi.o
    0x080030f4   0x080030f4   0x000000c8   Code   RO         1145    .text.SPI_EndRxTxTransaction  stm32f4xx_hal_spi.o
    0x080031bc   0x080031bc   0x000000ac   Code   RO         1151    .text.SPI_WaitFlagStateUntilTimeout  stm32f4xx_hal_spi.o
    0x08003268   0x08003268   0x0000009e   Code   RO          145    .text.SPIx_Init     stm32f429i_discovery.o
    0x08003306   0x08003306   0x00000002   PAD
    0x08003308   0x08003308   0x00000002   Code   RO           65    .text.SVC_Handler   stm32f4xx_it.o
    0x0800330a   0x0800330a   0x00000002   PAD
    0x0800330c   0x0800330c   0x00000004   Code   RO           71    .text.SysTick_Handler  stm32f4xx_it.o
    0x08003310   0x08003310   0x0000001a   Code   RO         1635    .text.SystemInit    system_stm32f4xx.o
    0x0800332a   0x0800332a   0x00000002   PAD
    0x0800332c   0x0800332c   0x0000000c   Code   RO           83    .text.TIM3_IRQHandler  stm32f4xx_it.o
    0x08003338   0x08003338   0x00000124   Code   RO         1265    .text.TIM_Base_SetConfig  stm32f4xx_hal_tim.o
    0x0800345c   0x0800345c   0x00000002   Code   RO           63    .text.UsageFault_Handler  stm32f4xx_it.o
    0x0800345e   0x0800345e   0x00000002   PAD
    0x08003460   0x08003460   0x00000006   Code   RO          353    .text.ili9341_DisplayOff  ili9341.o
    0x08003466   0x08003466   0x00000002   PAD
    0x08003468   0x08003468   0x00000006   Code   RO          351    .text.ili9341_DisplayOn  ili9341.o
    0x0800346e   0x0800346e   0x00000002   PAD
    0x08003470   0x08003470   0x00000006   Code   RO          357    .text.ili9341_GetLcdPixelHeight  ili9341.o
    0x08003476   0x08003476   0x00000002   PAD
    0x08003478   0x08003478   0x00000004   Code   RO          355    .text.ili9341_GetLcdPixelWidth  ili9341.o
    0x0800347c   0x0800347c   0x00000292   Code   RO          347    .text.ili9341_Init  ili9341.o
    0x0800370e   0x0800370e   0x00000002   PAD
    0x08003710   0x08003710   0x00000012   Code   RO          349    .text.ili9341_ReadID  ili9341.o
    0x08003722   0x08003722   0x00000002   PAD
    0x08003724   0x08003724   0x000002f4   Code   RO            2    .text.main          main.o
    0x08003a18   0x08003a18   0x0000000e   Code   RO         1972    i.__scatterload_copy  mc_w.l(handlers.o)
    0x08003a26   0x08003a26   0x00000002   Code   RO         1973    i.__scatterload_null  mc_w.l(handlers.o)
    0x08003a28   0x08003a28   0x0000000e   Code   RO         1974    i.__scatterload_zeroinit  mc_w.l(handlers.o)
    0x08003a36   0x08003a36   0x00000010   Data   RO         1640    .rodata.AHBPrescTable  system_stm32f4xx.o
    0x08003a46   0x08003a46   0x00000ed8   Data   RO          291    .rodata.Font20_Table  stm32f429i_discovery_lcd.o
    0x0800491e   0x0800491e   0x00001ab8   Data   RO          289    .rodata.Font24_Table  stm32f429i_discovery_lcd.o
    0x080063d6   0x080063d6   0x00000004   Data   RO          178    .rodata.GPIO_PIN    stm32f429i_discovery.o
    0x080063da   0x080063da   0x00000002   PAD
    0x080063dc   0x080063dc   0x00000020   Data   RO          944    .rodata.cst32       stm32f4xx_hal_ltdc.o
    0x080063fc   0x080063fc   0x00000008   Data   RO          512    .rodata.cst8        stm32f4xx_hal_dma.o
    0x08006404   0x08006404   0x00000020   Data   RO         1971    Region$$Table       anon$$obj.o


    Execution Region ER_RW (Exec base: 0x20000000, Load base: 0x08006424, Size: 0x00000098, Max: 0xffffffff, ABSOLUTE)

    Exec Addr    Load Addr    Size         Type   Attr      Idx    E Section Name        Object

    0x20000000   0x08006424   0x00000004   Data   RW          179    .data.BUTTON_PORT   stm32f429i_discovery.o
    0x20000004   0x08006428   0x00000008   Data   RW          292    .data.Font20        stm32f429i_discovery_lcd.o
    0x2000000c   0x08006430   0x00000008   Data   RW          290    .data.Font24        stm32f429i_discovery_lcd.o
    0x20000014   0x08006438   0x00000008   Data   RW          177    .data.GPIO_PORT     stm32f429i_discovery.o
    0x2000001c   0x08006440   0x00000004   Data   RW          183    .data.SpixTimeout   stm32f429i_discovery.o
    0x20000020   0x08006444   0x00000004   Data   RW         1639    .data.SystemCoreClock  system_stm32f4xx.o
    0x20000024   0x08006448   0x00000010   Data   RW           32    .data.full_step     main.o
    0x20000034   0x08006458   0x00000020   Data   RW           33    .data.half_step     main.o
    0x20000054   0x08006478   0x00000038   Data   RW          365    .data.ili9341_drv   ili9341.o
    0x2000008c   0x080064b0   0x00000004   Data   RW           34    .data.light         main.o
    0x20000090   0x080064b4   0x00000001   Data   RW          432    .data.uwTickFreq    stm32f4xx_hal.o
    0x20000091   0x080064b5   0x00000003   PAD
    0x20000094   0x080064b8   0x00000004   Data   RW          431    .data.uwTickPrio    stm32f4xx_hal.o


    Execution Region ER_ZI (Exec base: 0x20000098, Load base: 0x080064bc, Size: 0x000006b0, Max: 0xffffffff, ABSOLUTE)

    Exec Addr    Load Addr    Size         Type   Attr      Idx    E Section Name        Object

    0x20000098        -       0x00000004   Zero   RW          303    .bss.ActiveLayer    stm32f429i_discovery_lcd.o
    0x2000009c        -       0x00000001   Zero   RW          333    .bss.BSP_SDRAM_Init.sdramstatus  stm32f429i_discovery_sdram.o
    0x2000009d   0x080064bc   0x00000003   PAD
    0x200000a0        -       0x00000060   Zero   RW          337    .bss.BSP_SDRAM_MspInit.dmaHandle  stm32f429i_discovery_sdram.o
    0x20000100        -       0x00000010   Zero   RW          336    .bss.Command        stm32f429i_discovery_sdram.o
    0x20000110        -       0x00000040   Zero   RW          304    .bss.Dma2dHandler   stm32f429i_discovery_lcd.o
    0x20000150        -       0x00000018   Zero   RW          302    .bss.DrawProp       stm32f429i_discovery_lcd.o
    0x20000168        -       0x00000001   Zero   RW          184    .bss.Is_LCD_IO_Initialized  stm32f429i_discovery.o
    0x20000169   0x080064bc   0x00000003   PAD
    0x2000016c        -       0x00000004   Zero   RW          301    .bss.LcdDrv         stm32f429i_discovery_lcd.o
    0x20000170        -       0x000000a8   Zero   RW          299    .bss.LtdcHandler    stm32f429i_discovery_lcd.o
    0x20000218        -       0x00000030   Zero   RW          300    .bss.PeriphClkInitStruct  stm32f429i_discovery_lcd.o
    0x20000248        -       0x00000034   Zero   RW          334    .bss.SdramHandle    stm32f429i_discovery_sdram.o
    0x2000027c        -       0x00000058   Zero   RW          186    .bss.SpiHandle      stm32f429i_discovery.o
    0x200002d4        -       0x00000040   Zero   RW           31    .bss.Tim3_Handle    main.o
    0x20000314        -       0x00000002   Zero   RW           26    .bss.Tim3_OCR       main.o
    0x20000316        -       0x00000002   Zero   RW           30    .bss.Tim3_PrescalerValue  main.o
    0x20000318        -       0x0000001c   Zero   RW          335    .bss.Timing         stm32f429i_discovery_sdram.o
    0x20000334        -       0x00000004   Zero   RW           27    .bss.cw_state       main.o
    0x20000338        -       0x00000004   Zero   RW           29    .bss.cycle          main.o
    0x2000033c        -       0x00000004   Zero   RW           28    .bss.step_state     main.o
    0x20000340        -       0x00000004   Zero   RW          433    .bss.uwTick         stm32f4xx_hal.o
    0x20000344   0x080064bc   0x00000004   PAD
    0x20000348        -       0x00000400   Zero   RW         1625    STACK               startup_stm32f429xx.o


==============================================================================

Image component sizes


      Code (inc. data)   RO Data    RW Data    ZI Data      Debug   Object Name

       698          0          0         56          0       5481   ili9341.o
      1600         60          0         52         80      12593   main.o
        36          8        428          0       1024        872   startup_stm32f429xx.o
       904          0          4         16         89      17281   stm32f429i_discovery.o
      1280          0      10640         16        312      42214   stm32f429i_discovery_lcd.o
       658          0          0          0        193      10158   stm32f429i_discovery_sdram.o
       214          0          0          5          4       7711   stm32f4xx_hal.o
       194          0          0          0          0      10694   stm32f4xx_hal_cortex.o
       456          4          8          0          0       9768   stm32f4xx_hal_dma.o
       760          4          0          0          0      17448   stm32f4xx_hal_dma2d.o
       454          0          0          0          0       5090   stm32f4xx_hal_gpio.o
       684          0         32          0          0      14951   stm32f4xx_hal_ltdc.o
        56          0          0          0          0       6185   stm32f4xx_hal_msp.o
       122          0          0          0          0       4605   stm32f4xx_hal_pwr_ex.o
      1278          0          0          0          0       7370   stm32f4xx_hal_rcc.o
       582          0          0          0          0       5636   stm32f4xx_hal_rcc_ex.o
       156          0          0          0          0      10195   stm32f4xx_hal_sdram.o
      2534          0          0          0          0      24091   stm32f4xx_hal_spi.o
       748          0          0          0          0      47429   stm32f4xx_hal_tim.o
         4          0          0          0          0      16740   stm32f4xx_hal_tim_ex.o
       184          0          0          0          0       5099   stm32f4xx_it.o
       466          0          0          0          0      12150   stm32f4xx_ll_fmc.o
        26          0         16          4          0       2750   system_stm32f4xx.o

    ----------------------------------------------------------------------
     14228         76      11162        152       1712     296511   Object Totals
         0          0         32          0          0          0   (incl. Generated)
       134          0          2          3         10          0   (incl. Padding)

    ----------------------------------------------------------------------

      Code (inc. data)   RO Data    RW Data    ZI Data      Debug   Library Member Name

         0          0          0          0          0          0   entry.o
         0          0          0          0          0          0   entry10a.o
         0          0          0          0          0          0   entry11a.o
         8          4          0          0          0          0   entry2.o
         4          0          0          0          0          0   entry5.o
         0          0          0          0          0          0   entry7b.o
         0          0          0          0          0          0   entry8b.o
         8          4          0          0          0          0   entry9a.o
        30          0          0          0          0          0   handlers.o
        36          8          0          0          0         68   init.o
        30          0          0          0          0         68   llshl.o
        32          0          0          0          0         68   llushr.o
        98          0          0          0          0         92   uldiv.o

    ----------------------------------------------------------------------
       246         16          0          0          0        296   Library Totals
         0          0          0          0          0          0   (incl. Padding)

    ----------------------------------------------------------------------

      Code (inc. data)   RO Data    RW Data    ZI Data      Debug   Library Name

       246         16          0          0          0        296   mc_w.l

    ----------------------------------------------------------------------
       246         16          0          0          0        296   Library Totals

    ----------------------------------------------------------------------

==============================================================================


      Code (inc. data)   RO Data    RW Data    ZI Data      Debug   

     14474         92      11162        152       1712     296539   Grand Totals
     14474         92      11162        152       1712     296539   ELF Image Totals
     14474         92      11162        152          0          0   ROM Totals

==============================================================================

    Total RO  Size (Code + RO Data)                25636 (  25.04kB)
    Total RW  Size (RW Data + ZI Data)              1864 (   1.82kB)
    Total ROM Size (Code + RO Data + RW Data)      25788 (  25.18kB)

==============================================================================

